2026-08-12 14:02:01 [] [] [] DEBUG - Running with Spring Boot v4.1.0, Spring v7.0.8
2026-08-12 14:02:03 [] [] [] DEBUG - Filter 'requestLoggingFilter' configured for use
2026-08-12 14:02:03 [] [] [] DEBUG - Filter 'jwtAuthFilter' configured for use
2026-08-12 14:02:11 [2026FC99] [POST /api/telegram/send] [331ms] DEBUG - Calling Provider url: [POST] https://api.telegram.org/bot6881258383%3AAAF3Ebp6PfHi_zsclwX7KawZgu6QjvX7zBQ/sendMessage, Request: {"chat_id":"asdfasdfasdf","text":"Test message"}
2026-08-12 14:02:13 [2026FC99] [POST /api/telegram/send] [2312ms] DEBUG - Response Telegram Message (error): {"ok":false,"error_code":400,"description":"Bad Request: chat not found"}
2026-08-12 14:02:23 [] [] [] DEBUG - Running with Spring Boot v4.1.0, Spring v7.0.8
2026-08-12 14:02:25 [] [] [] DEBUG - Filter 'requestLoggingFilter' configured for use
2026-08-12 14:02:25 [] [] [] DEBUG - Filter 'jwtAuthFilter' configured for use
2026-08-12 14:02:48 [0E30BB68] [POST /api/telegram/send] [356ms] DEBUG - Calling Provider url: [POST] https://api.telegram.org/bot6881258383%3AAAF3Ebp6PfHi_zsclwX7KawZgu6QjvX7zBQ/sendMessage, Request: {"chat_id":"asdfasdfasdf","text":"Test message"}
2026-08-12 14:02:49 [0E30BB68] [POST /api/telegram/send] [1154ms] DEBUG - Response Telegram Message (error): {"ok":false,"error_code":400,"description":"Bad Request: chat not found"}
2026-08-12 14:03:43 [] [] [] DEBUG - Running with Spring Boot v4.1.0, Spring v7.0.8
2026-08-12 14:03:45 [] [] [] DEBUG - Filter 'requestLoggingFilter' configured for use
2026-08-12 14:03:45 [] [] [] DEBUG - Filter 'jwtAuthFilter' configured for use
2026-08-12 14:03:53 [BCE3F57E] [POST /api/telegram/send] [296ms] DEBUG - Request To Provider url: [POST] https://api.telegram.org/bot6881258383%3AAAF3Ebp6PfHi_zsclwX7KawZgu6QjvX7zBQ/sendMessage, Request: {"chat_id":"asdfasdfasdf","text":"Test message"}
2026-08-12 14:03:54 [BCE3F57E] [POST /api/telegram/send] [1248ms] DEBUG - Response Telegram Message (error): {"ok":false,"error_code":400,"description":"Bad Request: chat not found"}
2026-08-12 14:05:00 [] [] [] DEBUG - Running with Spring Boot v4.1.0, Spring v7.0.8
2026-08-12 14:05:02 [] [] [] DEBUG - Filter 'requestLoggingFilter' configured for use
2026-08-12 14:05:02 [] [] [] DEBUG - Filter 'jwtAuthFilter' configured for use
2026-08-12 14:05:35 [] [] [] DEBUG - Running with Spring Boot v4.1.0, Spring v7.0.8
2026-08-12 14:05:38 [] [] [] DEBUG - Filter 'requestLoggingFilter' configured for use
2026-08-12 14:05:38 [] [] [] DEBUG - Filter 'jwtAuthFilter' configured for use
2026-08-12 14:06:01 [B1ED05C7] [POST /api/telegram/send] [335ms] DEBUG - Request To Provider url: [POST] https://api.telegram.org/bot6881258383%3AAAF3Ebp6PfHi_zsclwX7KawZgu6QjvX7zBQ/sendMessage, Request: {"chat_id":"asdfasdfasdf","text":"Test message"}
2026-08-12 14:06:02 [B1ED05C7] [POST /api/telegram/send] [1193ms] DEBUG - Response Telegram Message: {"ok":false,"error_code":400,"description":"Bad Request: chat not found"}
2026-08-12 14:06:52 [AC15D0E1] [POST /api/telegram/send] [44ms] DEBUG - Request To Provider url: [POST] https://api.telegram.org/bot6881258383%3AAAF3Ebp6PfHi_zsclwX7KawZgu6QjvX7zBQ/sendMessage, Request: {"chat_id":"836689434","text":"Test message"}
2026-08-12 14:06:53 [AC15D0E1] [POST /api/telegram/send] [1386ms] DEBUG - Response Telegram Message : {"ok":true,"result":{"message_id":539,"date":1786518413,"chat":{"id":836689434,"type":"private","title":null},"text":"Test message"},"error_code":null,"description":null}
2026-08-12 14:07:09 [8AD50433] [POST /api/telegram/send] [14ms] DEBUG - Request To Provider url: [POST] https://api.telegram.org/bot6881258383%3AAAF3Ebp6PfHi_zsclwX7KawZgu6QjvX7zBQ/sendMessage, Request: {"chat_id":"836689434","text":"Testing Testing"}
2026-08-12 14:07:10 [8AD50433] [POST /api/telegram/send] [986ms] DEBUG - Response Telegram Message : {"ok":true,"result":{"message_id":540,"date":1786518430,"chat":{"id":836689434,"type":"private","title":null},"text":"Testing Testing"},"error_code":null,"description":null}
2026-08-12 14:11:18 [] [] [] DEBUG - Running with Spring Boot v4.1.0, Spring v7.0.8
2026-08-12 14:11:20 [] [] [] DEBUG - Filter 'requestLoggingFilter' configured for use
2026-08-12 14:11:20 [] [] [] DEBUG - Filter 'jwtAuthFilter' configured for use
2026-08-12 14:14:57 [] [] [] DEBUG - Running with Spring Boot v4.1.0, Spring v7.0.8
2026-08-12 14:14:59 [] [] [] DEBUG - Filter 'requestLoggingFilter' configured for use
2026-08-12 14:14:59 [] [] [] DEBUG - Filter 'jwtAuthFilter' configured for use
2026-08-12 14:17:58 [] [] [] DEBUG - Running with Spring Boot v4.1.0, Spring v7.0.8
2026-08-12 14:18:01 [] [] [] DEBUG - Filter 'requestLoggingFilter' configured for use
2026-08-12 14:18:01 [] [] [] DEBUG - Filter 'jwtAuthFilter' configured for use
2026-08-12 14:18:42 [] [] [] DEBUG - Running with Spring Boot v4.1.0, Spring v7.0.8
2026-08-12 14:18:44 [] [] [] DEBUG - Filter 'requestLoggingFilter' configured for use
2026-08-12 14:18:44 [] [] [] DEBUG - Filter 'jwtAuthFilter' configured for use
2026-08-12 14:26:31 [] [] [] DEBUG - Running with Spring Boot v4.1.0, Spring v7.0.8
2026-08-12 14:26:34 [] [] [] DEBUG - Filter 'requestLoggingFilter' configured for use
2026-08-12 14:26:34 [] [] [] DEBUG - Filter 'jwtAuthFilter' configured for use
2026-08-12 14:27:14 [] [] [] DEBUG - Running with Spring Boot v4.1.0, Spring v7.0.8
2026-08-12 14:27:16 [] [] [] DEBUG - Filter 'requestLoggingFilter' configured for use
2026-08-12 14:27:16 [] [] [] DEBUG - Filter 'jwtAuthFilter' configured for use
2026-08-12 14:37:46 [] [] [] DEBUG - Running with Spring Boot v4.1.0, Spring v7.0.8
2026-08-12 14:37:48 [] [] [] DEBUG - Filter 'requestLoggingFilter' configured for use
2026-08-12 14:37:48 [] [] [] DEBUG - Filter 'jwtAuthFilter' configured for use
2026-08-12 14:42:33 [] [] [] DEBUG - Running with Spring Boot v4.1.0, Spring v7.0.8
2026-08-12 14:42:35 [] [] [] DEBUG - Filter 'requestLoggingFilter' configured for use
2026-08-12 14:42:35 [] [] [] DEBUG - Filter 'jwtAuthFilter' configured for use
