2026-08-10 14:20:41 [] DEBUG c.e.s.StudentManagementApplication - Running with Spring Boot v4.1.0, Spring v7.0.8
2026-08-10 14:20:44 [] DEBUG c.e.s.Logger.RequestLoggingFilter - Filter 'requestLoggingFilter' configured for use
2026-08-10 14:20:44 [] DEBUG c.e.s.Security.JwtAuthFilter - Filter 'jwtAuthFilter' configured for use
2026-08-10 14:20:51 [7B3E3FDF] DEBUG c.e.s.S.JsonPlaceholderServiceService - Calling Provider to create users: com.example.studentsmanagement.Model.Request.JsonPlaceholderRequest@48c215f7
2026-08-10 14:20:53 [7B3E3FDF] DEBUG c.e.s.S.JsonPlaceholderServiceService - Provider response: JsonPlaceholderResponse[id=11, name=John Doe1, username=johndoe1, email=john.doe1@example.com, address=null, phone=null, website=null, company=null]
2026-08-10 14:25:29 [] DEBUG - Running with Spring Boot v4.1.0, Spring v7.0.8
2026-08-10 14:25:30 [] DEBUG - Filter 'requestLoggingFilter' configured for use
2026-08-10 14:25:30 [] DEBUG - Filter 'jwtAuthFilter' configured for use
2026-08-10 14:25:38 [87C90372] DEBUG - Calling Provider to create users: com.example.studentsmanagement.Model.Request.JsonPlaceholderRequest@8c32c68
2026-08-10 14:25:40 [87C90372] DEBUG - Provider response: JsonPlaceholderResponse[id=11, name=John Doe1, username=johndoe1, email=john.doe1@example.com, address=null, phone=null, website=null, company=null]
2026-08-10 14:26:52 [] DEBUG - Running with Spring Boot v4.1.0, Spring v7.0.8
2026-08-10 14:26:53 [] DEBUG - Filter 'requestLoggingFilter' configured for use
2026-08-10 14:26:53 [] DEBUG - Filter 'jwtAuthFilter' configured for use
2026-08-10 14:26:59 [A8E6DC1D] DEBUG - Calling Provider to create users: com.example.studentsmanagement.Model.Request.JsonPlaceholderRequest@37f660b0
2026-08-10 14:26:59 [A8E6DC1D] DEBUG - Provider response: JsonPlaceholderResponse[id=11, name=John Doe1, username=johndoe1, email=john.doe1@example.com, address=null, phone=null, website=null, company=null]
2026-08-10 14:29:45 [] DEBUG - Running with Spring Boot v4.1.0, Spring v7.0.8
2026-08-10 14:29:47 [] DEBUG - Filter 'requestLoggingFilter' configured for use
2026-08-10 14:29:47 [] DEBUG - Filter 'jwtAuthFilter' configured for use
2026-08-10 14:29:58 [939DE96A] DEBUG - Calling Provider to create users: com.example.studentsmanagement.Model.Request.JsonPlaceholderRequest@3600efd4
2026-08-10 14:29:59 [939DE96A] DEBUG - Provider response: JsonPlaceholderResponse[id=11, name=John Doe1, username=johndoe1, email=john.doe1@example.com, address=null, phone=null, website=null, company=null]
2026-08-10 14:31:31 [] DEBUG - Running with Spring Boot v4.1.0, Spring v7.0.8
2026-08-10 14:31:34 [] DEBUG - Filter 'requestLoggingFilter' configured for use
2026-08-10 14:31:34 [] DEBUG - Filter 'jwtAuthFilter' configured for use
2026-08-10 14:31:38 [2EC32407] DEBUG - Calling Provider to create users: {"email":"john.doe1@example.com","name":"John Doe1","username":"johndoe1"}
2026-08-10 14:31:40 [2EC32407] DEBUG - Provider response: JsonPlaceholderResponse[id=11, name=John Doe1, username=johndoe1, email=john.doe1@example.com, address=null, phone=null, website=null, company=null]
2026-08-10 14:32:13 [] DEBUG - Running with Spring Boot v4.1.0, Spring v7.0.8
2026-08-10 14:32:15 [] DEBUG - Filter 'requestLoggingFilter' configured for use
2026-08-10 14:32:15 [] DEBUG - Filter 'jwtAuthFilter' configured for use
2026-08-10 14:32:18 [320A0B96] DEBUG - Calling Provider to create users: {"email":"john.doe1@example.com","name":"John Doe1","username":"johndoe1"}
2026-08-10 14:32:19 [320A0B96] DEBUG - Provider response: {"id":11,"name":"John Doe1","username":"johndoe1","email":"john.doe1@example.com","address":null,"phone":null,"website":null,"company":null}
2026-08-10 14:35:22 [] [] DEBUG - Running with Spring Boot v4.1.0, Spring v7.0.8
2026-08-10 14:35:24 [] [] DEBUG - Filter 'requestLoggingFilter' configured for use
2026-08-10 14:35:24 [] [] DEBUG - Filter 'jwtAuthFilter' configured for use
2026-08-10 14:35:37 [8B14815C] [POST /external/users] DEBUG - Calling Provider to create users: {"email":"john.doe1@example.com","name":"John Doe1","username":"johndoe1"}
2026-08-10 14:35:38 [8B14815C] [POST /external/users] DEBUG - Provider response: {"id":11,"name":"John Doe1","username":"johndoe1","email":"john.doe1@example.com","address":null,"phone":null,"website":null,"company":null}
2026-08-10 14:49:15 [] [] DEBUG - Running with Spring Boot v4.1.0, Spring v7.0.8
2026-08-10 14:49:17 [] [] DEBUG - Filter 'requestLoggingFilter' configured for use
2026-08-10 14:49:17 [] [] DEBUG - Filter 'jwtAuthFilter' configured for use
2026-08-10 14:49:19 [] [] DEBUG - Running with Spring Boot v4.1.0, Spring v7.0.8
2026-08-10 14:49:21 [] [] DEBUG - Filter 'requestLoggingFilter' configured for use
2026-08-10 14:49:21 [] [] DEBUG - Filter 'jwtAuthFilter' configured for use
2026-08-10 14:50:46 [] [] DEBUG - Running with Spring Boot v4.1.0, Spring v7.0.8
2026-08-10 14:50:48 [] [] DEBUG - Filter 'requestLoggingFilter' configured for use
2026-08-10 14:50:48 [] [] DEBUG - Filter 'jwtAuthFilter' configured for use
2026-08-10 14:51:23 [1795B737] [POST /auth/register] DEBUG - New user saved to DB: com.example.studentsmanagement.Entity.UserInfo@2baedb86
2026-08-10 14:54:14 [] [] DEBUG - Running with Spring Boot v4.1.0, Spring v7.0.8
2026-08-10 14:54:15 [] [] DEBUG - Filter 'requestLoggingFilter' configured for use
2026-08-10 14:54:15 [] [] DEBUG - Filter 'jwtAuthFilter' configured for use
2026-08-10 14:54:25 [75AEAEAB] [POST /auth/register] DEBUG - New user saved to DB: com.example.studentsmanagement.Entity.UserInfo@1082065f
