2026-08-12 08:21:15 [] [] [] INFO  - Starting StudentManagementApplication using Java 26.0.2 with PID 37303 (/Users/ewent/Documents/Programmer/Java (Spring boot)/StudentManagement/StudentManagement/target/classes started by ewent in /Users/ewent/Documents/Programmer/Java (Spring boot)/StudentManagement/StudentManagement)
2026-08-12 08:21:15 [] [] [] INFO  - No active profile set, falling back to 1 default profile: "default"
2026-08-12 08:21:15 [] [] [] INFO  - HV000001: Hibernate Validator 9.1.0.Final
2026-08-12 08:21:16 [] [] [] INFO  - Multiple Spring Data modules found, entering strict repository configuration mode
2026-08-12 08:21:16 [] [] [] INFO  - Bootstrapping Spring Data JPA repositories in DEFAULT mode.
2026-08-12 08:21:16 [] [] [] INFO  - Finished Spring Data repository scanning in 54 ms. Found 2 JPA repository interfaces.
2026-08-12 08:21:16 [] [] [] INFO  - Multiple Spring Data modules found, entering strict repository configuration mode
2026-08-12 08:21:16 [] [] [] INFO  - Bootstrapping Spring Data Redis repositories in DEFAULT mode.
2026-08-12 08:21:16 [] [] [] INFO  - Spring Data Redis - Could not safely identify store assignment for repository candidate interface com.example.studentsmanagement.Repository.StudentRepository; If you want this repository to be a Redis repository, consider annotating your entities with one of these annotations: org.springframework.data.redis.core.RedisHash (preferred), or consider extending one of the following types with your repository: org.springframework.data.keyvalue.repository.KeyValueRepository
2026-08-12 08:21:16 [] [] [] INFO  - Spring Data Redis - Could not safely identify store assignment for repository candidate interface com.example.studentsmanagement.Repository.UserRepository; If you want this repository to be a Redis repository, consider annotating your entities with one of these annotations: org.springframework.data.redis.core.RedisHash (preferred), or consider extending one of the following types with your repository: org.springframework.data.keyvalue.repository.KeyValueRepository
2026-08-12 08:21:16 [] [] [] INFO  - Finished Spring Data repository scanning in 2 ms. Found 0 Redis repository interfaces.
2026-08-12 08:21:16 [] [] [] INFO  - BeanFactory id=ec73950e-fa5b-3cb2-b44f-e857e89d494b
2026-08-12 08:21:16 [] [] [] INFO  - Tomcat initialized with port 8080 (http)
2026-08-12 08:21:16 [] [] [] INFO  - Initializing ProtocolHandler ["http-nio-8080"]
2026-08-12 08:21:16 [] [] [] INFO  - Starting service [Tomcat]
2026-08-12 08:21:16 [] [] [] INFO  - Starting Servlet engine: [Apache Tomcat/11.0.22]
2026-08-12 08:21:16 [] [] [] INFO  - Root WebApplicationContext: initialization completed in 619 ms
2026-08-12 08:21:17 [] [] [] INFO  - HHH008540: Processing PersistenceUnitInfo [name: default]
2026-08-12 08:21:17 [] [] [] INFO  - HHH000001: Hibernate ORM core version 7.4.1.Final
2026-08-12 08:21:17 [] [] [] INFO  - No LoadTimeWeaver setup: ignoring JPA class transformer
2026-08-12 08:21:17 [] [] [] INFO  - HikariPool-1 - Starting...
2026-08-12 08:21:17 [] [] [] INFO  - HikariPool-1 - Added connection ConnectionID:1 ClientConnectionId: 390b00c5-7de4-4fa6-9a31-bd9d840564a6
2026-08-12 08:21:17 [] [] [] INFO  - HikariPool-1 - Start completed.
2026-08-12 08:21:17 [] [] [] INFO  - HHH10001005: Database info:
	Database JDBC URL [jdbc:sqlserver://localhost:1433;connectRetryInterval=10;connectRetryCount=1;maxResultBuffer=-1;sendTemporalDataTypesAsStringForBulkCopy=true;delayLoadingLobs=true;useFmtOnly=false;cacheBulkCopyMetadata=false;useBulkCopyForBatchInsert=false;cancelQueryTimeout=-1;sslProtocol=TLS;calcBigDecimalPrecision=false;useDefaultJaasConfig=false;jaasConfigurationName=SQLJDBCDriver;statementPoolingCacheSize=0;serverPreparedStatementDiscardThreshold=10;enablePrepareOnFirstPreparedStatementCall=false;fips=false;socketTimeout=0;authentication=NotSpecified;authenticationScheme=nativeAuthentication;xopenStates=false;datetimeParameterType=datetime2;sendTimeAsDatetime=true;replication=false;trustStoreType=JKS;trustServerCertificate=true;TransparentNetworkIPResolution=true;iPAddressPreference=IPv4First;serverNameAsACE=false;sendStringParametersAsUnicode=true;selectMethod=direct;responseBuffering=adaptive;queryTimeout=-1;packetSize=8000;multiSubnetFailover=false;loginTimeout=30;lockTimeout=-1;lastUpdateCount=true;useFlexibleCallableStatements=true;useDefaultGSSCredential=false;prepareMethod=prepexec;encrypt=true;disableStatementPooling=true;databaseName=students_management;columnEncryptionSetting=Disabled;applicationName=Microsoft JDBC Driver for SQL Server;applicationIntent=readwrite;]
	Database driver: Microsoft JDBC Driver 12.8 for SQL Server
	Database dialect: SQLServerDialect
	Database version: 16.0
	Default catalog/schema: students_management/dbo
	Autocommit mode: undefined/unknown
	Isolation level: READ_COMMITTED [default READ_COMMITTED]
	JDBC fetch size: 128
	Pool: DataSourceConnectionProvider
	Minimum pool size: undefined/unknown
	Maximum pool size: undefined/unknown
2026-08-12 08:21:18 [] [] [] INFO  - HHH000489: No JTA platform available (set 'hibernate.transaction.jta.platform' to enable JTA platform integration)
2026-08-12 08:21:18 [] [] [] INFO  - Initialized JPA EntityManagerFactory for persistence unit 'default'
2026-08-12 08:21:18 [] [] [] INFO  - Hibernate is in classpath; If applicable, HQL parser will be used.
2026-08-12 08:21:18 [] [] [] INFO  - Global AuthenticationManager configured with UserDetailsService bean with name customUserDetailsService
2026-08-12 08:21:18 [] [] [] INFO  - Starting ProtocolHandler ["http-nio-8080"]
2026-08-12 08:21:18 [] [] [] INFO  - Tomcat started on port 8080 (http) with context path '/'
2026-08-12 08:21:18 [] [] [] INFO  - Started StudentManagementApplication in 3.122 seconds (process running for 3.357)
2026-08-12 08:21:21 [] [] [] INFO  - Initializing Spring DispatcherServlet 'dispatcherServlet'
2026-08-12 08:21:21 [] [] [] INFO  - Initializing Servlet 'dispatcherServlet'
2026-08-12 08:21:21 [] [] [] INFO  - Completed initialization in 1 ms
2026-08-12 08:21:21 [6E355B7D] [GET /external/users] [49ms] INFO  - === Extracted username: freshAdmin7
2026-08-12 08:21:21 [6E355B7D] [GET /external/users] [255ms] INFO  - === Loaded userDetails: {"userInfo":{"id":8,"password":"$2a$10$9Y2El.fRpjCcIkA.WT5W5eXd5XoLmTUAn.8brntWDnWd1LjnqlzWe","role":"Admin","username":"freshAdmin7"},"accountNonExpired":true,"accountNonLocked":true,"authorities":[{"authority":"ROLE_Admin"}],"credentialsNonExpired":true,"enabled":true,"password":"$2a$10$9Y2El.fRpjCcIkA.WT5W5eXd5XoLmTUAn.8brntWDnWd1LjnqlzWe","username":"freshAdmin7"}
2026-08-12 08:21:21 [6E355B7D] [GET /external/users] [256ms] INFO  - === Token valid? true
2026-08-12 08:21:21 [6E355B7D] [GET /external/users] [257ms] INFO  - === Authentication SET in context
2026-08-12 08:21:21 [6E355B7D] [GET /external/users] [465ms] INFO  - Request completed - status=200
2026-08-12 08:23:57 [] [] [] INFO  - Commencing graceful shutdown. Waiting for active requests to complete
2026-08-12 08:23:57 [] [] [] INFO  - Graceful shutdown complete
2026-08-12 08:23:57 [] [] [] INFO  - Closing JPA EntityManagerFactory for persistence unit 'default'
2026-08-12 08:23:57 [] [] [] INFO  - HikariPool-1 - Shutdown initiated...
2026-08-12 08:23:57 [] [] [] INFO  - HikariPool-1 - Shutdown completed.
2026-08-12 08:24:01 [] [] [] INFO  - Starting StudentManagementApplication using Java 26.0.2 with PID 37443 (/Users/ewent/Documents/Programmer/Java (Spring boot)/StudentManagement/StudentManagement/target/classes started by ewent in /Users/ewent/Documents/Programmer/Java (Spring boot)/StudentManagement/StudentManagement)
2026-08-12 08:24:01 [] [] [] INFO  - No active profile set, falling back to 1 default profile: "default"
2026-08-12 08:24:01 [] [] [] INFO  - HV000001: Hibernate Validator 9.1.0.Final
2026-08-12 08:24:01 [] [] [] INFO  - Multiple Spring Data modules found, entering strict repository configuration mode
2026-08-12 08:24:01 [] [] [] INFO  - Bootstrapping Spring Data JPA repositories in DEFAULT mode.
2026-08-12 08:24:01 [] [] [] INFO  - Finished Spring Data repository scanning in 65 ms. Found 2 JPA repository interfaces.
2026-08-12 08:24:01 [] [] [] INFO  - Multiple Spring Data modules found, entering strict repository configuration mode
2026-08-12 08:24:01 [] [] [] INFO  - Bootstrapping Spring Data Redis repositories in DEFAULT mode.
2026-08-12 08:24:01 [] [] [] INFO  - Spring Data Redis - Could not safely identify store assignment for repository candidate interface com.example.studentsmanagement.Repository.StudentRepository; If you want this repository to be a Redis repository, consider annotating your entities with one of these annotations: org.springframework.data.redis.core.RedisHash (preferred), or consider extending one of the following types with your repository: org.springframework.data.keyvalue.repository.KeyValueRepository
2026-08-12 08:24:01 [] [] [] INFO  - Spring Data Redis - Could not safely identify store assignment for repository candidate interface com.example.studentsmanagement.Repository.UserRepository; If you want this repository to be a Redis repository, consider annotating your entities with one of these annotations: org.springframework.data.redis.core.RedisHash (preferred), or consider extending one of the following types with your repository: org.springframework.data.keyvalue.repository.KeyValueRepository
2026-08-12 08:24:01 [] [] [] INFO  - Finished Spring Data repository scanning in 3 ms. Found 0 Redis repository interfaces.
2026-08-12 08:24:01 [] [] [] INFO  - BeanFactory id=ec73950e-fa5b-3cb2-b44f-e857e89d494b
2026-08-12 08:24:02 [] [] [] INFO  - Tomcat initialized with port 8080 (http)
2026-08-12 08:24:02 [] [] [] INFO  - Initializing ProtocolHandler ["http-nio-8080"]
2026-08-12 08:24:02 [] [] [] INFO  - Starting service [Tomcat]
2026-08-12 08:24:02 [] [] [] INFO  - Starting Servlet engine: [Apache Tomcat/11.0.22]
2026-08-12 08:24:02 [] [] [] INFO  - Root WebApplicationContext: initialization completed in 784 ms
2026-08-12 08:24:02 [] [] [] INFO  - HHH008540: Processing PersistenceUnitInfo [name: default]
2026-08-12 08:24:02 [] [] [] INFO  - HHH000001: Hibernate ORM core version 7.4.1.Final
2026-08-12 08:24:02 [] [] [] INFO  - No LoadTimeWeaver setup: ignoring JPA class transformer
2026-08-12 08:24:02 [] [] [] INFO  - HikariPool-1 - Starting...
2026-08-12 08:24:02 [] [] [] INFO  - HikariPool-1 - Added connection ConnectionID:1 ClientConnectionId: cca8bbde-9f53-42ba-963b-89292964f2ca
2026-08-12 08:24:02 [] [] [] INFO  - HikariPool-1 - Start completed.
2026-08-12 08:24:02 [] [] [] INFO  - HHH10001005: Database info:
	Database JDBC URL [jdbc:sqlserver://localhost:1433;connectRetryInterval=10;connectRetryCount=1;maxResultBuffer=-1;sendTemporalDataTypesAsStringForBulkCopy=true;delayLoadingLobs=true;useFmtOnly=false;cacheBulkCopyMetadata=false;useBulkCopyForBatchInsert=false;cancelQueryTimeout=-1;sslProtocol=TLS;calcBigDecimalPrecision=false;useDefaultJaasConfig=false;jaasConfigurationName=SQLJDBCDriver;statementPoolingCacheSize=0;serverPreparedStatementDiscardThreshold=10;enablePrepareOnFirstPreparedStatementCall=false;fips=false;socketTimeout=0;authentication=NotSpecified;authenticationScheme=nativeAuthentication;xopenStates=false;datetimeParameterType=datetime2;sendTimeAsDatetime=true;replication=false;trustStoreType=JKS;trustServerCertificate=true;TransparentNetworkIPResolution=true;iPAddressPreference=IPv4First;serverNameAsACE=false;sendStringParametersAsUnicode=true;selectMethod=direct;responseBuffering=adaptive;queryTimeout=-1;packetSize=8000;multiSubnetFailover=false;loginTimeout=30;lockTimeout=-1;lastUpdateCount=true;useFlexibleCallableStatements=true;useDefaultGSSCredential=false;prepareMethod=prepexec;encrypt=true;disableStatementPooling=true;databaseName=students_management;columnEncryptionSetting=Disabled;applicationName=Microsoft JDBC Driver for SQL Server;applicationIntent=readwrite;]
	Database driver: Microsoft JDBC Driver 12.8 for SQL Server
	Database dialect: SQLServerDialect
	Database version: 16.0
	Default catalog/schema: students_management/dbo
	Autocommit mode: undefined/unknown
	Isolation level: READ_COMMITTED [default READ_COMMITTED]
	JDBC fetch size: 128
	Pool: DataSourceConnectionProvider
	Minimum pool size: undefined/unknown
	Maximum pool size: undefined/unknown
2026-08-12 08:24:03 [] [] [] INFO  - HHH000489: No JTA platform available (set 'hibernate.transaction.jta.platform' to enable JTA platform integration)
2026-08-12 08:24:03 [] [] [] INFO  - Initialized JPA EntityManagerFactory for persistence unit 'default'
2026-08-12 08:24:03 [] [] [] INFO  - Hibernate is in classpath; If applicable, HQL parser will be used.
2026-08-12 08:24:03 [] [] [] INFO  - Global AuthenticationManager configured with UserDetailsService bean with name customUserDetailsService
2026-08-12 08:24:04 [] [] [] INFO  - Starting ProtocolHandler ["http-nio-8080"]
2026-08-12 08:24:04 [] [] [] INFO  - Tomcat started on port 8080 (http) with context path '/'
2026-08-12 08:24:04 [] [] [] INFO  - Started StudentManagementApplication in 3.333 seconds (process running for 4.123)
2026-08-12 08:24:04 [] [] [] INFO  - Initializing Spring DispatcherServlet 'dispatcherServlet'
2026-08-12 08:24:04 [] [] [] INFO  - Initializing Servlet 'dispatcherServlet'
2026-08-12 08:24:04 [] [] [] INFO  - Completed initialization in 1 ms
2026-08-12 08:24:04 [16892D34] [GET /external/users] [38ms] INFO  - === Extracted username: freshAdmin7
2026-08-12 08:24:04 [16892D34] [GET /external/users] [233ms] INFO  - === Loaded userDetails: {"userInfo":{"id":8,"password":"$2a$10$9Y2El.fRpjCcIkA.WT5W5eXd5XoLmTUAn.8brntWDnWd1LjnqlzWe","role":"Admin","username":"freshAdmin7"},"accountNonExpired":true,"accountNonLocked":true,"authorities":[{"authority":"ROLE_Admin"}],"credentialsNonExpired":true,"enabled":true,"password":"$2a$10$9Y2El.fRpjCcIkA.WT5W5eXd5XoLmTUAn.8brntWDnWd1LjnqlzWe","username":"freshAdmin7"}
2026-08-12 08:24:04 [16892D34] [GET /external/users] [234ms] INFO  - === Token valid? true
2026-08-12 08:24:04 [16892D34] [GET /external/users] [234ms] INFO  - === Authentication SET in context
2026-08-12 08:24:04 [16892D34] [GET /external/users] [489ms] INFO  - Request completed - status=200
2026-08-12 08:33:41 [] [] [] INFO  - Commencing graceful shutdown. Waiting for active requests to complete
2026-08-12 08:33:41 [] [] [] INFO  - Graceful shutdown complete
2026-08-12 08:33:41 [] [] [] INFO  - Closing JPA EntityManagerFactory for persistence unit 'default'
2026-08-12 08:33:41 [] [] [] INFO  - HikariPool-1 - Shutdown initiated...
2026-08-12 08:33:41 [] [] [] INFO  - HikariPool-1 - Shutdown completed.
2026-08-12 08:33:43 [] [] [] INFO  - Starting StudentManagementApplication using Java 26.0.2 with PID 37840 (/Users/ewent/Documents/Programmer/Java (Spring boot)/StudentManagement/StudentManagement/target/classes started by ewent in /Users/ewent/Documents/Programmer/Java (Spring boot)/StudentManagement/StudentManagement)
2026-08-12 08:33:43 [] [] [] INFO  - No active profile set, falling back to 1 default profile: "default"
2026-08-12 08:33:43 [] [] [] INFO  - HV000001: Hibernate Validator 9.1.0.Final
2026-08-12 08:33:43 [] [] [] INFO  - Multiple Spring Data modules found, entering strict repository configuration mode
2026-08-12 08:33:43 [] [] [] INFO  - Bootstrapping Spring Data JPA repositories in DEFAULT mode.
2026-08-12 08:33:43 [] [] [] INFO  - Finished Spring Data repository scanning in 59 ms. Found 2 JPA repository interfaces.
2026-08-12 08:33:43 [] [] [] INFO  - Multiple Spring Data modules found, entering strict repository configuration mode
2026-08-12 08:33:43 [] [] [] INFO  - Bootstrapping Spring Data Redis repositories in DEFAULT mode.
2026-08-12 08:33:43 [] [] [] INFO  - Spring Data Redis - Could not safely identify store assignment for repository candidate interface com.example.studentsmanagement.Repository.StudentRepository; If you want this repository to be a Redis repository, consider annotating your entities with one of these annotations: org.springframework.data.redis.core.RedisHash (preferred), or consider extending one of the following types with your repository: org.springframework.data.keyvalue.repository.KeyValueRepository
2026-08-12 08:33:43 [] [] [] INFO  - Spring Data Redis - Could not safely identify store assignment for repository candidate interface com.example.studentsmanagement.Repository.UserRepository; If you want this repository to be a Redis repository, consider annotating your entities with one of these annotations: org.springframework.data.redis.core.RedisHash (preferred), or consider extending one of the following types with your repository: org.springframework.data.keyvalue.repository.KeyValueRepository
2026-08-12 08:33:43 [] [] [] INFO  - Finished Spring Data repository scanning in 3 ms. Found 0 Redis repository interfaces.
2026-08-12 08:33:44 [] [] [] INFO  - BeanFactory id=ec73950e-fa5b-3cb2-b44f-e857e89d494b
2026-08-12 08:33:44 [] [] [] INFO  - Tomcat initialized with port 8080 (http)
2026-08-12 08:33:44 [] [] [] INFO  - Initializing ProtocolHandler ["http-nio-8080"]
2026-08-12 08:33:44 [] [] [] INFO  - Starting service [Tomcat]
2026-08-12 08:33:44 [] [] [] INFO  - Starting Servlet engine: [Apache Tomcat/11.0.22]
2026-08-12 08:33:44 [] [] [] INFO  - Root WebApplicationContext: initialization completed in 729 ms
2026-08-12 08:33:44 [] [] [] INFO  - HHH008540: Processing PersistenceUnitInfo [name: default]
2026-08-12 08:33:44 [] [] [] INFO  - HHH000001: Hibernate ORM core version 7.4.1.Final
2026-08-12 08:33:44 [] [] [] INFO  - No LoadTimeWeaver setup: ignoring JPA class transformer
2026-08-12 08:33:44 [] [] [] INFO  - HikariPool-1 - Starting...
2026-08-12 08:33:44 [] [] [] INFO  - HikariPool-1 - Added connection ConnectionID:1 ClientConnectionId: aebbf0ca-844b-4635-b83e-965f5de151cd
2026-08-12 08:33:44 [] [] [] INFO  - HikariPool-1 - Start completed.
2026-08-12 08:33:44 [] [] [] INFO  - HHH10001005: Database info:
	Database JDBC URL [jdbc:sqlserver://localhost:1433;connectRetryInterval=10;connectRetryCount=1;maxResultBuffer=-1;sendTemporalDataTypesAsStringForBulkCopy=true;delayLoadingLobs=true;useFmtOnly=false;cacheBulkCopyMetadata=false;useBulkCopyForBatchInsert=false;cancelQueryTimeout=-1;sslProtocol=TLS;calcBigDecimalPrecision=false;useDefaultJaasConfig=false;jaasConfigurationName=SQLJDBCDriver;statementPoolingCacheSize=0;serverPreparedStatementDiscardThreshold=10;enablePrepareOnFirstPreparedStatementCall=false;fips=false;socketTimeout=0;authentication=NotSpecified;authenticationScheme=nativeAuthentication;xopenStates=false;datetimeParameterType=datetime2;sendTimeAsDatetime=true;replication=false;trustStoreType=JKS;trustServerCertificate=true;TransparentNetworkIPResolution=true;iPAddressPreference=IPv4First;serverNameAsACE=false;sendStringParametersAsUnicode=true;selectMethod=direct;responseBuffering=adaptive;queryTimeout=-1;packetSize=8000;multiSubnetFailover=false;loginTimeout=30;lockTimeout=-1;lastUpdateCount=true;useFlexibleCallableStatements=true;useDefaultGSSCredential=false;prepareMethod=prepexec;encrypt=true;disableStatementPooling=true;databaseName=students_management;columnEncryptionSetting=Disabled;applicationName=Microsoft JDBC Driver for SQL Server;applicationIntent=readwrite;]
	Database driver: Microsoft JDBC Driver 12.8 for SQL Server
	Database dialect: SQLServerDialect
	Database version: 16.0
	Default catalog/schema: students_management/dbo
	Autocommit mode: undefined/unknown
	Isolation level: READ_COMMITTED [default READ_COMMITTED]
	JDBC fetch size: 128
	Pool: DataSourceConnectionProvider
	Minimum pool size: undefined/unknown
	Maximum pool size: undefined/unknown
2026-08-12 08:33:45 [] [] [] INFO  - HHH000489: No JTA platform available (set 'hibernate.transaction.jta.platform' to enable JTA platform integration)
2026-08-12 08:33:45 [] [] [] INFO  - Initialized JPA EntityManagerFactory for persistence unit 'default'
2026-08-12 08:33:45 [] [] [] INFO  - Hibernate is in classpath; If applicable, HQL parser will be used.
2026-08-12 08:33:45 [] [] [] INFO  - Global AuthenticationManager configured with UserDetailsService bean with name customUserDetailsService
2026-08-12 08:33:45 [] [] [] INFO  - Starting ProtocolHandler ["http-nio-8080"]
2026-08-12 08:33:45 [] [] [] INFO  - Tomcat started on port 8080 (http) with context path '/'
2026-08-12 08:33:45 [] [] [] INFO  - Started StudentManagementApplication in 2.667 seconds (process running for 2.898)
2026-08-12 08:33:56 [] [] [] INFO  - Initializing Spring DispatcherServlet 'dispatcherServlet'
2026-08-12 08:33:56 [] [] [] INFO  - Initializing Servlet 'dispatcherServlet'
2026-08-12 08:33:56 [] [] [] INFO  - Completed initialization in 1 ms
2026-08-12 08:33:56 [05B65790] [GET /external/users] [47ms] INFO  - === Extracted username: freshAdmin7
2026-08-12 08:33:56 [05B65790] [GET /external/users] [245ms] INFO  - === Loaded userDetails: {"userInfo":{"id":8,"password":"$2a$10$9Y2El.fRpjCcIkA.WT5W5eXd5XoLmTUAn.8brntWDnWd1LjnqlzWe","role":"Admin","username":"freshAdmin7"},"accountNonExpired":true,"accountNonLocked":true,"authorities":[{"authority":"ROLE_Admin"}],"credentialsNonExpired":true,"enabled":true,"password":"$2a$10$9Y2El.fRpjCcIkA.WT5W5eXd5XoLmTUAn.8brntWDnWd1LjnqlzWe","username":"freshAdmin7"}
2026-08-12 08:33:56 [05B65790] [GET /external/users] [246ms] INFO  - === Token valid? true
2026-08-12 08:33:56 [05B65790] [GET /external/users] [247ms] INFO  - === Authentication SET in context
2026-08-12 08:33:56 [05B65790] [GET /external/users] [534ms] INFO  - Request completed - status=200
2026-08-12 08:34:56 [] [] [] INFO  - Commencing graceful shutdown. Waiting for active requests to complete
2026-08-12 08:34:56 [] [] [] INFO  - Graceful shutdown complete
2026-08-12 08:34:56 [] [] [] INFO  - Closing JPA EntityManagerFactory for persistence unit 'default'
2026-08-12 08:34:56 [] [] [] INFO  - HikariPool-1 - Shutdown initiated...
2026-08-12 08:34:56 [] [] [] INFO  - HikariPool-1 - Shutdown completed.
2026-08-12 08:34:58 [] [] [] INFO  - Starting StudentManagementApplication using Java 26.0.2 with PID 37894 (/Users/ewent/Documents/Programmer/Java (Spring boot)/StudentManagement/StudentManagement/target/classes started by ewent in /Users/ewent/Documents/Programmer/Java (Spring boot)/StudentManagement/StudentManagement)
2026-08-12 08:34:58 [] [] [] INFO  - No active profile set, falling back to 1 default profile: "default"
2026-08-12 08:34:58 [] [] [] INFO  - HV000001: Hibernate Validator 9.1.0.Final
2026-08-12 08:34:58 [] [] [] INFO  - Multiple Spring Data modules found, entering strict repository configuration mode
2026-08-12 08:34:58 [] [] [] INFO  - Bootstrapping Spring Data JPA repositories in DEFAULT mode.
2026-08-12 08:34:58 [] [] [] INFO  - Finished Spring Data repository scanning in 54 ms. Found 2 JPA repository interfaces.
2026-08-12 08:34:58 [] [] [] INFO  - Multiple Spring Data modules found, entering strict repository configuration mode
2026-08-12 08:34:58 [] [] [] INFO  - Bootstrapping Spring Data Redis repositories in DEFAULT mode.
2026-08-12 08:34:58 [] [] [] INFO  - Spring Data Redis - Could not safely identify store assignment for repository candidate interface com.example.studentsmanagement.Repository.StudentRepository; If you want this repository to be a Redis repository, consider annotating your entities with one of these annotations: org.springframework.data.redis.core.RedisHash (preferred), or consider extending one of the following types with your repository: org.springframework.data.keyvalue.repository.KeyValueRepository
2026-08-12 08:34:58 [] [] [] INFO  - Spring Data Redis - Could not safely identify store assignment for repository candidate interface com.example.studentsmanagement.Repository.UserRepository; If you want this repository to be a Redis repository, consider annotating your entities with one of these annotations: org.springframework.data.redis.core.RedisHash (preferred), or consider extending one of the following types with your repository: org.springframework.data.keyvalue.repository.KeyValueRepository
2026-08-12 08:34:58 [] [] [] INFO  - Finished Spring Data repository scanning in 2 ms. Found 0 Redis repository interfaces.
2026-08-12 08:34:58 [] [] [] INFO  - BeanFactory id=ec73950e-fa5b-3cb2-b44f-e857e89d494b
2026-08-12 08:34:58 [] [] [] INFO  - Tomcat initialized with port 8080 (http)
2026-08-12 08:34:58 [] [] [] INFO  - Initializing ProtocolHandler ["http-nio-8080"]
2026-08-12 08:34:58 [] [] [] INFO  - Starting service [Tomcat]
2026-08-12 08:34:58 [] [] [] INFO  - Starting Servlet engine: [Apache Tomcat/11.0.22]
2026-08-12 08:34:59 [] [] [] INFO  - Root WebApplicationContext: initialization completed in 646 ms
2026-08-12 08:34:59 [] [] [] INFO  - HHH008540: Processing PersistenceUnitInfo [name: default]
2026-08-12 08:34:59 [] [] [] INFO  - HHH000001: Hibernate ORM core version 7.4.1.Final
2026-08-12 08:34:59 [] [] [] INFO  - No LoadTimeWeaver setup: ignoring JPA class transformer
2026-08-12 08:34:59 [] [] [] INFO  - HikariPool-1 - Starting...
2026-08-12 08:34:59 [] [] [] INFO  - HikariPool-1 - Added connection ConnectionID:1 ClientConnectionId: 2a550f06-d635-443a-bf89-d35a9ec39624
2026-08-12 08:34:59 [] [] [] INFO  - HikariPool-1 - Start completed.
2026-08-12 08:34:59 [] [] [] INFO  - HHH10001005: Database info:
	Database JDBC URL [jdbc:sqlserver://localhost:1433;connectRetryInterval=10;connectRetryCount=1;maxResultBuffer=-1;sendTemporalDataTypesAsStringForBulkCopy=true;delayLoadingLobs=true;useFmtOnly=false;cacheBulkCopyMetadata=false;useBulkCopyForBatchInsert=false;cancelQueryTimeout=-1;sslProtocol=TLS;calcBigDecimalPrecision=false;useDefaultJaasConfig=false;jaasConfigurationName=SQLJDBCDriver;statementPoolingCacheSize=0;serverPreparedStatementDiscardThreshold=10;enablePrepareOnFirstPreparedStatementCall=false;fips=false;socketTimeout=0;authentication=NotSpecified;authenticationScheme=nativeAuthentication;xopenStates=false;datetimeParameterType=datetime2;sendTimeAsDatetime=true;replication=false;trustStoreType=JKS;trustServerCertificate=true;TransparentNetworkIPResolution=true;iPAddressPreference=IPv4First;serverNameAsACE=false;sendStringParametersAsUnicode=true;selectMethod=direct;responseBuffering=adaptive;queryTimeout=-1;packetSize=8000;multiSubnetFailover=false;loginTimeout=30;lockTimeout=-1;lastUpdateCount=true;useFlexibleCallableStatements=true;useDefaultGSSCredential=false;prepareMethod=prepexec;encrypt=true;disableStatementPooling=true;databaseName=students_management;columnEncryptionSetting=Disabled;applicationName=Microsoft JDBC Driver for SQL Server;applicationIntent=readwrite;]
	Database driver: Microsoft JDBC Driver 12.8 for SQL Server
	Database dialect: SQLServerDialect
	Database version: 16.0
	Default catalog/schema: students_management/dbo
	Autocommit mode: undefined/unknown
	Isolation level: READ_COMMITTED [default READ_COMMITTED]
	JDBC fetch size: 128
	Pool: DataSourceConnectionProvider
	Minimum pool size: undefined/unknown
	Maximum pool size: undefined/unknown
2026-08-12 08:34:59 [] [] [] INFO  - HHH000489: No JTA platform available (set 'hibernate.transaction.jta.platform' to enable JTA platform integration)
2026-08-12 08:35:00 [] [] [] INFO  - Initialized JPA EntityManagerFactory for persistence unit 'default'
2026-08-12 08:35:00 [] [] [] INFO  - Hibernate is in classpath; If applicable, HQL parser will be used.
2026-08-12 08:35:00 [] [] [] INFO  - Global AuthenticationManager configured with UserDetailsService bean with name customUserDetailsService
2026-08-12 08:35:00 [] [] [] INFO  - Starting ProtocolHandler ["http-nio-8080"]
2026-08-12 08:35:00 [] [] [] INFO  - Tomcat started on port 8080 (http) with context path '/'
2026-08-12 08:35:00 [] [] [] INFO  - Started StudentManagementApplication in 2.682 seconds (process running for 2.933)
2026-08-12 08:35:06 [] [] [] INFO  - Initializing Spring DispatcherServlet 'dispatcherServlet'
2026-08-12 08:35:06 [] [] [] INFO  - Initializing Servlet 'dispatcherServlet'
2026-08-12 08:35:06 [] [] [] INFO  - Completed initialization in 4 ms
2026-08-12 08:35:06 [81ED1798] [GET /external/users] [44ms] INFO  - === Extracted username: freshAdmin7
2026-08-12 08:35:06 [81ED1798] [GET /external/users] [250ms] INFO  - === Loaded userDetails: {"userInfo":{"id":8,"password":"$2a$10$9Y2El.fRpjCcIkA.WT5W5eXd5XoLmTUAn.8brntWDnWd1LjnqlzWe","role":"Admin","username":"freshAdmin7"},"accountNonExpired":true,"accountNonLocked":true,"authorities":[{"authority":"ROLE_Admin"}],"credentialsNonExpired":true,"enabled":true,"password":"$2a$10$9Y2El.fRpjCcIkA.WT5W5eXd5XoLmTUAn.8brntWDnWd1LjnqlzWe","username":"freshAdmin7"}
2026-08-12 08:35:06 [81ED1798] [GET /external/users] [251ms] INFO  - === Token valid? true
2026-08-12 08:35:06 [81ED1798] [GET /external/users] [252ms] INFO  - === Authentication SET in context
2026-08-12 08:35:06 [81ED1798] [GET /external/users] [477ms] INFO  - Request completed - status=200
2026-08-12 08:35:49 [] [] [] INFO  - Commencing graceful shutdown. Waiting for active requests to complete
2026-08-12 08:35:49 [] [] [] INFO  - Graceful shutdown complete
2026-08-12 08:35:49 [] [] [] INFO  - Closing JPA EntityManagerFactory for persistence unit 'default'
2026-08-12 08:35:49 [] [] [] INFO  - HikariPool-1 - Shutdown initiated...
2026-08-12 08:35:49 [] [] [] INFO  - HikariPool-1 - Shutdown completed.
2026-08-12 08:55:13 [] [] [] INFO  - Starting StudentManagementApplication using Java 26.0.2 with PID 38514 (/Users/ewent/Documents/Programmer/Java (Spring boot)/StudentManagement/StudentManagement/target/classes started by ewent in /Users/ewent/Documents/Programmer/Java (Spring boot)/StudentManagement/StudentManagement)
2026-08-12 08:55:13 [] [] [] INFO  - No active profile set, falling back to 1 default profile: "default"
2026-08-12 08:55:13 [] [] [] INFO  - HV000001: Hibernate Validator 9.1.0.Final
2026-08-12 08:55:13 [] [] [] INFO  - Multiple Spring Data modules found, entering strict repository configuration mode
2026-08-12 08:55:13 [] [] [] INFO  - Bootstrapping Spring Data JPA repositories in DEFAULT mode.
2026-08-12 08:55:13 [] [] [] INFO  - Finished Spring Data repository scanning in 52 ms. Found 2 JPA repository interfaces.
2026-08-12 08:55:13 [] [] [] INFO  - Multiple Spring Data modules found, entering strict repository configuration mode
2026-08-12 08:55:13 [] [] [] INFO  - Bootstrapping Spring Data Redis repositories in DEFAULT mode.
2026-08-12 08:55:13 [] [] [] INFO  - Spring Data Redis - Could not safely identify store assignment for repository candidate interface com.example.studentsmanagement.Repository.StudentRepository; If you want this repository to be a Redis repository, consider annotating your entities with one of these annotations: org.springframework.data.redis.core.RedisHash (preferred), or consider extending one of the following types with your repository: org.springframework.data.keyvalue.repository.KeyValueRepository
2026-08-12 08:55:13 [] [] [] INFO  - Spring Data Redis - Could not safely identify store assignment for repository candidate interface com.example.studentsmanagement.Repository.UserRepository; If you want this repository to be a Redis repository, consider annotating your entities with one of these annotations: org.springframework.data.redis.core.RedisHash (preferred), or consider extending one of the following types with your repository: org.springframework.data.keyvalue.repository.KeyValueRepository
2026-08-12 08:55:13 [] [] [] INFO  - Finished Spring Data repository scanning in 2 ms. Found 0 Redis repository interfaces.
2026-08-12 08:55:13 [] [] [] INFO  - BeanFactory id=ec73950e-fa5b-3cb2-b44f-e857e89d494b
2026-08-12 08:55:13 [] [] [] INFO  - Tomcat initialized with port 8080 (http)
2026-08-12 08:55:13 [] [] [] INFO  - Initializing ProtocolHandler ["http-nio-8080"]
2026-08-12 08:55:13 [] [] [] INFO  - Starting service [Tomcat]
2026-08-12 08:55:13 [] [] [] INFO  - Starting Servlet engine: [Apache Tomcat/11.0.22]
2026-08-12 08:55:13 [] [] [] INFO  - Root WebApplicationContext: initialization completed in 625 ms
2026-08-12 08:55:14 [] [] [] INFO  - HHH008540: Processing PersistenceUnitInfo [name: default]
2026-08-12 08:55:14 [] [] [] INFO  - HHH000001: Hibernate ORM core version 7.4.1.Final
2026-08-12 08:55:14 [] [] [] INFO  - No LoadTimeWeaver setup: ignoring JPA class transformer
2026-08-12 08:55:14 [] [] [] INFO  - HikariPool-1 - Starting...
2026-08-12 08:55:14 [] [] [] INFO  - HikariPool-1 - Added connection ConnectionID:1 ClientConnectionId: b27edf86-d778-44a5-8cc6-67587cf4713b
2026-08-12 08:55:14 [] [] [] INFO  - HikariPool-1 - Start completed.
2026-08-12 08:55:14 [] [] [] INFO  - HHH10001005: Database info:
	Database JDBC URL [jdbc:sqlserver://localhost:1433;connectRetryInterval=10;connectRetryCount=1;maxResultBuffer=-1;sendTemporalDataTypesAsStringForBulkCopy=true;delayLoadingLobs=true;useFmtOnly=false;cacheBulkCopyMetadata=false;useBulkCopyForBatchInsert=false;cancelQueryTimeout=-1;sslProtocol=TLS;calcBigDecimalPrecision=false;useDefaultJaasConfig=false;jaasConfigurationName=SQLJDBCDriver;statementPoolingCacheSize=0;serverPreparedStatementDiscardThreshold=10;enablePrepareOnFirstPreparedStatementCall=false;fips=false;socketTimeout=0;authentication=NotSpecified;authenticationScheme=nativeAuthentication;xopenStates=false;datetimeParameterType=datetime2;sendTimeAsDatetime=true;replication=false;trustStoreType=JKS;trustServerCertificate=true;TransparentNetworkIPResolution=true;iPAddressPreference=IPv4First;serverNameAsACE=false;sendStringParametersAsUnicode=true;selectMethod=direct;responseBuffering=adaptive;queryTimeout=-1;packetSize=8000;multiSubnetFailover=false;loginTimeout=30;lockTimeout=-1;lastUpdateCount=true;useFlexibleCallableStatements=true;useDefaultGSSCredential=false;prepareMethod=prepexec;encrypt=true;disableStatementPooling=true;databaseName=students_management;columnEncryptionSetting=Disabled;applicationName=Microsoft JDBC Driver for SQL Server;applicationIntent=readwrite;]
	Database driver: Microsoft JDBC Driver 12.8 for SQL Server
	Database dialect: SQLServerDialect
	Database version: 16.0
	Default catalog/schema: students_management/dbo
	Autocommit mode: undefined/unknown
	Isolation level: READ_COMMITTED [default READ_COMMITTED]
	JDBC fetch size: 128
	Pool: DataSourceConnectionProvider
	Minimum pool size: undefined/unknown
	Maximum pool size: undefined/unknown
2026-08-12 08:55:14 [] [] [] INFO  - HHH000489: No JTA platform available (set 'hibernate.transaction.jta.platform' to enable JTA platform integration)
2026-08-12 08:55:14 [] [] [] INFO  - Initialized JPA EntityManagerFactory for persistence unit 'default'
2026-08-12 08:55:15 [] [] [] INFO  - Hibernate is in classpath; If applicable, HQL parser will be used.
2026-08-12 08:55:15 [] [] [] INFO  - Global AuthenticationManager configured with UserDetailsService bean with name customUserDetailsService
2026-08-12 08:55:15 [] [] [] INFO  - Starting ProtocolHandler ["http-nio-8080"]
2026-08-12 08:55:15 [] [] [] INFO  - Tomcat started on port 8080 (http) with context path '/'
2026-08-12 08:55:15 [] [] [] INFO  - Started StudentManagementApplication in 2.558 seconds (process running for 2.83)
2026-08-12 08:55:23 [] [] [] INFO  - Initializing Spring DispatcherServlet 'dispatcherServlet'
2026-08-12 08:55:23 [] [] [] INFO  - Initializing Servlet 'dispatcherServlet'
2026-08-12 08:55:23 [] [] [] INFO  - Completed initialization in 3 ms
2026-08-12 08:55:23 [DD4D8C95] [POST /external/users] [52ms] INFO  - === Extracted username: freshAdmin7
2026-08-12 08:55:23 [DD4D8C95] [POST /external/users] [279ms] INFO  - === Loaded userDetails: {"userInfo":{"id":8,"password":"$2a$10$9Y2El.fRpjCcIkA.WT5W5eXd5XoLmTUAn.8brntWDnWd1LjnqlzWe","role":"Admin","username":"freshAdmin7"},"accountNonExpired":true,"accountNonLocked":true,"authorities":[{"authority":"ROLE_Admin"}],"credentialsNonExpired":true,"enabled":true,"password":"$2a$10$9Y2El.fRpjCcIkA.WT5W5eXd5XoLmTUAn.8brntWDnWd1LjnqlzWe","username":"freshAdmin7"}
2026-08-12 08:55:23 [DD4D8C95] [POST /external/users] [280ms] INFO  - === Token valid? true
2026-08-12 08:55:23 [DD4D8C95] [POST /external/users] [281ms] INFO  - === Authentication SET in context
2026-08-12 08:55:24 [DD4D8C95] [POST /external/users] [1219ms] INFO  - Request completed - status=200
2026-08-12 08:55:58 [] [] [] INFO  - Commencing graceful shutdown. Waiting for active requests to complete
2026-08-12 08:55:58 [] [] [] INFO  - Graceful shutdown complete
2026-08-12 08:55:58 [] [] [] INFO  - Closing JPA EntityManagerFactory for persistence unit 'default'
2026-08-12 08:55:58 [] [] [] INFO  - HikariPool-1 - Shutdown initiated...
2026-08-12 08:55:58 [] [] [] INFO  - HikariPool-1 - Shutdown completed.
2026-08-12 08:56:00 [] [] [] INFO  - Starting StudentManagementApplication using Java 26.0.2 with PID 38576 (/Users/ewent/Documents/Programmer/Java (Spring boot)/StudentManagement/StudentManagement/target/classes started by ewent in /Users/ewent/Documents/Programmer/Java (Spring boot)/StudentManagement/StudentManagement)
2026-08-12 08:56:00 [] [] [] INFO  - No active profile set, falling back to 1 default profile: "default"
2026-08-12 08:56:00 [] [] [] INFO  - HV000001: Hibernate Validator 9.1.0.Final
2026-08-12 08:56:01 [] [] [] INFO  - Multiple Spring Data modules found, entering strict repository configuration mode
2026-08-12 08:56:01 [] [] [] INFO  - Bootstrapping Spring Data JPA repositories in DEFAULT mode.
2026-08-12 08:56:01 [] [] [] INFO  - Finished Spring Data repository scanning in 75 ms. Found 2 JPA repository interfaces.
2026-08-12 08:56:01 [] [] [] INFO  - Multiple Spring Data modules found, entering strict repository configuration mode
2026-08-12 08:56:01 [] [] [] INFO  - Bootstrapping Spring Data Redis repositories in DEFAULT mode.
2026-08-12 08:56:01 [] [] [] INFO  - Spring Data Redis - Could not safely identify store assignment for repository candidate interface com.example.studentsmanagement.Repository.StudentRepository; If you want this repository to be a Redis repository, consider annotating your entities with one of these annotations: org.springframework.data.redis.core.RedisHash (preferred), or consider extending one of the following types with your repository: org.springframework.data.keyvalue.repository.KeyValueRepository
2026-08-12 08:56:01 [] [] [] INFO  - Spring Data Redis - Could not safely identify store assignment for repository candidate interface com.example.studentsmanagement.Repository.UserRepository; If you want this repository to be a Redis repository, consider annotating your entities with one of these annotations: org.springframework.data.redis.core.RedisHash (preferred), or consider extending one of the following types with your repository: org.springframework.data.keyvalue.repository.KeyValueRepository
2026-08-12 08:56:01 [] [] [] INFO  - Finished Spring Data repository scanning in 2 ms. Found 0 Redis repository interfaces.
2026-08-12 08:56:01 [] [] [] INFO  - BeanFactory id=ec73950e-fa5b-3cb2-b44f-e857e89d494b
2026-08-12 08:56:01 [] [] [] INFO  - Tomcat initialized with port 8080 (http)
2026-08-12 08:56:01 [] [] [] INFO  - Initializing ProtocolHandler ["http-nio-8080"]
2026-08-12 08:56:01 [] [] [] INFO  - Starting service [Tomcat]
2026-08-12 08:56:01 [] [] [] INFO  - Starting Servlet engine: [Apache Tomcat/11.0.22]
2026-08-12 08:56:01 [] [] [] INFO  - Root WebApplicationContext: initialization completed in 736 ms
2026-08-12 08:56:01 [] [] [] INFO  - HHH008540: Processing PersistenceUnitInfo [name: default]
2026-08-12 08:56:01 [] [] [] INFO  - HHH000001: Hibernate ORM core version 7.4.1.Final
2026-08-12 08:56:01 [] [] [] INFO  - No LoadTimeWeaver setup: ignoring JPA class transformer
2026-08-12 08:56:01 [] [] [] INFO  - HikariPool-1 - Starting...
2026-08-12 08:56:02 [] [] [] INFO  - HikariPool-1 - Added connection ConnectionID:1 ClientConnectionId: 74008578-cc41-4448-9517-1332240eee25
2026-08-12 08:56:02 [] [] [] INFO  - HikariPool-1 - Start completed.
2026-08-12 08:56:02 [] [] [] INFO  - HHH10001005: Database info:
	Database JDBC URL [jdbc:sqlserver://localhost:1433;connectRetryInterval=10;connectRetryCount=1;maxResultBuffer=-1;sendTemporalDataTypesAsStringForBulkCopy=true;delayLoadingLobs=true;useFmtOnly=false;cacheBulkCopyMetadata=false;useBulkCopyForBatchInsert=false;cancelQueryTimeout=-1;sslProtocol=TLS;calcBigDecimalPrecision=false;useDefaultJaasConfig=false;jaasConfigurationName=SQLJDBCDriver;statementPoolingCacheSize=0;serverPreparedStatementDiscardThreshold=10;enablePrepareOnFirstPreparedStatementCall=false;fips=false;socketTimeout=0;authentication=NotSpecified;authenticationScheme=nativeAuthentication;xopenStates=false;datetimeParameterType=datetime2;sendTimeAsDatetime=true;replication=false;trustStoreType=JKS;trustServerCertificate=true;TransparentNetworkIPResolution=true;iPAddressPreference=IPv4First;serverNameAsACE=false;sendStringParametersAsUnicode=true;selectMethod=direct;responseBuffering=adaptive;queryTimeout=-1;packetSize=8000;multiSubnetFailover=false;loginTimeout=30;lockTimeout=-1;lastUpdateCount=true;useFlexibleCallableStatements=true;useDefaultGSSCredential=false;prepareMethod=prepexec;encrypt=true;disableStatementPooling=true;databaseName=students_management;columnEncryptionSetting=Disabled;applicationName=Microsoft JDBC Driver for SQL Server;applicationIntent=readwrite;]
	Database driver: Microsoft JDBC Driver 12.8 for SQL Server
	Database dialect: SQLServerDialect
	Database version: 16.0
	Default catalog/schema: students_management/dbo
	Autocommit mode: undefined/unknown
	Isolation level: READ_COMMITTED [default READ_COMMITTED]
	JDBC fetch size: 128
	Pool: DataSourceConnectionProvider
	Minimum pool size: undefined/unknown
	Maximum pool size: undefined/unknown
2026-08-12 08:56:02 [] [] [] INFO  - HHH000489: No JTA platform available (set 'hibernate.transaction.jta.platform' to enable JTA platform integration)
2026-08-12 08:56:02 [] [] [] INFO  - Initialized JPA EntityManagerFactory for persistence unit 'default'
2026-08-12 08:56:02 [] [] [] INFO  - Hibernate is in classpath; If applicable, HQL parser will be used.
2026-08-12 08:56:02 [] [] [] INFO  - Global AuthenticationManager configured with UserDetailsService bean with name customUserDetailsService
2026-08-12 08:56:03 [] [] [] INFO  - Starting ProtocolHandler ["http-nio-8080"]
2026-08-12 08:56:03 [] [] [] INFO  - Tomcat started on port 8080 (http) with context path '/'
2026-08-12 08:56:03 [] [] [] INFO  - Started StudentManagementApplication in 2.972 seconds (process running for 3.415)
2026-08-12 08:56:05 [] [] [] INFO  - Initializing Spring DispatcherServlet 'dispatcherServlet'
2026-08-12 08:56:05 [] [] [] INFO  - Initializing Servlet 'dispatcherServlet'
2026-08-12 08:56:05 [] [] [] INFO  - Completed initialization in 1 ms
2026-08-12 08:56:05 [F6817CA5] [POST /external/users] [37ms] INFO  - === Extracted username: freshAdmin7
2026-08-12 08:56:05 [F6817CA5] [POST /external/users] [221ms] INFO  - === Loaded userDetails: {"userInfo":{"id":8,"password":"$2a$10$9Y2El.fRpjCcIkA.WT5W5eXd5XoLmTUAn.8brntWDnWd1LjnqlzWe","role":"Admin","username":"freshAdmin7"},"accountNonExpired":true,"accountNonLocked":true,"authorities":[{"authority":"ROLE_Admin"}],"credentialsNonExpired":true,"enabled":true,"password":"$2a$10$9Y2El.fRpjCcIkA.WT5W5eXd5XoLmTUAn.8brntWDnWd1LjnqlzWe","username":"freshAdmin7"}
2026-08-12 08:56:05 [F6817CA5] [POST /external/users] [222ms] INFO  - === Token valid? true
2026-08-12 08:56:05 [F6817CA5] [POST /external/users] [222ms] INFO  - === Authentication SET in context
2026-08-12 08:56:06 [F6817CA5] [POST /external/users] [1106ms] INFO  - Request completed - status=200
2026-08-12 08:59:31 [] [] [] INFO  - Commencing graceful shutdown. Waiting for active requests to complete
2026-08-12 08:59:31 [] [] [] INFO  - Graceful shutdown complete
2026-08-12 08:59:31 [] [] [] INFO  - Closing JPA EntityManagerFactory for persistence unit 'default'
2026-08-12 08:59:31 [] [] [] INFO  - HikariPool-1 - Shutdown initiated...
2026-08-12 08:59:31 [] [] [] INFO  - HikariPool-1 - Shutdown completed.
2026-08-12 08:59:33 [] [] [] INFO  - Starting StudentManagementApplication using Java 26.0.2 with PID 38835 (/Users/ewent/Documents/Programmer/Java (Spring boot)/StudentManagement/StudentManagement/target/classes started by ewent in /Users/ewent/Documents/Programmer/Java (Spring boot)/StudentManagement/StudentManagement)
2026-08-12 08:59:33 [] [] [] INFO  - No active profile set, falling back to 1 default profile: "default"
2026-08-12 08:59:33 [] [] [] INFO  - HV000001: Hibernate Validator 9.1.0.Final
2026-08-12 08:59:33 [] [] [] INFO  - Multiple Spring Data modules found, entering strict repository configuration mode
2026-08-12 08:59:33 [] [] [] INFO  - Bootstrapping Spring Data JPA repositories in DEFAULT mode.
2026-08-12 08:59:33 [] [] [] INFO  - Finished Spring Data repository scanning in 59 ms. Found 2 JPA repository interfaces.
2026-08-12 08:59:33 [] [] [] INFO  - Multiple Spring Data modules found, entering strict repository configuration mode
2026-08-12 08:59:33 [] [] [] INFO  - Bootstrapping Spring Data Redis repositories in DEFAULT mode.
2026-08-12 08:59:33 [] [] [] INFO  - Spring Data Redis - Could not safely identify store assignment for repository candidate interface com.example.studentsmanagement.Repository.StudentRepository; If you want this repository to be a Redis repository, consider annotating your entities with one of these annotations: org.springframework.data.redis.core.RedisHash (preferred), or consider extending one of the following types with your repository: org.springframework.data.keyvalue.repository.KeyValueRepository
2026-08-12 08:59:33 [] [] [] INFO  - Spring Data Redis - Could not safely identify store assignment for repository candidate interface com.example.studentsmanagement.Repository.UserRepository; If you want this repository to be a Redis repository, consider annotating your entities with one of these annotations: org.springframework.data.redis.core.RedisHash (preferred), or consider extending one of the following types with your repository: org.springframework.data.keyvalue.repository.KeyValueRepository
2026-08-12 08:59:33 [] [] [] INFO  - Finished Spring Data repository scanning in 3 ms. Found 0 Redis repository interfaces.
2026-08-12 08:59:33 [] [] [] INFO  - BeanFactory id=ec73950e-fa5b-3cb2-b44f-e857e89d494b
2026-08-12 08:59:33 [] [] [] INFO  - Tomcat initialized with port 8080 (http)
2026-08-12 08:59:33 [] [] [] INFO  - Initializing ProtocolHandler ["http-nio-8080"]
2026-08-12 08:59:33 [] [] [] INFO  - Starting service [Tomcat]
2026-08-12 08:59:33 [] [] [] INFO  - Starting Servlet engine: [Apache Tomcat/11.0.22]
2026-08-12 08:59:33 [] [] [] INFO  - Root WebApplicationContext: initialization completed in 702 ms
2026-08-12 08:59:34 [] [] [] INFO  - HHH008540: Processing PersistenceUnitInfo [name: default]
2026-08-12 08:59:34 [] [] [] INFO  - HHH000001: Hibernate ORM core version 7.4.1.Final
2026-08-12 08:59:34 [] [] [] INFO  - No LoadTimeWeaver setup: ignoring JPA class transformer
2026-08-12 08:59:34 [] [] [] INFO  - HikariPool-1 - Starting...
2026-08-12 08:59:34 [] [] [] INFO  - HikariPool-1 - Added connection ConnectionID:1 ClientConnectionId: f44a6b55-cbb2-4517-bfcc-fd325fdba157
2026-08-12 08:59:34 [] [] [] INFO  - HikariPool-1 - Start completed.
2026-08-12 08:59:34 [] [] [] INFO  - HHH10001005: Database info:
	Database JDBC URL [jdbc:sqlserver://localhost:1433;connectRetryInterval=10;connectRetryCount=1;maxResultBuffer=-1;sendTemporalDataTypesAsStringForBulkCopy=true;delayLoadingLobs=true;useFmtOnly=false;cacheBulkCopyMetadata=false;useBulkCopyForBatchInsert=false;cancelQueryTimeout=-1;sslProtocol=TLS;calcBigDecimalPrecision=false;useDefaultJaasConfig=false;jaasConfigurationName=SQLJDBCDriver;statementPoolingCacheSize=0;serverPreparedStatementDiscardThreshold=10;enablePrepareOnFirstPreparedStatementCall=false;fips=false;socketTimeout=0;authentication=NotSpecified;authenticationScheme=nativeAuthentication;xopenStates=false;datetimeParameterType=datetime2;sendTimeAsDatetime=true;replication=false;trustStoreType=JKS;trustServerCertificate=true;TransparentNetworkIPResolution=true;iPAddressPreference=IPv4First;serverNameAsACE=false;sendStringParametersAsUnicode=true;selectMethod=direct;responseBuffering=adaptive;queryTimeout=-1;packetSize=8000;multiSubnetFailover=false;loginTimeout=30;lockTimeout=-1;lastUpdateCount=true;useFlexibleCallableStatements=true;useDefaultGSSCredential=false;prepareMethod=prepexec;encrypt=true;disableStatementPooling=true;databaseName=students_management;columnEncryptionSetting=Disabled;applicationName=Microsoft JDBC Driver for SQL Server;applicationIntent=readwrite;]
	Database driver: Microsoft JDBC Driver 12.8 for SQL Server
	Database dialect: SQLServerDialect
	Database version: 16.0
	Default catalog/schema: students_management/dbo
	Autocommit mode: undefined/unknown
	Isolation level: READ_COMMITTED [default READ_COMMITTED]
	JDBC fetch size: 128
	Pool: DataSourceConnectionProvider
	Minimum pool size: undefined/unknown
	Maximum pool size: undefined/unknown
2026-08-12 08:59:34 [] [] [] INFO  - HHH000489: No JTA platform available (set 'hibernate.transaction.jta.platform' to enable JTA platform integration)
2026-08-12 08:59:34 [] [] [] INFO  - Initialized JPA EntityManagerFactory for persistence unit 'default'
2026-08-12 08:59:34 [] [] [] INFO  - Hibernate is in classpath; If applicable, HQL parser will be used.
2026-08-12 08:59:35 [] [] [] INFO  - Global AuthenticationManager configured with UserDetailsService bean with name customUserDetailsService
2026-08-12 08:59:35 [] [] [] INFO  - Starting ProtocolHandler ["http-nio-8080"]
2026-08-12 08:59:35 [] [] [] INFO  - Tomcat started on port 8080 (http) with context path '/'
2026-08-12 08:59:35 [] [] [] INFO  - Started StudentManagementApplication in 2.621 seconds (process running for 2.856)
