2026-08-12 13:12:01 [] [] [] INFO  - Starting StudentManagementApplication using Java 26.0.2 with PID 52819 (/Users/ewent/Documents/Programmer/Java (Spring boot)/StudentManagement/StudentManagement/target/classes started by ewent in /Users/ewent/Documents/Programmer/Java (Spring boot)/StudentManagement/StudentManagement)
2026-08-12 13:12:01 [] [] [] INFO  - No active profile set, falling back to 1 default profile: "default"
2026-08-12 13:12:01 [] [] [] INFO  - HV000001: Hibernate Validator 9.1.0.Final
2026-08-12 13:12:02 [] [] [] INFO  - Multiple Spring Data modules found, entering strict repository configuration mode
2026-08-12 13:12:02 [] [] [] INFO  - Bootstrapping Spring Data JPA repositories in DEFAULT mode.
2026-08-12 13:12:02 [] [] [] INFO  - Finished Spring Data repository scanning in 56 ms. Found 2 JPA repository interfaces.
2026-08-12 13:12:02 [] [] [] INFO  - Multiple Spring Data modules found, entering strict repository configuration mode
2026-08-12 13:12:02 [] [] [] INFO  - Bootstrapping Spring Data Redis repositories in DEFAULT mode.
2026-08-12 13:12:02 [] [] [] INFO  - Spring Data Redis - Could not safely identify store assignment for repository candidate interface com.example.studentsmanagement.Repository.StudentRepository; If you want this repository to be a Redis repository, consider annotating your entities with one of these annotations: org.springframework.data.redis.core.RedisHash (preferred), or consider extending one of the following types with your repository: org.springframework.data.keyvalue.repository.KeyValueRepository
2026-08-12 13:12:02 [] [] [] INFO  - Spring Data Redis - Could not safely identify store assignment for repository candidate interface com.example.studentsmanagement.Repository.UserRepository; If you want this repository to be a Redis repository, consider annotating your entities with one of these annotations: org.springframework.data.redis.core.RedisHash (preferred), or consider extending one of the following types with your repository: org.springframework.data.keyvalue.repository.KeyValueRepository
2026-08-12 13:12:02 [] [] [] INFO  - Finished Spring Data repository scanning in 3 ms. Found 0 Redis repository interfaces.
2026-08-12 13:12:02 [] [] [] INFO  - BeanFactory id=153b91b3-9b49-3bce-9f12-7197bb8c4a8e
2026-08-12 13:12:02 [] [] [] INFO  - Tomcat initialized with port 8080 (http)
2026-08-12 13:12:02 [] [] [] INFO  - Initializing ProtocolHandler ["http-nio-8080"]
2026-08-12 13:12:02 [] [] [] INFO  - Starting service [Tomcat]
2026-08-12 13:12:02 [] [] [] INFO  - Starting Servlet engine: [Apache Tomcat/11.0.22]
2026-08-12 13:12:02 [] [] [] INFO  - Root WebApplicationContext: initialization completed in 789 ms
2026-08-12 13:12:02 [] [] [] INFO  - HHH008540: Processing PersistenceUnitInfo [name: default]
2026-08-12 13:12:02 [] [] [] INFO  - HHH000001: Hibernate ORM core version 7.4.1.Final
2026-08-12 13:12:02 [] [] [] INFO  - No LoadTimeWeaver setup: ignoring JPA class transformer
2026-08-12 13:12:03 [] [] [] INFO  - HikariPool-1 - Starting...
2026-08-12 13:12:03 [] [] [] INFO  - HikariPool-1 - Added connection ConnectionID:1 ClientConnectionId: 32d88b14-9de6-4ec8-9d8f-9005bbedad2b
2026-08-12 13:12:03 [] [] [] INFO  - HikariPool-1 - Start completed.
2026-08-12 13:12:03 [] [] [] INFO  - HHH10001005: Database info:
	Database JDBC URL [jdbc:sqlserver://localhost:1433;connectRetryInterval=10;connectRetryCount=1;maxResultBuffer=-1;sendTemporalDataTypesAsStringForBulkCopy=true;delayLoadingLobs=true;useFmtOnly=false;cacheBulkCopyMetadata=false;useBulkCopyForBatchInsert=false;cancelQueryTimeout=-1;sslProtocol=TLS;calcBigDecimalPrecision=false;useDefaultJaasConfig=false;jaasConfigurationName=SQLJDBCDriver;statementPoolingCacheSize=0;serverPreparedStatementDiscardThreshold=10;enablePrepareOnFirstPreparedStatementCall=false;fips=false;socketTimeout=0;authentication=NotSpecified;authenticationScheme=nativeAuthentication;xopenStates=false;datetimeParameterType=datetime2;sendTimeAsDatetime=true;replication=false;trustStoreType=JKS;trustServerCertificate=true;TransparentNetworkIPResolution=true;iPAddressPreference=IPv4First;serverNameAsACE=false;sendStringParametersAsUnicode=true;selectMethod=direct;responseBuffering=adaptive;queryTimeout=-1;packetSize=8000;multiSubnetFailover=false;loginTimeout=30;lockTimeout=-1;lastUpdateCount=true;useFlexibleCallableStatements=true;useDefaultGSSCredential=false;prepareMethod=prepexec;encrypt=true;disableStatementPooling=true;databaseName=students_management;columnEncryptionSetting=Disabled;applicationName=Microsoft JDBC Driver for SQL Server;applicationIntent=readwrite;]
	Database driver: Microsoft JDBC Driver 12.8 for SQL Server
	Database dialect: SQLServerDialect
	Database version: 16.0
	Default catalog/schema: students_management/dbo
	Autocommit mode: undefined/unknown
	Isolation level: READ_COMMITTED [default READ_COMMITTED]
	JDBC fetch size: 128
	Pool: DataSourceConnectionProvider
	Minimum pool size: undefined/unknown
	Maximum pool size: undefined/unknown
2026-08-12 13:12:04 [] [] [] INFO  - HHH000489: No JTA platform available (set 'hibernate.transaction.jta.platform' to enable JTA platform integration)
2026-08-12 13:12:04 [] [] [] INFO  - Initialized JPA EntityManagerFactory for persistence unit 'default'
2026-08-12 13:12:04 [] [] [] INFO  - Hibernate is in classpath; If applicable, HQL parser will be used.
2026-08-12 13:12:04 [] [] [] INFO  - Global AuthenticationManager configured with UserDetailsService bean with name customUserDetailsService
2026-08-12 13:12:05 [] [] [] INFO  - Exposing 1 endpoint beneath base path '/actuator'
2026-08-12 13:12:05 [] [] [] INFO  - Closing JPA EntityManagerFactory for persistence unit 'default'
2026-08-12 13:12:05 [] [] [] INFO  - HikariPool-1 - Shutdown initiated...
2026-08-12 13:12:05 [] [] [] INFO  - HikariPool-1 - Shutdown completed.
2026-08-12 13:12:05 [] [] [] INFO  - Stopping service [Tomcat]
2026-08-12 13:12:05 [] [] [] INFO  - 

Error starting ApplicationContext. To display the condition evaluation report re-run your application with 'debug' enabled.
2026-08-12 13:13:43 [] [] [] INFO  - Starting StudentManagementApplication using Java 26.0.2 with PID 52988 (/Users/ewent/Documents/Programmer/Java (Spring boot)/StudentManagement/StudentManagement/target/classes started by ewent in /Users/ewent/Documents/Programmer/Java (Spring boot)/StudentManagement/StudentManagement)
2026-08-12 13:13:43 [] [] [] INFO  - No active profile set, falling back to 1 default profile: "default"
2026-08-12 13:13:43 [] [] [] INFO  - HV000001: Hibernate Validator 9.1.0.Final
2026-08-12 13:13:43 [] [] [] INFO  - Multiple Spring Data modules found, entering strict repository configuration mode
2026-08-12 13:13:43 [] [] [] INFO  - Bootstrapping Spring Data JPA repositories in DEFAULT mode.
2026-08-12 13:13:43 [] [] [] INFO  - Finished Spring Data repository scanning in 53 ms. Found 2 JPA repository interfaces.
2026-08-12 13:13:43 [] [] [] INFO  - Multiple Spring Data modules found, entering strict repository configuration mode
2026-08-12 13:13:43 [] [] [] INFO  - Bootstrapping Spring Data Redis repositories in DEFAULT mode.
2026-08-12 13:13:43 [] [] [] INFO  - Spring Data Redis - Could not safely identify store assignment for repository candidate interface com.example.studentsmanagement.Repository.StudentRepository; If you want this repository to be a Redis repository, consider annotating your entities with one of these annotations: org.springframework.data.redis.core.RedisHash (preferred), or consider extending one of the following types with your repository: org.springframework.data.keyvalue.repository.KeyValueRepository
2026-08-12 13:13:43 [] [] [] INFO  - Spring Data Redis - Could not safely identify store assignment for repository candidate interface com.example.studentsmanagement.Repository.UserRepository; If you want this repository to be a Redis repository, consider annotating your entities with one of these annotations: org.springframework.data.redis.core.RedisHash (preferred), or consider extending one of the following types with your repository: org.springframework.data.keyvalue.repository.KeyValueRepository
2026-08-12 13:13:43 [] [] [] INFO  - Finished Spring Data repository scanning in 2 ms. Found 0 Redis repository interfaces.
2026-08-12 13:13:44 [] [] [] INFO  - BeanFactory id=2f454ba3-29a7-3cce-b1fb-c42788cd77ea
2026-08-12 13:13:44 [] [] [] INFO  - Tomcat initialized with port 8080 (http)
2026-08-12 13:13:44 [] [] [] INFO  - Initializing ProtocolHandler ["http-nio-8080"]
2026-08-12 13:13:44 [] [] [] INFO  - Starting service [Tomcat]
2026-08-12 13:13:44 [] [] [] INFO  - Starting Servlet engine: [Apache Tomcat/11.0.22]
2026-08-12 13:13:44 [] [] [] INFO  - Root WebApplicationContext: initialization completed in 738 ms
2026-08-12 13:13:44 [] [] [] INFO  - HHH008540: Processing PersistenceUnitInfo [name: default]
2026-08-12 13:13:44 [] [] [] INFO  - HHH000001: Hibernate ORM core version 7.4.1.Final
2026-08-12 13:13:44 [] [] [] INFO  - No LoadTimeWeaver setup: ignoring JPA class transformer
2026-08-12 13:13:44 [] [] [] INFO  - HikariPool-1 - Starting...
2026-08-12 13:13:44 [] [] [] INFO  - HikariPool-1 - Added connection ConnectionID:1 ClientConnectionId: 14988b5d-bfa7-46eb-a3d2-f01b5c6e126f
2026-08-12 13:13:44 [] [] [] INFO  - HikariPool-1 - Start completed.
2026-08-12 13:13:44 [] [] [] INFO  - HHH10001005: Database info:
	Database JDBC URL [jdbc:sqlserver://localhost:1433;connectRetryInterval=10;connectRetryCount=1;maxResultBuffer=-1;sendTemporalDataTypesAsStringForBulkCopy=true;delayLoadingLobs=true;useFmtOnly=false;cacheBulkCopyMetadata=false;useBulkCopyForBatchInsert=false;cancelQueryTimeout=-1;sslProtocol=TLS;calcBigDecimalPrecision=false;useDefaultJaasConfig=false;jaasConfigurationName=SQLJDBCDriver;statementPoolingCacheSize=0;serverPreparedStatementDiscardThreshold=10;enablePrepareOnFirstPreparedStatementCall=false;fips=false;socketTimeout=0;authentication=NotSpecified;authenticationScheme=nativeAuthentication;xopenStates=false;datetimeParameterType=datetime2;sendTimeAsDatetime=true;replication=false;trustStoreType=JKS;trustServerCertificate=true;TransparentNetworkIPResolution=true;iPAddressPreference=IPv4First;serverNameAsACE=false;sendStringParametersAsUnicode=true;selectMethod=direct;responseBuffering=adaptive;queryTimeout=-1;packetSize=8000;multiSubnetFailover=false;loginTimeout=30;lockTimeout=-1;lastUpdateCount=true;useFlexibleCallableStatements=true;useDefaultGSSCredential=false;prepareMethod=prepexec;encrypt=true;disableStatementPooling=true;databaseName=students_management;columnEncryptionSetting=Disabled;applicationName=Microsoft JDBC Driver for SQL Server;applicationIntent=readwrite;]
	Database driver: Microsoft JDBC Driver 12.8 for SQL Server
	Database dialect: SQLServerDialect
	Database version: 16.0
	Default catalog/schema: students_management/dbo
	Autocommit mode: undefined/unknown
	Isolation level: READ_COMMITTED [default READ_COMMITTED]
	JDBC fetch size: 128
	Pool: DataSourceConnectionProvider
	Minimum pool size: undefined/unknown
	Maximum pool size: undefined/unknown
2026-08-12 13:13:45 [] [] [] INFO  - HHH000489: No JTA platform available (set 'hibernate.transaction.jta.platform' to enable JTA platform integration)
2026-08-12 13:13:45 [] [] [] INFO  - Initialized JPA EntityManagerFactory for persistence unit 'default'
2026-08-12 13:13:45 [] [] [] INFO  - Hibernate is in classpath; If applicable, HQL parser will be used.
2026-08-12 13:13:45 [] [] [] INFO  - Global AuthenticationManager configured with UserDetailsService bean with name customUserDetailsService
2026-08-12 13:13:46 [] [] [] INFO  - Exposing 1 endpoint beneath base path '/actuator'
2026-08-12 13:13:46 [] [] [] INFO  - Starting ProtocolHandler ["http-nio-8080"]
2026-08-12 13:13:46 [] [] [] INFO  - Tomcat started on port 8080 (http) with context path '/'
2026-08-12 13:13:46 [] [] [] INFO  - Started StudentManagementApplication in 2.855 seconds (process running for 3.088)
2026-08-12 13:13:53 [] [] [] INFO  - Initializing Spring DispatcherServlet 'dispatcherServlet'
2026-08-12 13:13:53 [] [] [] INFO  - Initializing Servlet 'dispatcherServlet'
2026-08-12 13:13:53 [] [] [] INFO  - Completed initialization in 2 ms
2026-08-12 13:13:53 [3ABD3F5F] [POST /auth/login] [0ms] INFO  - === No valid Bearer header, skipping auth
2026-08-12 13:13:54 [3ABD3F5F] [POST /auth/login] [481ms] INFO  - Request completed - status=200
2026-08-12 13:14:01 [D7C4D8E2] [GET /external/users] [65ms] INFO  - === Extracted username: freshAdmin7
2026-08-12 13:14:02 [D7C4D8E2] [GET /external/users] [145ms] INFO  - === Loaded userDetails: {"userInfo":{"id":8,"password":"$2a$10$9Y2El.fRpjCcIkA.WT5W5eXd5XoLmTUAn.8brntWDnWd1LjnqlzWe","role":"Admin","username":"freshAdmin7"},"accountNonExpired":true,"accountNonLocked":true,"authorities":[{"authority":"ROLE_Admin"}],"credentialsNonExpired":true,"enabled":true,"password":"$2a$10$9Y2El.fRpjCcIkA.WT5W5eXd5XoLmTUAn.8brntWDnWd1LjnqlzWe","username":"freshAdmin7"}
2026-08-12 13:14:02 [D7C4D8E2] [GET /external/users] [146ms] INFO  - === Token valid? true
2026-08-12 13:14:02 [D7C4D8E2] [GET /external/users] [146ms] INFO  - === Authentication SET in context
2026-08-12 13:14:02 [D7C4D8E2] [GET /external/users] [717ms] INFO  - Request completed - status=200
2026-08-12 13:15:05 [145D8D1B] [GET /external/users] [5ms] INFO  - === Extracted username: freshAdmin7
2026-08-12 13:15:05 [145D8D1B] [GET /external/users] [38ms] INFO  - === Loaded userDetails: {"userInfo":{"id":8,"password":"$2a$10$9Y2El.fRpjCcIkA.WT5W5eXd5XoLmTUAn.8brntWDnWd1LjnqlzWe","role":"Admin","username":"freshAdmin7"},"accountNonExpired":true,"accountNonLocked":true,"authorities":[{"authority":"ROLE_Admin"}],"credentialsNonExpired":true,"enabled":true,"password":"$2a$10$9Y2El.fRpjCcIkA.WT5W5eXd5XoLmTUAn.8brntWDnWd1LjnqlzWe","username":"freshAdmin7"}
2026-08-12 13:15:05 [145D8D1B] [GET /external/users] [39ms] INFO  - === Token valid? true
2026-08-12 13:15:05 [145D8D1B] [GET /external/users] [39ms] INFO  - === Authentication SET in context
2026-08-12 13:15:05 [145D8D1B] [GET /external/users] [73ms] INFO  - Request completed - status=200
2026-08-12 13:15:38 [7D848A2D] [GET /student/getAllStudents] [5ms] INFO  - === Extracted username: freshAdmin7
2026-08-12 13:15:38 [7D848A2D] [GET /student/getAllStudents] [25ms] INFO  - === Loaded userDetails: {"userInfo":{"id":8,"password":"$2a$10$9Y2El.fRpjCcIkA.WT5W5eXd5XoLmTUAn.8brntWDnWd1LjnqlzWe","role":"Admin","username":"freshAdmin7"},"accountNonExpired":true,"accountNonLocked":true,"authorities":[{"authority":"ROLE_Admin"}],"credentialsNonExpired":true,"enabled":true,"password":"$2a$10$9Y2El.fRpjCcIkA.WT5W5eXd5XoLmTUAn.8brntWDnWd1LjnqlzWe","username":"freshAdmin7"}
2026-08-12 13:15:38 [7D848A2D] [GET /student/getAllStudents] [26ms] INFO  - === Token valid? true
2026-08-12 13:15:38 [7D848A2D] [GET /student/getAllStudents] [27ms] INFO  - === Authentication SET in context
2026-08-12 13:15:38 [7D848A2D] [GET /student/getAllStudents] [100ms] INFO  - Request completed - status=200
2026-08-12 13:16:26 [B2560153] [GET /student/getAllStudents] [4ms] INFO  - === Extracted username: freshAdmin7
2026-08-12 13:16:26 [B2560153] [GET /student/getAllStudents] [24ms] INFO  - === Loaded userDetails: {"userInfo":{"id":8,"password":"$2a$10$9Y2El.fRpjCcIkA.WT5W5eXd5XoLmTUAn.8brntWDnWd1LjnqlzWe","role":"Admin","username":"freshAdmin7"},"accountNonExpired":true,"accountNonLocked":true,"authorities":[{"authority":"ROLE_Admin"}],"credentialsNonExpired":true,"enabled":true,"password":"$2a$10$9Y2El.fRpjCcIkA.WT5W5eXd5XoLmTUAn.8brntWDnWd1LjnqlzWe","username":"freshAdmin7"}
2026-08-12 13:16:26 [B2560153] [GET /student/getAllStudents] [25ms] INFO  - === Token valid? true
2026-08-12 13:16:26 [B2560153] [GET /student/getAllStudents] [25ms] INFO  - === Authentication SET in context
2026-08-12 13:16:26 [B2560153] [GET /student/getAllStudents] [44ms] INFO  - Request completed - status=200
2026-08-12 13:16:47 [87BCF42B] [POST /student/getStudentById] [6ms] INFO  - === Extracted username: freshAdmin7
2026-08-12 13:16:47 [87BCF42B] [POST /student/getStudentById] [36ms] INFO  - === Loaded userDetails: {"userInfo":{"id":8,"password":"$2a$10$9Y2El.fRpjCcIkA.WT5W5eXd5XoLmTUAn.8brntWDnWd1LjnqlzWe","role":"Admin","username":"freshAdmin7"},"accountNonExpired":true,"accountNonLocked":true,"authorities":[{"authority":"ROLE_Admin"}],"credentialsNonExpired":true,"enabled":true,"password":"$2a$10$9Y2El.fRpjCcIkA.WT5W5eXd5XoLmTUAn.8brntWDnWd1LjnqlzWe","username":"freshAdmin7"}
2026-08-12 13:16:47 [87BCF42B] [POST /student/getStudentById] [37ms] INFO  - === Token valid? true
2026-08-12 13:16:47 [87BCF42B] [POST /student/getStudentById] [37ms] INFO  - === Authentication SET in context
2026-08-12 13:16:47 [87BCF42B] [POST /student/getStudentById] [110ms] INFO  - Request completed - status=500
2026-08-12 13:17:03 [2524275A] [POST /student/getStudentById] [1ms] INFO  - === Extracted username: freshAdmin7
2026-08-12 13:17:03 [2524275A] [POST /student/getStudentById] [14ms] INFO  - === Loaded userDetails: {"userInfo":{"id":8,"password":"$2a$10$9Y2El.fRpjCcIkA.WT5W5eXd5XoLmTUAn.8brntWDnWd1LjnqlzWe","role":"Admin","username":"freshAdmin7"},"accountNonExpired":true,"accountNonLocked":true,"authorities":[{"authority":"ROLE_Admin"}],"credentialsNonExpired":true,"enabled":true,"password":"$2a$10$9Y2El.fRpjCcIkA.WT5W5eXd5XoLmTUAn.8brntWDnWd1LjnqlzWe","username":"freshAdmin7"}
2026-08-12 13:17:03 [2524275A] [POST /student/getStudentById] [16ms] INFO  - === Token valid? true
2026-08-12 13:17:03 [2524275A] [POST /student/getStudentById] [16ms] INFO  - === Authentication SET in context
2026-08-12 13:17:03 [2524275A] [POST /student/getStudentById] [36ms] INFO  - Request completed - status=500
2026-08-12 13:17:32 [338F486A] [GET /external/users] [4ms] INFO  - === Extracted username: freshAdmin7
2026-08-12 13:17:32 [338F486A] [GET /external/users] [28ms] INFO  - === Loaded userDetails: {"userInfo":{"id":8,"password":"$2a$10$9Y2El.fRpjCcIkA.WT5W5eXd5XoLmTUAn.8brntWDnWd1LjnqlzWe","role":"Admin","username":"freshAdmin7"},"accountNonExpired":true,"accountNonLocked":true,"authorities":[{"authority":"ROLE_Admin"}],"credentialsNonExpired":true,"enabled":true,"password":"$2a$10$9Y2El.fRpjCcIkA.WT5W5eXd5XoLmTUAn.8brntWDnWd1LjnqlzWe","username":"freshAdmin7"}
2026-08-12 13:17:32 [338F486A] [GET /external/users] [29ms] INFO  - === Token valid? true
2026-08-12 13:17:32 [338F486A] [GET /external/users] [29ms] INFO  - === Authentication SET in context
2026-08-12 13:17:32 [338F486A] [GET /external/users] [41ms] INFO  - Request completed - status=200
2026-08-12 13:20:39 [8894350F] [GET /external/users] [4ms] INFO  - === Extracted username: freshAdmin7
2026-08-12 13:20:39 [8894350F] [GET /external/users] [27ms] INFO  - === Loaded userDetails: {"userInfo":{"id":8,"password":"$2a$10$9Y2El.fRpjCcIkA.WT5W5eXd5XoLmTUAn.8brntWDnWd1LjnqlzWe","role":"Admin","username":"freshAdmin7"},"accountNonExpired":true,"accountNonLocked":true,"authorities":[{"authority":"ROLE_Admin"}],"credentialsNonExpired":true,"enabled":true,"password":"$2a$10$9Y2El.fRpjCcIkA.WT5W5eXd5XoLmTUAn.8brntWDnWd1LjnqlzWe","username":"freshAdmin7"}
2026-08-12 13:20:39 [8894350F] [GET /external/users] [27ms] INFO  - === Token valid? true
2026-08-12 13:20:39 [8894350F] [GET /external/users] [27ms] INFO  - === Authentication SET in context
2026-08-12 13:20:39 [8894350F] [GET /external/users] [37ms] INFO  - Request completed - status=200
2026-08-12 13:21:25 [3078E072] [GET /external/users] [5ms] INFO  - === Extracted username: freshAdmin7
2026-08-12 13:21:25 [3078E072] [GET /external/users] [26ms] INFO  - === Loaded userDetails: {"userInfo":{"id":8,"password":"$2a$10$9Y2El.fRpjCcIkA.WT5W5eXd5XoLmTUAn.8brntWDnWd1LjnqlzWe","role":"Admin","username":"freshAdmin7"},"accountNonExpired":true,"accountNonLocked":true,"authorities":[{"authority":"ROLE_Admin"}],"credentialsNonExpired":true,"enabled":true,"password":"$2a$10$9Y2El.fRpjCcIkA.WT5W5eXd5XoLmTUAn.8brntWDnWd1LjnqlzWe","username":"freshAdmin7"}
2026-08-12 13:21:25 [3078E072] [GET /external/users] [26ms] INFO  - === Token valid? true
2026-08-12 13:21:25 [3078E072] [GET /external/users] [27ms] INFO  - === Authentication SET in context
2026-08-12 13:21:25 [3078E072] [GET /external/users] [40ms] INFO  - Request completed - status=200
2026-08-12 13:36:48 [] [] [] INFO  - Commencing graceful shutdown. Waiting for active requests to complete
2026-08-12 13:36:48 [] [] [] INFO  - Graceful shutdown complete
2026-08-12 13:36:48 [] [] [] INFO  - Closing JPA EntityManagerFactory for persistence unit 'default'
2026-08-12 13:36:48 [] [] [] INFO  - HikariPool-1 - Shutdown initiated...
2026-08-12 13:36:48 [] [] [] INFO  - HikariPool-1 - Shutdown completed.
2026-08-12 13:36:51 [] [] [] INFO  - Starting StudentManagementApplication using Java 26.0.2 with PID 54286 (/Users/ewent/Documents/Programmer/Java (Spring boot)/StudentManagement/StudentManagement/target/classes started by ewent in /Users/ewent/Documents/Programmer/Java (Spring boot)/StudentManagement/StudentManagement)
2026-08-12 13:36:51 [] [] [] INFO  - No active profile set, falling back to 1 default profile: "default"
2026-08-12 13:36:51 [] [] [] INFO  - HV000001: Hibernate Validator 9.1.0.Final
2026-08-12 13:36:51 [] [] [] INFO  - Multiple Spring Data modules found, entering strict repository configuration mode
2026-08-12 13:36:51 [] [] [] INFO  - Bootstrapping Spring Data JPA repositories in DEFAULT mode.
2026-08-12 13:36:51 [] [] [] INFO  - Finished Spring Data repository scanning in 59 ms. Found 2 JPA repository interfaces.
2026-08-12 13:36:51 [] [] [] INFO  - Multiple Spring Data modules found, entering strict repository configuration mode
2026-08-12 13:36:51 [] [] [] INFO  - Bootstrapping Spring Data Redis repositories in DEFAULT mode.
2026-08-12 13:36:51 [] [] [] INFO  - Spring Data Redis - Could not safely identify store assignment for repository candidate interface com.example.studentsmanagement.Repository.StudentRepository; If you want this repository to be a Redis repository, consider annotating your entities with one of these annotations: org.springframework.data.redis.core.RedisHash (preferred), or consider extending one of the following types with your repository: org.springframework.data.keyvalue.repository.KeyValueRepository
2026-08-12 13:36:51 [] [] [] INFO  - Spring Data Redis - Could not safely identify store assignment for repository candidate interface com.example.studentsmanagement.Repository.UserRepository; If you want this repository to be a Redis repository, consider annotating your entities with one of these annotations: org.springframework.data.redis.core.RedisHash (preferred), or consider extending one of the following types with your repository: org.springframework.data.keyvalue.repository.KeyValueRepository
2026-08-12 13:36:51 [] [] [] INFO  - Finished Spring Data repository scanning in 2 ms. Found 0 Redis repository interfaces.
2026-08-12 13:36:51 [] [] [] INFO  - BeanFactory id=2f454ba3-29a7-3cce-b1fb-c42788cd77ea
2026-08-12 13:36:51 [] [] [] INFO  - Tomcat initialized with port 8080 (http)
2026-08-12 13:36:51 [] [] [] INFO  - Initializing ProtocolHandler ["http-nio-8080"]
2026-08-12 13:36:51 [] [] [] INFO  - Starting service [Tomcat]
2026-08-12 13:36:51 [] [] [] INFO  - Starting Servlet engine: [Apache Tomcat/11.0.22]
2026-08-12 13:36:51 [] [] [] INFO  - Root WebApplicationContext: initialization completed in 760 ms
2026-08-12 13:36:52 [] [] [] INFO  - HHH008540: Processing PersistenceUnitInfo [name: default]
2026-08-12 13:36:52 [] [] [] INFO  - HHH000001: Hibernate ORM core version 7.4.1.Final
2026-08-12 13:36:52 [] [] [] INFO  - No LoadTimeWeaver setup: ignoring JPA class transformer
2026-08-12 13:36:52 [] [] [] INFO  - HikariPool-1 - Starting...
2026-08-12 13:36:52 [] [] [] INFO  - HikariPool-1 - Added connection ConnectionID:1 ClientConnectionId: d5499c54-c3cd-4396-a214-63b10867424b
2026-08-12 13:36:52 [] [] [] INFO  - HikariPool-1 - Start completed.
2026-08-12 13:36:52 [] [] [] INFO  - HHH10001005: Database info:
	Database JDBC URL [jdbc:sqlserver://localhost:1433;connectRetryInterval=10;connectRetryCount=1;maxResultBuffer=-1;sendTemporalDataTypesAsStringForBulkCopy=true;delayLoadingLobs=true;useFmtOnly=false;cacheBulkCopyMetadata=false;useBulkCopyForBatchInsert=false;cancelQueryTimeout=-1;sslProtocol=TLS;calcBigDecimalPrecision=false;useDefaultJaasConfig=false;jaasConfigurationName=SQLJDBCDriver;statementPoolingCacheSize=0;serverPreparedStatementDiscardThreshold=10;enablePrepareOnFirstPreparedStatementCall=false;fips=false;socketTimeout=0;authentication=NotSpecified;authenticationScheme=nativeAuthentication;xopenStates=false;datetimeParameterType=datetime2;sendTimeAsDatetime=true;replication=false;trustStoreType=JKS;trustServerCertificate=true;TransparentNetworkIPResolution=true;iPAddressPreference=IPv4First;serverNameAsACE=false;sendStringParametersAsUnicode=true;selectMethod=direct;responseBuffering=adaptive;queryTimeout=-1;packetSize=8000;multiSubnetFailover=false;loginTimeout=30;lockTimeout=-1;lastUpdateCount=true;useFlexibleCallableStatements=true;useDefaultGSSCredential=false;prepareMethod=prepexec;encrypt=true;disableStatementPooling=true;databaseName=students_management;columnEncryptionSetting=Disabled;applicationName=Microsoft JDBC Driver for SQL Server;applicationIntent=readwrite;]
	Database driver: Microsoft JDBC Driver 12.8 for SQL Server
	Database dialect: SQLServerDialect
	Database version: 16.0
	Default catalog/schema: students_management/dbo
	Autocommit mode: undefined/unknown
	Isolation level: READ_COMMITTED [default READ_COMMITTED]
	JDBC fetch size: 128
	Pool: DataSourceConnectionProvider
	Minimum pool size: undefined/unknown
	Maximum pool size: undefined/unknown
2026-08-12 13:36:52 [] [] [] INFO  - HHH000489: No JTA platform available (set 'hibernate.transaction.jta.platform' to enable JTA platform integration)
2026-08-12 13:36:53 [] [] [] INFO  - Initialized JPA EntityManagerFactory for persistence unit 'default'
2026-08-12 13:36:53 [] [] [] INFO  - Hibernate is in classpath; If applicable, HQL parser will be used.
2026-08-12 13:36:53 [] [] [] INFO  - Global AuthenticationManager configured with UserDetailsService bean with name customUserDetailsService
2026-08-12 13:36:54 [] [] [] INFO  - Exposing 1 endpoint beneath base path '/actuator'
2026-08-12 13:36:54 [] [] [] INFO  - Starting ProtocolHandler ["http-nio-8080"]
2026-08-12 13:36:54 [] [] [] INFO  - Tomcat started on port 8080 (http) with context path '/'
2026-08-12 13:36:54 [] [] [] INFO  - Started StudentManagementApplication in 3.687 seconds (process running for 3.95)
2026-08-12 13:36:55 [] [] [] INFO  - Initializing Spring DispatcherServlet 'dispatcherServlet'
2026-08-12 13:36:55 [] [] [] INFO  - Initializing Servlet 'dispatcherServlet'
2026-08-12 13:36:55 [] [] [] INFO  - Completed initialization in 1 ms
2026-08-12 13:36:55 [89F7F1CE] [POST /student/getStudentById] [42ms] INFO  - === Extracted username: freshAdmin7
2026-08-12 13:36:55 [89F7F1CE] [POST /student/getStudentById] [245ms] INFO  - === Loaded userDetails: {"userInfo":{"id":8,"password":"$2a$10$9Y2El.fRpjCcIkA.WT5W5eXd5XoLmTUAn.8brntWDnWd1LjnqlzWe","role":"Admin","username":"freshAdmin7"},"accountNonExpired":true,"accountNonLocked":true,"authorities":[{"authority":"ROLE_Admin"}],"credentialsNonExpired":true,"enabled":true,"password":"$2a$10$9Y2El.fRpjCcIkA.WT5W5eXd5XoLmTUAn.8brntWDnWd1LjnqlzWe","username":"freshAdmin7"}
2026-08-12 13:36:55 [89F7F1CE] [POST /student/getStudentById] [245ms] INFO  - === Token valid? true
2026-08-12 13:36:55 [89F7F1CE] [POST /student/getStudentById] [246ms] INFO  - === Authentication SET in context
2026-08-12 13:36:55 [89F7F1CE] [POST /student/getStudentById] [553ms] INFO  - Request completed - status=200
2026-08-12 13:38:48 [7DADD21B] [POST /api/telegram/send] [15ms] INFO  - Request completed - status=200
2026-08-12 13:38:59 [7E4E972A] [POST /api/telegram/send] [3ms] INFO  - Request completed - status=200
2026-08-12 13:39:07 [6176B34C] [POST /api/telegram/send] [2ms] INFO  - Request completed - status=200
2026-08-12 13:39:22 [1AE3CBCD] [POST /api/telegram/send] [5ms] INFO  - === Extracted username: freshAdmin7
2026-08-12 13:39:22 [1AE3CBCD] [POST /api/telegram/send] [24ms] INFO  - === Loaded userDetails: {"userInfo":{"id":8,"password":"$2a$10$9Y2El.fRpjCcIkA.WT5W5eXd5XoLmTUAn.8brntWDnWd1LjnqlzWe","role":"Admin","username":"freshAdmin7"},"accountNonExpired":true,"accountNonLocked":true,"authorities":[{"authority":"ROLE_Admin"}],"credentialsNonExpired":true,"enabled":true,"password":"$2a$10$9Y2El.fRpjCcIkA.WT5W5eXd5XoLmTUAn.8brntWDnWd1LjnqlzWe","username":"freshAdmin7"}
2026-08-12 13:39:22 [1AE3CBCD] [POST /api/telegram/send] [25ms] INFO  - === Token valid? true
2026-08-12 13:39:22 [1AE3CBCD] [POST /api/telegram/send] [25ms] INFO  - === Authentication SET in context
2026-08-12 13:39:23 [1AE3CBCD] [POST /api/telegram/send] [1133ms] INFO  - Request completed - status=404
2026-08-12 13:39:29 [112B6851] [POST /api/telegram/send] [2ms] INFO  - === Extracted username: freshAdmin7
2026-08-12 13:39:29 [112B6851] [POST /api/telegram/send] [13ms] INFO  - === Loaded userDetails: {"userInfo":{"id":8,"password":"$2a$10$9Y2El.fRpjCcIkA.WT5W5eXd5XoLmTUAn.8brntWDnWd1LjnqlzWe","role":"Admin","username":"freshAdmin7"},"accountNonExpired":true,"accountNonLocked":true,"authorities":[{"authority":"ROLE_Admin"}],"credentialsNonExpired":true,"enabled":true,"password":"$2a$10$9Y2El.fRpjCcIkA.WT5W5eXd5XoLmTUAn.8brntWDnWd1LjnqlzWe","username":"freshAdmin7"}
2026-08-12 13:39:29 [112B6851] [POST /api/telegram/send] [15ms] INFO  - === Token valid? true
2026-08-12 13:39:29 [112B6851] [POST /api/telegram/send] [15ms] INFO  - === Authentication SET in context
2026-08-12 13:39:30 [112B6851] [POST /api/telegram/send] [756ms] INFO  - Request completed - status=404
2026-08-12 13:39:35 [C91782ED] [POST /api/telegram/send] [1ms] INFO  - === Extracted username: freshAdmin7
2026-08-12 13:39:35 [C91782ED] [POST /api/telegram/send] [16ms] INFO  - === Loaded userDetails: {"userInfo":{"id":8,"password":"$2a$10$9Y2El.fRpjCcIkA.WT5W5eXd5XoLmTUAn.8brntWDnWd1LjnqlzWe","role":"Admin","username":"freshAdmin7"},"accountNonExpired":true,"accountNonLocked":true,"authorities":[{"authority":"ROLE_Admin"}],"credentialsNonExpired":true,"enabled":true,"password":"$2a$10$9Y2El.fRpjCcIkA.WT5W5eXd5XoLmTUAn.8brntWDnWd1LjnqlzWe","username":"freshAdmin7"}
2026-08-12 13:39:35 [C91782ED] [POST /api/telegram/send] [17ms] INFO  - === Token valid? true
2026-08-12 13:39:35 [C91782ED] [POST /api/telegram/send] [18ms] INFO  - === Authentication SET in context
2026-08-12 13:39:35 [C91782ED] [POST /api/telegram/send] [27ms] INFO  - Request completed - status=400
2026-08-12 13:41:43 [D864FB6F] [POST /api/telegram/send] [5ms] INFO  - === Extracted username: freshAdmin7
2026-08-12 13:41:44 [D864FB6F] [POST /api/telegram/send] [27ms] INFO  - === Loaded userDetails: {"userInfo":{"id":8,"password":"$2a$10$9Y2El.fRpjCcIkA.WT5W5eXd5XoLmTUAn.8brntWDnWd1LjnqlzWe","role":"Admin","username":"freshAdmin7"},"accountNonExpired":true,"accountNonLocked":true,"authorities":[{"authority":"ROLE_Admin"}],"credentialsNonExpired":true,"enabled":true,"password":"$2a$10$9Y2El.fRpjCcIkA.WT5W5eXd5XoLmTUAn.8brntWDnWd1LjnqlzWe","username":"freshAdmin7"}
2026-08-12 13:41:44 [D864FB6F] [POST /api/telegram/send] [28ms] INFO  - === Token valid? true
2026-08-12 13:41:44 [D864FB6F] [POST /api/telegram/send] [28ms] INFO  - === Authentication SET in context
2026-08-12 13:41:44 [D864FB6F] [POST /api/telegram/send] [35ms] INFO  - Request completed - status=400
2026-08-12 13:44:20 [2B13F01A] [POST /api/telegram/send] [4ms] INFO  - === Extracted username: freshAdmin7
2026-08-12 13:44:20 [2B13F01A] [POST /api/telegram/send] [23ms] INFO  - === Loaded userDetails: {"userInfo":{"id":8,"password":"$2a$10$9Y2El.fRpjCcIkA.WT5W5eXd5XoLmTUAn.8brntWDnWd1LjnqlzWe","role":"Admin","username":"freshAdmin7"},"accountNonExpired":true,"accountNonLocked":true,"authorities":[{"authority":"ROLE_Admin"}],"credentialsNonExpired":true,"enabled":true,"password":"$2a$10$9Y2El.fRpjCcIkA.WT5W5eXd5XoLmTUAn.8brntWDnWd1LjnqlzWe","username":"freshAdmin7"}
2026-08-12 13:44:20 [2B13F01A] [POST /api/telegram/send] [24ms] INFO  - === Token valid? true
2026-08-12 13:44:20 [2B13F01A] [POST /api/telegram/send] [25ms] INFO  - === Authentication SET in context
2026-08-12 13:44:20 [2B13F01A] [POST /api/telegram/send] [30ms] INFO  - Request completed - status=400
2026-08-12 13:45:06 [28493C82] [POST /api/telegram/send] [4ms] INFO  - === Extracted username: freshAdmin7
2026-08-12 13:45:06 [28493C82] [POST /api/telegram/send] [22ms] INFO  - === Loaded userDetails: {"userInfo":{"id":8,"password":"$2a$10$9Y2El.fRpjCcIkA.WT5W5eXd5XoLmTUAn.8brntWDnWd1LjnqlzWe","role":"Admin","username":"freshAdmin7"},"accountNonExpired":true,"accountNonLocked":true,"authorities":[{"authority":"ROLE_Admin"}],"credentialsNonExpired":true,"enabled":true,"password":"$2a$10$9Y2El.fRpjCcIkA.WT5W5eXd5XoLmTUAn.8brntWDnWd1LjnqlzWe","username":"freshAdmin7"}
2026-08-12 13:45:06 [28493C82] [POST /api/telegram/send] [24ms] INFO  - === Token valid? true
2026-08-12 13:45:06 [28493C82] [POST /api/telegram/send] [24ms] INFO  - === Authentication SET in context
2026-08-12 13:45:07 [28493C82] [POST /api/telegram/send] [901ms] INFO  - Request completed - status=404
2026-08-12 13:46:49 [9185C914] [POST /api/telegram/send] [3ms] INFO  - === Extracted username: freshAdmin7
2026-08-12 13:46:49 [9185C914] [POST /api/telegram/send] [18ms] INFO  - === Loaded userDetails: {"userInfo":{"id":8,"password":"$2a$10$9Y2El.fRpjCcIkA.WT5W5eXd5XoLmTUAn.8brntWDnWd1LjnqlzWe","role":"Admin","username":"freshAdmin7"},"accountNonExpired":true,"accountNonLocked":true,"authorities":[{"authority":"ROLE_Admin"}],"credentialsNonExpired":true,"enabled":true,"password":"$2a$10$9Y2El.fRpjCcIkA.WT5W5eXd5XoLmTUAn.8brntWDnWd1LjnqlzWe","username":"freshAdmin7"}
2026-08-12 13:46:49 [9185C914] [POST /api/telegram/send] [19ms] INFO  - === Token valid? true
2026-08-12 13:46:49 [9185C914] [POST /api/telegram/send] [19ms] INFO  - === Authentication SET in context
2026-08-12 13:46:50 [9185C914] [POST /api/telegram/send] [910ms] INFO  - Request completed - status=404
2026-08-12 13:57:29 [] [] [] INFO  - Commencing graceful shutdown. Waiting for active requests to complete
2026-08-12 13:57:29 [] [] [] INFO  - Graceful shutdown complete
2026-08-12 13:57:29 [] [] [] INFO  - Closing JPA EntityManagerFactory for persistence unit 'default'
2026-08-12 13:57:29 [] [] [] INFO  - HikariPool-1 - Shutdown initiated...
2026-08-12 13:57:29 [] [] [] INFO  - HikariPool-1 - Shutdown completed.
2026-08-12 13:57:32 [] [] [] INFO  - Starting StudentManagementApplication using Java 26.0.2 with PID 55602 (/Users/ewent/Documents/Programmer/Java (Spring boot)/StudentManagement/StudentManagement/target/classes started by ewent in /Users/ewent/Documents/Programmer/Java (Spring boot)/StudentManagement/StudentManagement)
2026-08-12 13:57:32 [] [] [] INFO  - No active profile set, falling back to 1 default profile: "default"
2026-08-12 13:57:32 [] [] [] INFO  - HV000001: Hibernate Validator 9.1.0.Final
2026-08-12 13:57:32 [] [] [] INFO  - Multiple Spring Data modules found, entering strict repository configuration mode
2026-08-12 13:57:32 [] [] [] INFO  - Bootstrapping Spring Data JPA repositories in DEFAULT mode.
2026-08-12 13:57:32 [] [] [] INFO  - Finished Spring Data repository scanning in 61 ms. Found 2 JPA repository interfaces.
2026-08-12 13:57:32 [] [] [] INFO  - Multiple Spring Data modules found, entering strict repository configuration mode
2026-08-12 13:57:32 [] [] [] INFO  - Bootstrapping Spring Data Redis repositories in DEFAULT mode.
2026-08-12 13:57:32 [] [] [] INFO  - Spring Data Redis - Could not safely identify store assignment for repository candidate interface com.example.studentsmanagement.Repository.StudentRepository; If you want this repository to be a Redis repository, consider annotating your entities with one of these annotations: org.springframework.data.redis.core.RedisHash (preferred), or consider extending one of the following types with your repository: org.springframework.data.keyvalue.repository.KeyValueRepository
2026-08-12 13:57:32 [] [] [] INFO  - Spring Data Redis - Could not safely identify store assignment for repository candidate interface com.example.studentsmanagement.Repository.UserRepository; If you want this repository to be a Redis repository, consider annotating your entities with one of these annotations: org.springframework.data.redis.core.RedisHash (preferred), or consider extending one of the following types with your repository: org.springframework.data.keyvalue.repository.KeyValueRepository
2026-08-12 13:57:32 [] [] [] INFO  - Finished Spring Data repository scanning in 3 ms. Found 0 Redis repository interfaces.
2026-08-12 13:57:32 [] [] [] INFO  - BeanFactory id=2f454ba3-29a7-3cce-b1fb-c42788cd77ea
2026-08-12 13:57:33 [] [] [] INFO  - Tomcat initialized with port 8080 (http)
2026-08-12 13:57:33 [] [] [] INFO  - Initializing ProtocolHandler ["http-nio-8080"]
2026-08-12 13:57:33 [] [] [] INFO  - Starting service [Tomcat]
2026-08-12 13:57:33 [] [] [] INFO  - Starting Servlet engine: [Apache Tomcat/11.0.22]
2026-08-12 13:57:33 [] [] [] INFO  - Root WebApplicationContext: initialization completed in 916 ms
2026-08-12 13:57:33 [] [] [] INFO  - HHH008540: Processing PersistenceUnitInfo [name: default]
2026-08-12 13:57:33 [] [] [] INFO  - HHH000001: Hibernate ORM core version 7.4.1.Final
2026-08-12 13:57:33 [] [] [] INFO  - No LoadTimeWeaver setup: ignoring JPA class transformer
2026-08-12 13:57:33 [] [] [] INFO  - HikariPool-1 - Starting...
2026-08-12 13:57:33 [] [] [] INFO  - HikariPool-1 - Added connection ConnectionID:1 ClientConnectionId: 3f0fc711-1bde-4d10-856f-24e01d183ac5
2026-08-12 13:57:33 [] [] [] INFO  - HikariPool-1 - Start completed.
2026-08-12 13:57:33 [] [] [] INFO  - HHH10001005: Database info:
	Database JDBC URL [jdbc:sqlserver://localhost:1433;connectRetryInterval=10;connectRetryCount=1;maxResultBuffer=-1;sendTemporalDataTypesAsStringForBulkCopy=true;delayLoadingLobs=true;useFmtOnly=false;cacheBulkCopyMetadata=false;useBulkCopyForBatchInsert=false;cancelQueryTimeout=-1;sslProtocol=TLS;calcBigDecimalPrecision=false;useDefaultJaasConfig=false;jaasConfigurationName=SQLJDBCDriver;statementPoolingCacheSize=0;serverPreparedStatementDiscardThreshold=10;enablePrepareOnFirstPreparedStatementCall=false;fips=false;socketTimeout=0;authentication=NotSpecified;authenticationScheme=nativeAuthentication;xopenStates=false;datetimeParameterType=datetime2;sendTimeAsDatetime=true;replication=false;trustStoreType=JKS;trustServerCertificate=true;TransparentNetworkIPResolution=true;iPAddressPreference=IPv4First;serverNameAsACE=false;sendStringParametersAsUnicode=true;selectMethod=direct;responseBuffering=adaptive;queryTimeout=-1;packetSize=8000;multiSubnetFailover=false;loginTimeout=30;lockTimeout=-1;lastUpdateCount=true;useFlexibleCallableStatements=true;useDefaultGSSCredential=false;prepareMethod=prepexec;encrypt=true;disableStatementPooling=true;databaseName=students_management;columnEncryptionSetting=Disabled;applicationName=Microsoft JDBC Driver for SQL Server;applicationIntent=readwrite;]
	Database driver: Microsoft JDBC Driver 12.8 for SQL Server
	Database dialect: SQLServerDialect
	Database version: 16.0
	Default catalog/schema: students_management/dbo
	Autocommit mode: undefined/unknown
	Isolation level: READ_COMMITTED [default READ_COMMITTED]
	JDBC fetch size: 128
	Pool: DataSourceConnectionProvider
	Minimum pool size: undefined/unknown
	Maximum pool size: undefined/unknown
2026-08-12 13:57:34 [] [] [] INFO  - HHH000489: No JTA platform available (set 'hibernate.transaction.jta.platform' to enable JTA platform integration)
2026-08-12 13:57:34 [] [] [] INFO  - Initialized JPA EntityManagerFactory for persistence unit 'default'
2026-08-12 13:57:34 [] [] [] INFO  - Hibernate is in classpath; If applicable, HQL parser will be used.
2026-08-12 13:57:35 [] [] [] INFO  - Global AuthenticationManager configured with UserDetailsService bean with name customUserDetailsService
2026-08-12 13:57:35 [] [] [] INFO  - Exposing 1 endpoint beneath base path '/actuator'
2026-08-12 13:57:35 [] [] [] INFO  - Starting ProtocolHandler ["http-nio-8080"]
2026-08-12 13:57:35 [] [] [] INFO  - Tomcat started on port 8080 (http) with context path '/'
2026-08-12 13:57:35 [] [] [] INFO  - Started StudentManagementApplication in 4.398 seconds (process running for 4.741)
2026-08-12 13:57:38 [] [] [] INFO  - Initializing Spring DispatcherServlet 'dispatcherServlet'
2026-08-12 13:57:38 [] [] [] INFO  - Initializing Servlet 'dispatcherServlet'
2026-08-12 13:57:38 [] [] [] INFO  - Completed initialization in 2 ms
2026-08-12 13:57:38 [67E8A118] [POST /api/telegram/send] [47ms] INFO  - === Extracted username: freshAdmin7
2026-08-12 13:57:38 [67E8A118] [POST /api/telegram/send] [312ms] INFO  - === Loaded userDetails: {"userInfo":{"id":8,"password":"$2a$10$9Y2El.fRpjCcIkA.WT5W5eXd5XoLmTUAn.8brntWDnWd1LjnqlzWe","role":"Admin","username":"freshAdmin7"},"accountNonExpired":true,"accountNonLocked":true,"authorities":[{"authority":"ROLE_Admin"}],"credentialsNonExpired":true,"enabled":true,"password":"$2a$10$9Y2El.fRpjCcIkA.WT5W5eXd5XoLmTUAn.8brntWDnWd1LjnqlzWe","username":"freshAdmin7"}
2026-08-12 13:57:38 [67E8A118] [POST /api/telegram/send] [312ms] INFO  - === Token valid? true
2026-08-12 13:57:38 [67E8A118] [POST /api/telegram/send] [313ms] INFO  - === Authentication SET in context
2026-08-12 13:57:39 [67E8A118] [POST /api/telegram/send] [1321ms] INFO  - Request completed - status=404
2026-08-12 13:59:19 [0BAE07DB] [POST /api/telegram/send] [5ms] INFO  - === Extracted username: freshAdmin7
2026-08-12 13:59:19 [0BAE07DB] [POST /api/telegram/send] [27ms] INFO  - === Loaded userDetails: {"userInfo":{"id":8,"password":"$2a$10$9Y2El.fRpjCcIkA.WT5W5eXd5XoLmTUAn.8brntWDnWd1LjnqlzWe","role":"Admin","username":"freshAdmin7"},"accountNonExpired":true,"accountNonLocked":true,"authorities":[{"authority":"ROLE_Admin"}],"credentialsNonExpired":true,"enabled":true,"password":"$2a$10$9Y2El.fRpjCcIkA.WT5W5eXd5XoLmTUAn.8brntWDnWd1LjnqlzWe","username":"freshAdmin7"}
2026-08-12 13:59:19 [0BAE07DB] [POST /api/telegram/send] [27ms] INFO  - === Token valid? true
2026-08-12 13:59:19 [0BAE07DB] [POST /api/telegram/send] [28ms] INFO  - === Authentication SET in context
2026-08-12 13:59:20 [0BAE07DB] [POST /api/telegram/send] [927ms] INFO  - Request completed - status=404
