2026-08-10 20:01:34 [2CEC1B55] [POST /auth/register] INFO  - Register successful for username: freshAdmin4
2026-08-10 20:01:37 [2CEC1B55] [POST /auth/register] INFO  - Response: POST /auth/register status=200
2026-08-10 20:01:45 [D653E980] [POST /auth/login] INFO  - Request: POST /auth/login
2026-08-10 20:01:45 [D653E980] [POST /auth/login] INFO  - === JwtAuthFilter TRIGGERED for: /auth/login
2026-08-10 20:01:45 [D653E980] [POST /auth/login] INFO  - === No valid Bearer header, skipping auth
2026-08-10 20:02:16 [D653E980] [POST /auth/login] INFO  - Response: POST /auth/login status=200
2026-08-10 20:02:24 [7DCBCF22] [POST /auth/login] INFO  - Request: POST /auth/login
2026-08-10 20:02:24 [7DCBCF22] [POST /auth/login] INFO  - === JwtAuthFilter TRIGGERED for: /auth/login
2026-08-10 20:02:24 [7DCBCF22] [POST /auth/login] INFO  - === No valid Bearer header, skipping auth
2026-08-10 20:04:17 [7DCBCF22] [POST /auth/login] INFO  - Response: POST /auth/login status=200
2026-08-10 20:04:48 [109C6854] [POST /auth/login] INFO  - Request: POST /auth/login
2026-08-10 20:04:48 [109C6854] [POST /auth/login] INFO  - === JwtAuthFilter TRIGGERED for: /auth/login
2026-08-10 20:04:48 [109C6854] [POST /auth/login] INFO  - === No valid Bearer header, skipping auth
2026-08-10 20:05:41 [109C6854] [POST /auth/login] INFO  - Response: POST /auth/login status=200
2026-08-10 20:05:44 [EF1B6BB6] [POST /auth/login] INFO  - Request: POST /auth/login
2026-08-10 20:05:44 [EF1B6BB6] [POST /auth/login] INFO  - === JwtAuthFilter TRIGGERED for: /auth/login
2026-08-10 20:05:44 [EF1B6BB6] [POST /auth/login] INFO  - === No valid Bearer header, skipping auth
2026-08-10 20:15:06 [EF1B6BB6] [POST /auth/login] INFO  - Response: POST /auth/login status=200
2026-08-10 20:15:06 [] [] INFO  - Commencing graceful shutdown. Waiting for active requests to complete
2026-08-10 20:15:06 [] [] INFO  - Graceful shutdown complete
2026-08-10 20:15:06 [] [] INFO  - Closing JPA EntityManagerFactory for persistence unit 'default'
2026-08-10 20:15:06 [] [] INFO  - HikariPool-1 - Shutdown initiated...
2026-08-10 20:15:06 [] [] INFO  - HikariPool-1 - Shutdown completed.
2026-08-10 20:15:08 [] [] INFO  - Starting StudentManagementApplication using Java 26.0.2 with PID 90669 (/Users/ewent/Documents/Programmer/Java (Spring boot)/StudentManagement/StudentManagement/target/classes started by ewent in /Users/ewent/Documents/Programmer/Java (Spring boot)/StudentManagement/StudentManagement)
2026-08-10 20:15:08 [] [] INFO  - No active profile set, falling back to 1 default profile: "default"
2026-08-10 20:15:08 [] [] INFO  - HV000001: Hibernate Validator 9.1.0.Final
2026-08-10 20:15:08 [] [] INFO  - Bootstrapping Spring Data JPA repositories in DEFAULT mode.
2026-08-10 20:15:08 [] [] INFO  - Finished Spring Data repository scanning in 20 ms. Found 2 JPA repository interfaces.
2026-08-10 20:15:08 [] [] INFO  - BeanFactory id=4f252354-8b7c-3be3-bcc3-028194ab10e2
2026-08-10 20:15:08 [] [] INFO  - Tomcat initialized with port 8080 (http)
2026-08-10 20:15:08 [] [] INFO  - Initializing ProtocolHandler ["http-nio-8080"]
2026-08-10 20:15:08 [] [] INFO  - Starting service [Tomcat]
2026-08-10 20:15:08 [] [] INFO  - Starting Servlet engine: [Apache Tomcat/11.0.22]
2026-08-10 20:15:08 [] [] INFO  - Root WebApplicationContext: initialization completed in 647 ms
2026-08-10 20:15:09 [] [] INFO  - HHH008540: Processing PersistenceUnitInfo [name: default]
2026-08-10 20:15:09 [] [] INFO  - HHH000001: Hibernate ORM core version 7.4.1.Final
2026-08-10 20:15:09 [] [] INFO  - No LoadTimeWeaver setup: ignoring JPA class transformer
2026-08-10 20:15:09 [] [] INFO  - HikariPool-1 - Starting...
2026-08-10 20:15:09 [] [] INFO  - HikariPool-1 - Added connection ConnectionID:1 ClientConnectionId: 3b162792-5a45-4c75-9a54-ed80623fb694
2026-08-10 20:15:09 [] [] INFO  - HikariPool-1 - Start completed.
2026-08-10 20:15:09 [] [] INFO  - HHH10001005: Database info:
	Database JDBC URL [jdbc:sqlserver://localhost:1433;connectRetryInterval=10;connectRetryCount=1;maxResultBuffer=-1;sendTemporalDataTypesAsStringForBulkCopy=true;delayLoadingLobs=true;useFmtOnly=false;cacheBulkCopyMetadata=false;useBulkCopyForBatchInsert=false;cancelQueryTimeout=-1;sslProtocol=TLS;calcBigDecimalPrecision=false;useDefaultJaasConfig=false;jaasConfigurationName=SQLJDBCDriver;statementPoolingCacheSize=0;serverPreparedStatementDiscardThreshold=10;enablePrepareOnFirstPreparedStatementCall=false;fips=false;socketTimeout=0;authentication=NotSpecified;authenticationScheme=nativeAuthentication;xopenStates=false;datetimeParameterType=datetime2;sendTimeAsDatetime=true;replication=false;trustStoreType=JKS;trustServerCertificate=true;TransparentNetworkIPResolution=true;iPAddressPreference=IPv4First;serverNameAsACE=false;sendStringParametersAsUnicode=true;selectMethod=direct;responseBuffering=adaptive;queryTimeout=-1;packetSize=8000;multiSubnetFailover=false;loginTimeout=30;lockTimeout=-1;lastUpdateCount=true;useFlexibleCallableStatements=true;useDefaultGSSCredential=false;prepareMethod=prepexec;encrypt=true;disableStatementPooling=true;databaseName=students_management;columnEncryptionSetting=Disabled;applicationName=Microsoft JDBC Driver for SQL Server;applicationIntent=readwrite;]
	Database driver: Microsoft JDBC Driver 12.8 for SQL Server
	Database dialect: SQLServerDialect
	Database version: 16.0
	Default catalog/schema: students_management/dbo
	Autocommit mode: undefined/unknown
	Isolation level: READ_COMMITTED [default READ_COMMITTED]
	JDBC fetch size: 128
	Pool: DataSourceConnectionProvider
	Minimum pool size: undefined/unknown
	Maximum pool size: undefined/unknown
2026-08-10 20:15:09 [] [] INFO  - HHH000489: No JTA platform available (set 'hibernate.transaction.jta.platform' to enable JTA platform integration)
2026-08-10 20:15:10 [] [] INFO  - Initialized JPA EntityManagerFactory for persistence unit 'default'
2026-08-10 20:15:10 [] [] INFO  - Hibernate is in classpath; If applicable, HQL parser will be used.
2026-08-10 20:15:10 [] [] INFO  - Global AuthenticationManager configured with UserDetailsService bean with name customUserDetailsService
2026-08-10 20:15:10 [] [] INFO  - Starting ProtocolHandler ["http-nio-8080"]
2026-08-10 20:15:10 [] [] INFO  - Tomcat started on port 8080 (http) with context path '/'
2026-08-10 20:15:10 [] [] INFO  - Started StudentManagementApplication in 2.621 seconds (process running for 3.001)
2026-08-10 20:15:19 [] [] INFO  - Initializing Spring DispatcherServlet 'dispatcherServlet'
2026-08-10 20:15:19 [] [] INFO  - Initializing Servlet 'dispatcherServlet'
2026-08-10 20:15:19 [] [] INFO  - Completed initialization in 1 ms
2026-08-10 20:15:19 [ED355E9B] [POST /auth/login] INFO  - Request: POST /auth/login
2026-08-10 20:15:19 [ED355E9B] [POST /auth/login] INFO  - === JwtAuthFilter TRIGGERED for: /auth/login
2026-08-10 20:15:19 [ED355E9B] [POST /auth/login] INFO  - === No valid Bearer header, skipping auth
2026-08-10 20:16:20 [ED355E9B] [POST /auth/login] INFO  - Response: POST /auth/login status=200
2026-08-10 20:16:24 [4E1767BD] [POST /auth/login] INFO  - Request: POST /auth/login
2026-08-10 20:16:24 [4E1767BD] [POST /auth/login] INFO  - === JwtAuthFilter TRIGGERED for: /auth/login
2026-08-10 20:16:24 [4E1767BD] [POST /auth/login] INFO  - === No valid Bearer header, skipping auth
2026-08-10 20:16:39 [4E1767BD] [POST /auth/login] INFO  - Response: POST /auth/login status=200
2026-08-10 20:16:47 [] [] INFO  - Commencing graceful shutdown. Waiting for active requests to complete
2026-08-10 20:16:47 [] [] INFO  - Graceful shutdown complete
2026-08-10 20:16:47 [] [] INFO  - Closing JPA EntityManagerFactory for persistence unit 'default'
2026-08-10 20:16:47 [] [] INFO  - HikariPool-1 - Shutdown initiated...
2026-08-10 20:16:47 [] [] INFO  - HikariPool-1 - Shutdown completed.
2026-08-10 20:16:49 [] [] INFO  - Starting StudentManagementApplication using Java 26.0.2 with PID 90752 (/Users/ewent/Documents/Programmer/Java (Spring boot)/StudentManagement/StudentManagement/target/classes started by ewent in /Users/ewent/Documents/Programmer/Java (Spring boot)/StudentManagement/StudentManagement)
2026-08-10 20:16:49 [] [] INFO  - No active profile set, falling back to 1 default profile: "default"
2026-08-10 20:16:49 [] [] INFO  - HV000001: Hibernate Validator 9.1.0.Final
2026-08-10 20:16:50 [] [] INFO  - Bootstrapping Spring Data JPA repositories in DEFAULT mode.
2026-08-10 20:16:50 [] [] INFO  - Finished Spring Data repository scanning in 18 ms. Found 2 JPA repository interfaces.
2026-08-10 20:16:50 [] [] INFO  - BeanFactory id=4f252354-8b7c-3be3-bcc3-028194ab10e2
2026-08-10 20:16:50 [] [] INFO  - Tomcat initialized with port 8080 (http)
2026-08-10 20:16:50 [] [] INFO  - Initializing ProtocolHandler ["http-nio-8080"]
2026-08-10 20:16:50 [] [] INFO  - Starting service [Tomcat]
2026-08-10 20:16:50 [] [] INFO  - Starting Servlet engine: [Apache Tomcat/11.0.22]
2026-08-10 20:16:50 [] [] INFO  - Root WebApplicationContext: initialization completed in 618 ms
2026-08-10 20:16:50 [] [] INFO  - HHH008540: Processing PersistenceUnitInfo [name: default]
2026-08-10 20:16:50 [] [] INFO  - HHH000001: Hibernate ORM core version 7.4.1.Final
2026-08-10 20:16:50 [] [] INFO  - No LoadTimeWeaver setup: ignoring JPA class transformer
2026-08-10 20:16:50 [] [] INFO  - HikariPool-1 - Starting...
2026-08-10 20:16:50 [] [] INFO  - HikariPool-1 - Added connection ConnectionID:1 ClientConnectionId: eb7bf453-5376-4875-af14-1938801e63cf
2026-08-10 20:16:50 [] [] INFO  - HikariPool-1 - Start completed.
2026-08-10 20:16:50 [] [] INFO  - HHH10001005: Database info:
	Database JDBC URL [jdbc:sqlserver://localhost:1433;connectRetryInterval=10;connectRetryCount=1;maxResultBuffer=-1;sendTemporalDataTypesAsStringForBulkCopy=true;delayLoadingLobs=true;useFmtOnly=false;cacheBulkCopyMetadata=false;useBulkCopyForBatchInsert=false;cancelQueryTimeout=-1;sslProtocol=TLS;calcBigDecimalPrecision=false;useDefaultJaasConfig=false;jaasConfigurationName=SQLJDBCDriver;statementPoolingCacheSize=0;serverPreparedStatementDiscardThreshold=10;enablePrepareOnFirstPreparedStatementCall=false;fips=false;socketTimeout=0;authentication=NotSpecified;authenticationScheme=nativeAuthentication;xopenStates=false;datetimeParameterType=datetime2;sendTimeAsDatetime=true;replication=false;trustStoreType=JKS;trustServerCertificate=true;TransparentNetworkIPResolution=true;iPAddressPreference=IPv4First;serverNameAsACE=false;sendStringParametersAsUnicode=true;selectMethod=direct;responseBuffering=adaptive;queryTimeout=-1;packetSize=8000;multiSubnetFailover=false;loginTimeout=30;lockTimeout=-1;lastUpdateCount=true;useFlexibleCallableStatements=true;useDefaultGSSCredential=false;prepareMethod=prepexec;encrypt=true;disableStatementPooling=true;databaseName=students_management;columnEncryptionSetting=Disabled;applicationName=Microsoft JDBC Driver for SQL Server;applicationIntent=readwrite;]
	Database driver: Microsoft JDBC Driver 12.8 for SQL Server
	Database dialect: SQLServerDialect
	Database version: 16.0
	Default catalog/schema: students_management/dbo
	Autocommit mode: undefined/unknown
	Isolation level: READ_COMMITTED [default READ_COMMITTED]
	JDBC fetch size: 128
	Pool: DataSourceConnectionProvider
	Minimum pool size: undefined/unknown
	Maximum pool size: undefined/unknown
2026-08-10 20:16:51 [] [] INFO  - HHH000489: No JTA platform available (set 'hibernate.transaction.jta.platform' to enable JTA platform integration)
2026-08-10 20:16:51 [] [] INFO  - Initialized JPA EntityManagerFactory for persistence unit 'default'
2026-08-10 20:16:51 [] [] INFO  - Hibernate is in classpath; If applicable, HQL parser will be used.
2026-08-10 20:16:51 [] [] INFO  - Global AuthenticationManager configured with UserDetailsService bean with name customUserDetailsService
2026-08-10 20:16:52 [] [] INFO  - Starting ProtocolHandler ["http-nio-8080"]
2026-08-10 20:16:52 [] [] INFO  - Tomcat started on port 8080 (http) with context path '/'
2026-08-10 20:16:52 [] [] INFO  - Started StudentManagementApplication in 2.583 seconds (process running for 3.306)
2026-08-10 20:16:52 [] [] INFO  - Initializing Spring DispatcherServlet 'dispatcherServlet'
2026-08-10 20:16:52 [] [] INFO  - Initializing Servlet 'dispatcherServlet'
2026-08-10 20:16:52 [] [] INFO  - Completed initialization in 1 ms
2026-08-10 20:16:52 [CF4FFEAD] [POST /auth/login] INFO  - Request: POST /auth/login
2026-08-10 20:16:52 [CF4FFEAD] [POST /auth/login] INFO  - === JwtAuthFilter TRIGGERED for: /auth/login
2026-08-10 20:16:52 [CF4FFEAD] [POST /auth/login] INFO  - === No valid Bearer header, skipping auth
2026-08-10 20:17:36 [CF4FFEAD] [POST /auth/login] INFO  - Response: POST /auth/login status=200
2026-08-10 20:48:17 [] [] INFO  - Commencing graceful shutdown. Waiting for active requests to complete
2026-08-10 20:48:17 [] [] INFO  - Graceful shutdown complete
2026-08-10 20:48:17 [] [] INFO  - Closing JPA EntityManagerFactory for persistence unit 'default'
2026-08-10 20:48:17 [] [] INFO  - HikariPool-1 - Shutdown initiated...
2026-08-10 20:48:17 [] [] INFO  - HikariPool-1 - Shutdown completed.
2026-08-10 20:50:40 [] [] INFO  - Starting StudentManagementApplication using Java 26.0.2 with PID 91823 (/Users/ewent/Documents/Programmer/Java (Spring boot)/StudentManagement/StudentManagement/target/classes started by ewent in /Users/ewent/Documents/Programmer/Java (Spring boot)/StudentManagement/StudentManagement)
2026-08-10 20:50:40 [] [] INFO  - No active profile set, falling back to 1 default profile: "default"
2026-08-10 20:50:40 [] [] INFO  - HV000001: Hibernate Validator 9.1.0.Final
2026-08-10 20:50:40 [] [] INFO  - Bootstrapping Spring Data JPA repositories in DEFAULT mode.
2026-08-10 20:50:40 [] [] INFO  - Finished Spring Data repository scanning in 15 ms. Found 2 JPA repository interfaces.
2026-08-10 20:50:40 [] [] INFO  - BeanFactory id=4f252354-8b7c-3be3-bcc3-028194ab10e2
2026-08-10 20:50:40 [] [] INFO  - Tomcat initialized with port 8080 (http)
2026-08-10 20:50:40 [] [] INFO  - Initializing ProtocolHandler ["http-nio-8080"]
2026-08-10 20:50:40 [] [] INFO  - Starting service [Tomcat]
2026-08-10 20:50:40 [] [] INFO  - Starting Servlet engine: [Apache Tomcat/11.0.22]
2026-08-10 20:50:40 [] [] INFO  - Root WebApplicationContext: initialization completed in 553 ms
2026-08-10 20:50:40 [] [] INFO  - HHH008540: Processing PersistenceUnitInfo [name: default]
2026-08-10 20:50:40 [] [] INFO  - HHH000001: Hibernate ORM core version 7.4.1.Final
2026-08-10 20:50:40 [] [] INFO  - No LoadTimeWeaver setup: ignoring JPA class transformer
2026-08-10 20:50:40 [] [] INFO  - HikariPool-1 - Starting...
2026-08-10 20:50:41 [] [] INFO  - HikariPool-1 - Added connection ConnectionID:1 ClientConnectionId: 3dd93abe-9e57-431c-a2d9-d4c13c317105
2026-08-10 20:50:41 [] [] INFO  - HikariPool-1 - Start completed.
2026-08-10 20:50:41 [] [] INFO  - HHH10001005: Database info:
	Database JDBC URL [jdbc:sqlserver://localhost:1433;connectRetryInterval=10;connectRetryCount=1;maxResultBuffer=-1;sendTemporalDataTypesAsStringForBulkCopy=true;delayLoadingLobs=true;useFmtOnly=false;cacheBulkCopyMetadata=false;useBulkCopyForBatchInsert=false;cancelQueryTimeout=-1;sslProtocol=TLS;calcBigDecimalPrecision=false;useDefaultJaasConfig=false;jaasConfigurationName=SQLJDBCDriver;statementPoolingCacheSize=0;serverPreparedStatementDiscardThreshold=10;enablePrepareOnFirstPreparedStatementCall=false;fips=false;socketTimeout=0;authentication=NotSpecified;authenticationScheme=nativeAuthentication;xopenStates=false;datetimeParameterType=datetime2;sendTimeAsDatetime=true;replication=false;trustStoreType=JKS;trustServerCertificate=true;TransparentNetworkIPResolution=true;iPAddressPreference=IPv4First;serverNameAsACE=false;sendStringParametersAsUnicode=true;selectMethod=direct;responseBuffering=adaptive;queryTimeout=-1;packetSize=8000;multiSubnetFailover=false;loginTimeout=30;lockTimeout=-1;lastUpdateCount=true;useFlexibleCallableStatements=true;useDefaultGSSCredential=false;prepareMethod=prepexec;encrypt=true;disableStatementPooling=true;databaseName=students_management;columnEncryptionSetting=Disabled;applicationName=Microsoft JDBC Driver for SQL Server;applicationIntent=readwrite;]
	Database driver: Microsoft JDBC Driver 12.8 for SQL Server
	Database dialect: SQLServerDialect
	Database version: 16.0
	Default catalog/schema: students_management/dbo
	Autocommit mode: undefined/unknown
	Isolation level: READ_COMMITTED [default READ_COMMITTED]
	JDBC fetch size: 128
	Pool: DataSourceConnectionProvider
	Minimum pool size: undefined/unknown
	Maximum pool size: undefined/unknown
2026-08-10 20:50:41 [] [] INFO  - HHH000489: No JTA platform available (set 'hibernate.transaction.jta.platform' to enable JTA platform integration)
2026-08-10 20:50:41 [] [] INFO  - Initialized JPA EntityManagerFactory for persistence unit 'default'
2026-08-10 20:50:41 [] [] INFO  - Hibernate is in classpath; If applicable, HQL parser will be used.
2026-08-10 20:50:41 [] [] INFO  - Global AuthenticationManager configured with UserDetailsService bean with name customUserDetailsService
2026-08-10 20:50:41 [] [] INFO  - Closing JPA EntityManagerFactory for persistence unit 'default'
2026-08-10 20:50:41 [] [] INFO  - HikariPool-1 - Shutdown initiated...
2026-08-10 20:50:41 [] [] INFO  - HikariPool-1 - Shutdown completed.
2026-08-10 20:50:41 [] [] INFO  - Stopping service [Tomcat]
2026-08-10 20:50:41 [] [] INFO  - 

Error starting ApplicationContext. To display the condition evaluation report re-run your application with 'debug' enabled.
2026-08-10 20:52:45 [] [] INFO  - Starting StudentManagementApplication using Java 26.0.2 with PID 91942 (/Users/ewent/Documents/Programmer/Java (Spring boot)/StudentManagement/StudentManagement/target/classes started by ewent in /Users/ewent/Documents/Programmer/Java (Spring boot)/StudentManagement/StudentManagement)
2026-08-10 20:52:45 [] [] INFO  - No active profile set, falling back to 1 default profile: "default"
2026-08-10 20:52:45 [] [] INFO  - HV000001: Hibernate Validator 9.1.0.Final
2026-08-10 20:52:45 [] [] INFO  - Bootstrapping Spring Data JPA repositories in DEFAULT mode.
2026-08-10 20:52:45 [] [] INFO  - Finished Spring Data repository scanning in 15 ms. Found 2 JPA repository interfaces.
2026-08-10 20:52:46 [] [] INFO  - BeanFactory id=4f252354-8b7c-3be3-bcc3-028194ab10e2
2026-08-10 20:52:46 [] [] INFO  - Tomcat initialized with port 8080 (http)
2026-08-10 20:52:46 [] [] INFO  - Initializing ProtocolHandler ["http-nio-8080"]
2026-08-10 20:52:46 [] [] INFO  - Starting service [Tomcat]
2026-08-10 20:52:46 [] [] INFO  - Starting Servlet engine: [Apache Tomcat/11.0.22]
2026-08-10 20:52:46 [] [] INFO  - Root WebApplicationContext: initialization completed in 536 ms
2026-08-10 20:52:46 [] [] INFO  - HHH008540: Processing PersistenceUnitInfo [name: default]
2026-08-10 20:52:46 [] [] INFO  - HHH000001: Hibernate ORM core version 7.4.1.Final
2026-08-10 20:52:46 [] [] INFO  - No LoadTimeWeaver setup: ignoring JPA class transformer
2026-08-10 20:52:46 [] [] INFO  - HikariPool-1 - Starting...
2026-08-10 20:52:46 [] [] INFO  - HikariPool-1 - Added connection ConnectionID:1 ClientConnectionId: 86e0ca23-e8ef-4a1d-b8da-6f93f5948575
2026-08-10 20:52:46 [] [] INFO  - HikariPool-1 - Start completed.
2026-08-10 20:52:46 [] [] INFO  - HHH10001005: Database info:
	Database JDBC URL [jdbc:sqlserver://localhost:1433;connectRetryInterval=10;connectRetryCount=1;maxResultBuffer=-1;sendTemporalDataTypesAsStringForBulkCopy=true;delayLoadingLobs=true;useFmtOnly=false;cacheBulkCopyMetadata=false;useBulkCopyForBatchInsert=false;cancelQueryTimeout=-1;sslProtocol=TLS;calcBigDecimalPrecision=false;useDefaultJaasConfig=false;jaasConfigurationName=SQLJDBCDriver;statementPoolingCacheSize=0;serverPreparedStatementDiscardThreshold=10;enablePrepareOnFirstPreparedStatementCall=false;fips=false;socketTimeout=0;authentication=NotSpecified;authenticationScheme=nativeAuthentication;xopenStates=false;datetimeParameterType=datetime2;sendTimeAsDatetime=true;replication=false;trustStoreType=JKS;trustServerCertificate=true;TransparentNetworkIPResolution=true;iPAddressPreference=IPv4First;serverNameAsACE=false;sendStringParametersAsUnicode=true;selectMethod=direct;responseBuffering=adaptive;queryTimeout=-1;packetSize=8000;multiSubnetFailover=false;loginTimeout=30;lockTimeout=-1;lastUpdateCount=true;useFlexibleCallableStatements=true;useDefaultGSSCredential=false;prepareMethod=prepexec;encrypt=true;disableStatementPooling=true;databaseName=students_management;columnEncryptionSetting=Disabled;applicationName=Microsoft JDBC Driver for SQL Server;applicationIntent=readwrite;]
	Database driver: Microsoft JDBC Driver 12.8 for SQL Server
	Database dialect: SQLServerDialect
	Database version: 16.0
	Default catalog/schema: students_management/dbo
	Autocommit mode: undefined/unknown
	Isolation level: READ_COMMITTED [default READ_COMMITTED]
	JDBC fetch size: 128
	Pool: DataSourceConnectionProvider
	Minimum pool size: undefined/unknown
	Maximum pool size: undefined/unknown
2026-08-10 20:52:47 [] [] INFO  - HHH000489: No JTA platform available (set 'hibernate.transaction.jta.platform' to enable JTA platform integration)
2026-08-10 20:52:47 [] [] INFO  - Initialized JPA EntityManagerFactory for persistence unit 'default'
2026-08-10 20:52:47 [] [] INFO  - Hibernate is in classpath; If applicable, HQL parser will be used.
2026-08-10 20:52:47 [] [] INFO  - Global AuthenticationManager configured with UserDetailsService bean with name customUserDetailsService
2026-08-10 20:52:47 [] [] INFO  - Closing JPA EntityManagerFactory for persistence unit 'default'
2026-08-10 20:52:47 [] [] INFO  - HikariPool-1 - Shutdown initiated...
2026-08-10 20:52:47 [] [] INFO  - HikariPool-1 - Shutdown completed.
2026-08-10 20:52:47 [] [] INFO  - Stopping service [Tomcat]
2026-08-10 20:52:47 [] [] INFO  - 

Error starting ApplicationContext. To display the condition evaluation report re-run your application with 'debug' enabled.
