2026-08-12 10:08:07 [] [] [] INFO  - Commencing graceful shutdown. Waiting for active requests to complete
2026-08-12 10:08:07 [] [] [] INFO  - Graceful shutdown complete
2026-08-12 10:08:07 [] [] [] INFO  - Closing JPA EntityManagerFactory for persistence unit 'default'
2026-08-12 10:08:07 [] [] [] INFO  - HikariPool-1 - Shutdown initiated...
2026-08-12 10:08:07 [] [] [] INFO  - HikariPool-1 - Shutdown completed.
2026-08-12 10:24:27 [] [] [] INFO  - Starting StudentManagementApplication using Java 26.0.2 with PID 44115 (/Users/ewent/Documents/Programmer/Java (Spring boot)/StudentManagement/StudentManagement/target/classes started by ewent in /Users/ewent/Documents/Programmer/Java (Spring boot)/StudentManagement/StudentManagement)
2026-08-12 10:24:27 [] [] [] INFO  - No active profile set, falling back to 1 default profile: "default"
2026-08-12 10:24:27 [] [] [] INFO  - HV000001: Hibernate Validator 9.1.0.Final
2026-08-12 10:24:27 [] [] [] INFO  - Multiple Spring Data modules found, entering strict repository configuration mode
2026-08-12 10:24:27 [] [] [] INFO  - Bootstrapping Spring Data JPA repositories in DEFAULT mode.
2026-08-12 10:24:28 [] [] [] INFO  - Finished Spring Data repository scanning in 53 ms. Found 2 JPA repository interfaces.
2026-08-12 10:24:28 [] [] [] INFO  - Multiple Spring Data modules found, entering strict repository configuration mode
2026-08-12 10:24:28 [] [] [] INFO  - Bootstrapping Spring Data Redis repositories in DEFAULT mode.
2026-08-12 10:24:28 [] [] [] INFO  - Spring Data Redis - Could not safely identify store assignment for repository candidate interface com.example.studentsmanagement.Repository.StudentRepository; If you want this repository to be a Redis repository, consider annotating your entities with one of these annotations: org.springframework.data.redis.core.RedisHash (preferred), or consider extending one of the following types with your repository: org.springframework.data.keyvalue.repository.KeyValueRepository
2026-08-12 10:24:28 [] [] [] INFO  - Spring Data Redis - Could not safely identify store assignment for repository candidate interface com.example.studentsmanagement.Repository.UserRepository; If you want this repository to be a Redis repository, consider annotating your entities with one of these annotations: org.springframework.data.redis.core.RedisHash (preferred), or consider extending one of the following types with your repository: org.springframework.data.keyvalue.repository.KeyValueRepository
2026-08-12 10:24:28 [] [] [] INFO  - Finished Spring Data repository scanning in 2 ms. Found 0 Redis repository interfaces.
2026-08-12 10:24:28 [] [] [] INFO  - BeanFactory id=83d412e5-9070-39f1-bba6-428bcec5c13e
2026-08-12 10:24:28 [] [] [] INFO  - Tomcat initialized with port 8080 (http)
2026-08-12 10:24:28 [] [] [] INFO  - Initializing ProtocolHandler ["http-nio-8080"]
2026-08-12 10:24:28 [] [] [] INFO  - Starting service [Tomcat]
2026-08-12 10:24:28 [] [] [] INFO  - Starting Servlet engine: [Apache Tomcat/11.0.22]
2026-08-12 10:24:28 [] [] [] INFO  - Root WebApplicationContext: initialization completed in 725 ms
2026-08-12 10:24:28 [] [] [] INFO  - HHH008540: Processing PersistenceUnitInfo [name: default]
2026-08-12 10:24:28 [] [] [] INFO  - HHH000001: Hibernate ORM core version 7.4.1.Final
2026-08-12 10:24:28 [] [] [] INFO  - No LoadTimeWeaver setup: ignoring JPA class transformer
2026-08-12 10:24:28 [] [] [] INFO  - HikariPool-1 - Starting...
2026-08-12 10:24:28 [] [] [] INFO  - HikariPool-1 - Added connection ConnectionID:1 ClientConnectionId: 1a6150bc-2f86-4cd3-8f14-9e5c8ec63766
2026-08-12 10:24:28 [] [] [] INFO  - HikariPool-1 - Start completed.
2026-08-12 10:24:28 [] [] [] INFO  - HHH10001005: Database info:
	Database JDBC URL [jdbc:sqlserver://localhost:1433;connectRetryInterval=10;connectRetryCount=1;maxResultBuffer=-1;sendTemporalDataTypesAsStringForBulkCopy=true;delayLoadingLobs=true;useFmtOnly=false;cacheBulkCopyMetadata=false;useBulkCopyForBatchInsert=false;cancelQueryTimeout=-1;sslProtocol=TLS;calcBigDecimalPrecision=false;useDefaultJaasConfig=false;jaasConfigurationName=SQLJDBCDriver;statementPoolingCacheSize=0;serverPreparedStatementDiscardThreshold=10;enablePrepareOnFirstPreparedStatementCall=false;fips=false;socketTimeout=0;authentication=NotSpecified;authenticationScheme=nativeAuthentication;xopenStates=false;datetimeParameterType=datetime2;sendTimeAsDatetime=true;replication=false;trustStoreType=JKS;trustServerCertificate=true;TransparentNetworkIPResolution=true;iPAddressPreference=IPv4First;serverNameAsACE=false;sendStringParametersAsUnicode=true;selectMethod=direct;responseBuffering=adaptive;queryTimeout=-1;packetSize=8000;multiSubnetFailover=false;loginTimeout=30;lockTimeout=-1;lastUpdateCount=true;useFlexibleCallableStatements=true;useDefaultGSSCredential=false;prepareMethod=prepexec;encrypt=true;disableStatementPooling=true;databaseName=students_management;columnEncryptionSetting=Disabled;applicationName=Microsoft JDBC Driver for SQL Server;applicationIntent=readwrite;]
	Database driver: Microsoft JDBC Driver 12.8 for SQL Server
	Database dialect: SQLServerDialect
	Database version: 16.0
	Default catalog/schema: students_management/dbo
	Autocommit mode: undefined/unknown
	Isolation level: READ_COMMITTED [default READ_COMMITTED]
	JDBC fetch size: 128
	Pool: DataSourceConnectionProvider
	Minimum pool size: undefined/unknown
	Maximum pool size: undefined/unknown
2026-08-12 10:24:29 [] [] [] INFO  - HHH000489: No JTA platform available (set 'hibernate.transaction.jta.platform' to enable JTA platform integration)
2026-08-12 10:24:29 [] [] [] INFO  - Initialized JPA EntityManagerFactory for persistence unit 'default'
2026-08-12 10:24:29 [] [] [] INFO  - Hibernate is in classpath; If applicable, HQL parser will be used.
2026-08-12 10:24:29 [] [] [] INFO  - Global AuthenticationManager configured with UserDetailsService bean with name customUserDetailsService
2026-08-12 10:24:29 [] [] [] INFO  - Exposing 1 endpoint beneath base path '/actuator'
2026-08-12 10:24:30 [] [] [] INFO  - Starting ProtocolHandler ["http-nio-8080"]
2026-08-12 10:24:30 [] [] [] INFO  - Tomcat started on port 8080 (http) with context path '/'
2026-08-12 10:24:30 [] [] [] INFO  - Started StudentManagementApplication in 2.711 seconds (process running for 2.95)
2026-08-12 10:24:45 [] [] [] INFO  - Initializing Spring DispatcherServlet 'dispatcherServlet'
2026-08-12 10:24:45 [] [] [] INFO  - Initializing Servlet 'dispatcherServlet'
2026-08-12 10:24:45 [] [] [] INFO  - Completed initialization in 4 ms
2026-08-12 10:24:45 [6CD3C7E4] [POST /api/telegram/send] [50ms] INFO  - === Extracted username: freshAdmin7
2026-08-12 10:24:45 [6CD3C7E4] [POST /api/telegram/send] [259ms] INFO  - === Loaded userDetails: {"userInfo":{"id":8,"password":"$2a$10$9Y2El.fRpjCcIkA.WT5W5eXd5XoLmTUAn.8brntWDnWd1LjnqlzWe","role":"Admin","username":"freshAdmin7"},"accountNonExpired":true,"accountNonLocked":true,"authorities":[{"authority":"ROLE_Admin"}],"credentialsNonExpired":true,"enabled":true,"password":"$2a$10$9Y2El.fRpjCcIkA.WT5W5eXd5XoLmTUAn.8brntWDnWd1LjnqlzWe","username":"freshAdmin7"}
2026-08-12 10:24:45 [6CD3C7E4] [POST /api/telegram/send] [259ms] INFO  - === Token valid? true
2026-08-12 10:24:45 [6CD3C7E4] [POST /api/telegram/send] [261ms] INFO  - === Authentication SET in context
2026-08-12 10:24:47 [6CD3C7E4] [POST /api/telegram/send] [1763ms] INFO  - Request completed - status=200
2026-08-12 10:24:59 [AA49A8C8] [GET /test/protected] [2ms] INFO  - === Extracted username: freshAdmin7
2026-08-12 10:24:59 [AA49A8C8] [GET /test/protected] [22ms] INFO  - === Loaded userDetails: {"userInfo":{"id":8,"password":"$2a$10$9Y2El.fRpjCcIkA.WT5W5eXd5XoLmTUAn.8brntWDnWd1LjnqlzWe","role":"Admin","username":"freshAdmin7"},"accountNonExpired":true,"accountNonLocked":true,"authorities":[{"authority":"ROLE_Admin"}],"credentialsNonExpired":true,"enabled":true,"password":"$2a$10$9Y2El.fRpjCcIkA.WT5W5eXd5XoLmTUAn.8brntWDnWd1LjnqlzWe","username":"freshAdmin7"}
2026-08-12 10:24:59 [AA49A8C8] [GET /test/protected] [24ms] INFO  - === Token valid? true
2026-08-12 10:24:59 [AA49A8C8] [GET /test/protected] [24ms] INFO  - === Authentication SET in context
2026-08-12 10:24:59 [AA49A8C8] [GET /test/protected] [46ms] INFO  - Request completed - status=200
2026-08-12 10:25:05 [848D8ABF] [POST /api/telegram/send] [1ms] INFO  - === Extracted username: freshAdmin7
2026-08-12 10:25:05 [848D8ABF] [POST /api/telegram/send] [12ms] INFO  - === Loaded userDetails: {"userInfo":{"id":8,"password":"$2a$10$9Y2El.fRpjCcIkA.WT5W5eXd5XoLmTUAn.8brntWDnWd1LjnqlzWe","role":"Admin","username":"freshAdmin7"},"accountNonExpired":true,"accountNonLocked":true,"authorities":[{"authority":"ROLE_Admin"}],"credentialsNonExpired":true,"enabled":true,"password":"$2a$10$9Y2El.fRpjCcIkA.WT5W5eXd5XoLmTUAn.8brntWDnWd1LjnqlzWe","username":"freshAdmin7"}
2026-08-12 10:25:05 [848D8ABF] [POST /api/telegram/send] [15ms] INFO  - === Token valid? true
2026-08-12 10:25:05 [848D8ABF] [POST /api/telegram/send] [15ms] INFO  - === Authentication SET in context
2026-08-12 10:25:07 [848D8ABF] [POST /api/telegram/send] [1849ms] INFO  - Request completed - status=200
2026-08-12 10:28:50 [] [] [] INFO  - Commencing graceful shutdown. Waiting for active requests to complete
2026-08-12 10:28:50 [] [] [] INFO  - Graceful shutdown complete
2026-08-12 10:28:50 [] [] [] INFO  - Closing JPA EntityManagerFactory for persistence unit 'default'
2026-08-12 10:28:50 [] [] [] INFO  - HikariPool-1 - Shutdown initiated...
2026-08-12 10:28:50 [] [] [] INFO  - HikariPool-1 - Shutdown completed.
2026-08-12 10:28:59 [] [] [] INFO  - Starting StudentManagementApplication using Java 26.0.2 with PID 44419 (/Users/ewent/Documents/Programmer/Java (Spring boot)/StudentManagement/StudentManagement/target/classes started by ewent in /Users/ewent/Documents/Programmer/Java (Spring boot)/StudentManagement/StudentManagement)
2026-08-12 10:28:59 [] [] [] INFO  - No active profile set, falling back to 1 default profile: "default"
2026-08-12 10:28:59 [] [] [] INFO  - HV000001: Hibernate Validator 9.1.0.Final
2026-08-12 10:28:59 [] [] [] INFO  - Multiple Spring Data modules found, entering strict repository configuration mode
2026-08-12 10:28:59 [] [] [] INFO  - Bootstrapping Spring Data JPA repositories in DEFAULT mode.
2026-08-12 10:28:59 [] [] [] INFO  - Finished Spring Data repository scanning in 73 ms. Found 2 JPA repository interfaces.
2026-08-12 10:28:59 [] [] [] INFO  - Multiple Spring Data modules found, entering strict repository configuration mode
2026-08-12 10:28:59 [] [] [] INFO  - Bootstrapping Spring Data Redis repositories in DEFAULT mode.
2026-08-12 10:28:59 [] [] [] INFO  - Spring Data Redis - Could not safely identify store assignment for repository candidate interface com.example.studentsmanagement.Repository.StudentRepository; If you want this repository to be a Redis repository, consider annotating your entities with one of these annotations: org.springframework.data.redis.core.RedisHash (preferred), or consider extending one of the following types with your repository: org.springframework.data.keyvalue.repository.KeyValueRepository
2026-08-12 10:28:59 [] [] [] INFO  - Spring Data Redis - Could not safely identify store assignment for repository candidate interface com.example.studentsmanagement.Repository.UserRepository; If you want this repository to be a Redis repository, consider annotating your entities with one of these annotations: org.springframework.data.redis.core.RedisHash (preferred), or consider extending one of the following types with your repository: org.springframework.data.keyvalue.repository.KeyValueRepository
2026-08-12 10:28:59 [] [] [] INFO  - Finished Spring Data repository scanning in 3 ms. Found 0 Redis repository interfaces.
2026-08-12 10:28:59 [] [] [] INFO  - BeanFactory id=1d4f5a66-3b9e-3274-ad5b-07b4335b30e4
2026-08-12 10:29:00 [] [] [] INFO  - Tomcat initialized with port 8080 (http)
2026-08-12 10:29:00 [] [] [] INFO  - Initializing ProtocolHandler ["http-nio-8080"]
2026-08-12 10:29:00 [] [] [] INFO  - Starting service [Tomcat]
2026-08-12 10:29:00 [] [] [] INFO  - Starting Servlet engine: [Apache Tomcat/11.0.22]
2026-08-12 10:29:00 [] [] [] INFO  - Root WebApplicationContext: initialization completed in 757 ms
2026-08-12 10:29:00 [] [] [] INFO  - HHH008540: Processing PersistenceUnitInfo [name: default]
2026-08-12 10:29:00 [] [] [] INFO  - HHH000001: Hibernate ORM core version 7.4.1.Final
2026-08-12 10:29:00 [] [] [] INFO  - No LoadTimeWeaver setup: ignoring JPA class transformer
2026-08-12 10:29:00 [] [] [] INFO  - HikariPool-1 - Starting...
2026-08-12 10:29:00 [] [] [] INFO  - HikariPool-1 - Added connection ConnectionID:1 ClientConnectionId: 7b05bad0-8696-486b-815a-6075e5dd8905
2026-08-12 10:29:00 [] [] [] INFO  - HikariPool-1 - Start completed.
2026-08-12 10:29:00 [] [] [] INFO  - HHH10001005: Database info:
	Database JDBC URL [jdbc:sqlserver://localhost:1433;connectRetryInterval=10;connectRetryCount=1;maxResultBuffer=-1;sendTemporalDataTypesAsStringForBulkCopy=true;delayLoadingLobs=true;useFmtOnly=false;cacheBulkCopyMetadata=false;useBulkCopyForBatchInsert=false;cancelQueryTimeout=-1;sslProtocol=TLS;calcBigDecimalPrecision=false;useDefaultJaasConfig=false;jaasConfigurationName=SQLJDBCDriver;statementPoolingCacheSize=0;serverPreparedStatementDiscardThreshold=10;enablePrepareOnFirstPreparedStatementCall=false;fips=false;socketTimeout=0;authentication=NotSpecified;authenticationScheme=nativeAuthentication;xopenStates=false;datetimeParameterType=datetime2;sendTimeAsDatetime=true;replication=false;trustStoreType=JKS;trustServerCertificate=true;TransparentNetworkIPResolution=true;iPAddressPreference=IPv4First;serverNameAsACE=false;sendStringParametersAsUnicode=true;selectMethod=direct;responseBuffering=adaptive;queryTimeout=-1;packetSize=8000;multiSubnetFailover=false;loginTimeout=30;lockTimeout=-1;lastUpdateCount=true;useFlexibleCallableStatements=true;useDefaultGSSCredential=false;prepareMethod=prepexec;encrypt=true;disableStatementPooling=true;databaseName=students_management;columnEncryptionSetting=Disabled;applicationName=Microsoft JDBC Driver for SQL Server;applicationIntent=readwrite;]
	Database driver: Microsoft JDBC Driver 12.8 for SQL Server
	Database dialect: SQLServerDialect
	Database version: 16.0
	Default catalog/schema: students_management/dbo
	Autocommit mode: undefined/unknown
	Isolation level: READ_COMMITTED [default READ_COMMITTED]
	JDBC fetch size: 128
	Pool: DataSourceConnectionProvider
	Minimum pool size: undefined/unknown
	Maximum pool size: undefined/unknown
2026-08-12 10:29:01 [] [] [] INFO  - HHH000489: No JTA platform available (set 'hibernate.transaction.jta.platform' to enable JTA platform integration)
2026-08-12 10:29:01 [] [] [] INFO  - Initialized JPA EntityManagerFactory for persistence unit 'default'
2026-08-12 10:29:01 [] [] [] INFO  - Hibernate is in classpath; If applicable, HQL parser will be used.
2026-08-12 10:29:01 [] [] [] INFO  - Global AuthenticationManager configured with UserDetailsService bean with name customUserDetailsService
2026-08-12 10:29:01 [] [] [] INFO  - Exposing 1 endpoint beneath base path '/actuator'
2026-08-12 10:29:02 [] [] [] INFO  - Starting ProtocolHandler ["http-nio-8080"]
2026-08-12 10:29:02 [] [] [] INFO  - Tomcat started on port 8080 (http) with context path '/'
2026-08-12 10:29:02 [] [] [] INFO  - Started StudentManagementApplication in 3.049 seconds (process running for 3.412)
2026-08-12 10:29:08 [] [] [] INFO  - Initializing Spring DispatcherServlet 'dispatcherServlet'
2026-08-12 10:29:08 [] [] [] INFO  - Initializing Servlet 'dispatcherServlet'
2026-08-12 10:29:08 [] [] [] INFO  - Completed initialization in 1 ms
2026-08-12 10:29:08 [A213B9A9] [POST /api/telegram/send] [45ms] INFO  - === Extracted username: freshAdmin7
2026-08-12 10:29:09 [A213B9A9] [POST /api/telegram/send] [464ms] INFO  - === Loaded userDetails: {"userInfo":{"id":8,"password":"$2a$10$9Y2El.fRpjCcIkA.WT5W5eXd5XoLmTUAn.8brntWDnWd1LjnqlzWe","role":"Admin","username":"freshAdmin7"},"accountNonExpired":true,"accountNonLocked":true,"authorities":[{"authority":"ROLE_Admin"}],"credentialsNonExpired":true,"enabled":true,"password":"$2a$10$9Y2El.fRpjCcIkA.WT5W5eXd5XoLmTUAn.8brntWDnWd1LjnqlzWe","username":"freshAdmin7"}
2026-08-12 10:29:09 [A213B9A9] [POST /api/telegram/send] [465ms] INFO  - === Token valid? true
2026-08-12 10:29:09 [A213B9A9] [POST /api/telegram/send] [466ms] INFO  - === Authentication SET in context
2026-08-12 10:29:11 [A213B9A9] [POST /api/telegram/send] [3013ms] INFO  - Request completed - status=200
2026-08-12 10:31:40 [290F8FA0] [POST /api/telegram/send] [2ms] INFO  - === Extracted username: freshAdmin7
2026-08-12 10:31:40 [290F8FA0] [POST /api/telegram/send] [19ms] INFO  - === Loaded userDetails: {"userInfo":{"id":8,"password":"$2a$10$9Y2El.fRpjCcIkA.WT5W5eXd5XoLmTUAn.8brntWDnWd1LjnqlzWe","role":"Admin","username":"freshAdmin7"},"accountNonExpired":true,"accountNonLocked":true,"authorities":[{"authority":"ROLE_Admin"}],"credentialsNonExpired":true,"enabled":true,"password":"$2a$10$9Y2El.fRpjCcIkA.WT5W5eXd5XoLmTUAn.8brntWDnWd1LjnqlzWe","username":"freshAdmin7"}
2026-08-12 10:31:40 [290F8FA0] [POST /api/telegram/send] [19ms] INFO  - === Token valid? true
2026-08-12 10:31:40 [290F8FA0] [POST /api/telegram/send] [19ms] INFO  - === Authentication SET in context
2026-08-12 10:31:41 [290F8FA0] [POST /api/telegram/send] [1322ms] INFO  - Request completed - status=200
2026-08-12 10:31:54 [7FA3E29B] [GET /test/protected] [0ms] INFO  - === Extracted username: freshAdmin7
2026-08-12 10:31:54 [7FA3E29B] [GET /test/protected] [6ms] INFO  - === Loaded userDetails: {"userInfo":{"id":8,"password":"$2a$10$9Y2El.fRpjCcIkA.WT5W5eXd5XoLmTUAn.8brntWDnWd1LjnqlzWe","role":"Admin","username":"freshAdmin7"},"accountNonExpired":true,"accountNonLocked":true,"authorities":[{"authority":"ROLE_Admin"}],"credentialsNonExpired":true,"enabled":true,"password":"$2a$10$9Y2El.fRpjCcIkA.WT5W5eXd5XoLmTUAn.8brntWDnWd1LjnqlzWe","username":"freshAdmin7"}
2026-08-12 10:31:54 [7FA3E29B] [GET /test/protected] [7ms] INFO  - === Token valid? true
2026-08-12 10:31:54 [7FA3E29B] [GET /test/protected] [7ms] INFO  - === Authentication SET in context
2026-08-12 10:31:54 [7FA3E29B] [GET /test/protected] [19ms] INFO  - Request completed - status=200
2026-08-12 10:31:59 [908447E0] [POST /api/telegram/send] [0ms] INFO  - === Extracted username: freshAdmin7
2026-08-12 10:31:59 [908447E0] [POST /api/telegram/send] [5ms] INFO  - === Loaded userDetails: {"userInfo":{"id":8,"password":"$2a$10$9Y2El.fRpjCcIkA.WT5W5eXd5XoLmTUAn.8brntWDnWd1LjnqlzWe","role":"Admin","username":"freshAdmin7"},"accountNonExpired":true,"accountNonLocked":true,"authorities":[{"authority":"ROLE_Admin"}],"credentialsNonExpired":true,"enabled":true,"password":"$2a$10$9Y2El.fRpjCcIkA.WT5W5eXd5XoLmTUAn.8brntWDnWd1LjnqlzWe","username":"freshAdmin7"}
2026-08-12 10:31:59 [908447E0] [POST /api/telegram/send] [5ms] INFO  - === Token valid? true
2026-08-12 10:31:59 [908447E0] [POST /api/telegram/send] [5ms] INFO  - === Authentication SET in context
2026-08-12 10:32:00 [908447E0] [POST /api/telegram/send] [1261ms] INFO  - Request completed - status=200
2026-08-12 10:32:08 [59E8A24A] [POST /api/telegram/send] [0ms] INFO  - === Extracted username: freshAdmin7
2026-08-12 10:32:08 [59E8A24A] [POST /api/telegram/send] [6ms] INFO  - === Loaded userDetails: {"userInfo":{"id":8,"password":"$2a$10$9Y2El.fRpjCcIkA.WT5W5eXd5XoLmTUAn.8brntWDnWd1LjnqlzWe","role":"Admin","username":"freshAdmin7"},"accountNonExpired":true,"accountNonLocked":true,"authorities":[{"authority":"ROLE_Admin"}],"credentialsNonExpired":true,"enabled":true,"password":"$2a$10$9Y2El.fRpjCcIkA.WT5W5eXd5XoLmTUAn.8brntWDnWd1LjnqlzWe","username":"freshAdmin7"}
2026-08-12 10:32:08 [59E8A24A] [POST /api/telegram/send] [6ms] INFO  - === Token valid? true
2026-08-12 10:32:08 [59E8A24A] [POST /api/telegram/send] [6ms] INFO  - === Authentication SET in context
2026-08-12 10:32:09 [59E8A24A] [POST /api/telegram/send] [841ms] INFO  - Request completed - status=200
2026-08-12 10:32:28 [BD8490FC] [POST /api/telegram/send] [1ms] INFO  - === Extracted username: freshAdmin7
2026-08-12 10:32:28 [BD8490FC] [POST /api/telegram/send] [13ms] INFO  - === Loaded userDetails: {"userInfo":{"id":8,"password":"$2a$10$9Y2El.fRpjCcIkA.WT5W5eXd5XoLmTUAn.8brntWDnWd1LjnqlzWe","role":"Admin","username":"freshAdmin7"},"accountNonExpired":true,"accountNonLocked":true,"authorities":[{"authority":"ROLE_Admin"}],"credentialsNonExpired":true,"enabled":true,"password":"$2a$10$9Y2El.fRpjCcIkA.WT5W5eXd5XoLmTUAn.8brntWDnWd1LjnqlzWe","username":"freshAdmin7"}
2026-08-12 10:32:28 [BD8490FC] [POST /api/telegram/send] [14ms] INFO  - === Token valid? true
2026-08-12 10:32:28 [BD8490FC] [POST /api/telegram/send] [14ms] INFO  - === Authentication SET in context
2026-08-12 10:33:13 [BD8490FC] [POST /api/telegram/send] [44568ms] INFO  - Request completed - status=200
2026-08-12 10:37:26 [] [] [] INFO  - Commencing graceful shutdown. Waiting for active requests to complete
2026-08-12 10:37:26 [] [] [] INFO  - Graceful shutdown complete
2026-08-12 10:37:26 [] [] [] INFO  - Closing JPA EntityManagerFactory for persistence unit 'default'
2026-08-12 10:37:26 [] [] [] INFO  - HikariPool-1 - Shutdown initiated...
2026-08-12 10:37:26 [] [] [] INFO  - HikariPool-1 - Shutdown completed.
2026-08-12 10:37:28 [] [] [] INFO  - Starting StudentManagementApplication using Java 26.0.2 with PID 44957 (/Users/ewent/Documents/Programmer/Java (Spring boot)/StudentManagement/StudentManagement/target/classes started by ewent in /Users/ewent/Documents/Programmer/Java (Spring boot)/StudentManagement/StudentManagement)
2026-08-12 10:37:28 [] [] [] INFO  - No active profile set, falling back to 1 default profile: "default"
2026-08-12 10:37:28 [] [] [] INFO  - HV000001: Hibernate Validator 9.1.0.Final
2026-08-12 10:37:29 [] [] [] INFO  - Multiple Spring Data modules found, entering strict repository configuration mode
2026-08-12 10:37:29 [] [] [] INFO  - Bootstrapping Spring Data JPA repositories in DEFAULT mode.
2026-08-12 10:37:29 [] [] [] INFO  - Finished Spring Data repository scanning in 74 ms. Found 2 JPA repository interfaces.
2026-08-12 10:37:29 [] [] [] INFO  - Multiple Spring Data modules found, entering strict repository configuration mode
2026-08-12 10:37:29 [] [] [] INFO  - Bootstrapping Spring Data Redis repositories in DEFAULT mode.
2026-08-12 10:37:29 [] [] [] INFO  - Spring Data Redis - Could not safely identify store assignment for repository candidate interface com.example.studentsmanagement.Repository.StudentRepository; If you want this repository to be a Redis repository, consider annotating your entities with one of these annotations: org.springframework.data.redis.core.RedisHash (preferred), or consider extending one of the following types with your repository: org.springframework.data.keyvalue.repository.KeyValueRepository
2026-08-12 10:37:29 [] [] [] INFO  - Spring Data Redis - Could not safely identify store assignment for repository candidate interface com.example.studentsmanagement.Repository.UserRepository; If you want this repository to be a Redis repository, consider annotating your entities with one of these annotations: org.springframework.data.redis.core.RedisHash (preferred), or consider extending one of the following types with your repository: org.springframework.data.keyvalue.repository.KeyValueRepository
2026-08-12 10:37:29 [] [] [] INFO  - Finished Spring Data repository scanning in 3 ms. Found 0 Redis repository interfaces.
2026-08-12 10:37:29 [] [] [] INFO  - BeanFactory id=1d4f5a66-3b9e-3274-ad5b-07b4335b30e4
2026-08-12 10:37:29 [] [] [] INFO  - Tomcat initialized with port 8080 (http)
2026-08-12 10:37:29 [] [] [] INFO  - Initializing ProtocolHandler ["http-nio-8080"]
2026-08-12 10:37:29 [] [] [] INFO  - Starting service [Tomcat]
2026-08-12 10:37:29 [] [] [] INFO  - Starting Servlet engine: [Apache Tomcat/11.0.22]
2026-08-12 10:37:29 [] [] [] INFO  - Root WebApplicationContext: initialization completed in 922 ms
2026-08-12 10:37:29 [] [] [] INFO  - HHH008540: Processing PersistenceUnitInfo [name: default]
2026-08-12 10:37:29 [] [] [] INFO  - HHH000001: Hibernate ORM core version 7.4.1.Final
2026-08-12 10:37:29 [] [] [] INFO  - No LoadTimeWeaver setup: ignoring JPA class transformer
2026-08-12 10:37:29 [] [] [] INFO  - HikariPool-1 - Starting...
2026-08-12 10:37:30 [] [] [] INFO  - HikariPool-1 - Added connection ConnectionID:1 ClientConnectionId: b75c6ef1-382c-4f1c-a56e-d7a9c62a5f4c
2026-08-12 10:37:30 [] [] [] INFO  - HikariPool-1 - Start completed.
2026-08-12 10:37:30 [] [] [] INFO  - HHH10001005: Database info:
	Database JDBC URL [jdbc:sqlserver://localhost:1433;connectRetryInterval=10;connectRetryCount=1;maxResultBuffer=-1;sendTemporalDataTypesAsStringForBulkCopy=true;delayLoadingLobs=true;useFmtOnly=false;cacheBulkCopyMetadata=false;useBulkCopyForBatchInsert=false;cancelQueryTimeout=-1;sslProtocol=TLS;calcBigDecimalPrecision=false;useDefaultJaasConfig=false;jaasConfigurationName=SQLJDBCDriver;statementPoolingCacheSize=0;serverPreparedStatementDiscardThreshold=10;enablePrepareOnFirstPreparedStatementCall=false;fips=false;socketTimeout=0;authentication=NotSpecified;authenticationScheme=nativeAuthentication;xopenStates=false;datetimeParameterType=datetime2;sendTimeAsDatetime=true;replication=false;trustStoreType=JKS;trustServerCertificate=true;TransparentNetworkIPResolution=true;iPAddressPreference=IPv4First;serverNameAsACE=false;sendStringParametersAsUnicode=true;selectMethod=direct;responseBuffering=adaptive;queryTimeout=-1;packetSize=8000;multiSubnetFailover=false;loginTimeout=30;lockTimeout=-1;lastUpdateCount=true;useFlexibleCallableStatements=true;useDefaultGSSCredential=false;prepareMethod=prepexec;encrypt=true;disableStatementPooling=true;databaseName=students_management;columnEncryptionSetting=Disabled;applicationName=Microsoft JDBC Driver for SQL Server;applicationIntent=readwrite;]
	Database driver: Microsoft JDBC Driver 12.8 for SQL Server
	Database dialect: SQLServerDialect
	Database version: 16.0
	Default catalog/schema: students_management/dbo
	Autocommit mode: undefined/unknown
	Isolation level: READ_COMMITTED [default READ_COMMITTED]
	JDBC fetch size: 128
	Pool: DataSourceConnectionProvider
	Minimum pool size: undefined/unknown
	Maximum pool size: undefined/unknown
2026-08-12 10:37:30 [] [] [] INFO  - HHH000489: No JTA platform available (set 'hibernate.transaction.jta.platform' to enable JTA platform integration)
2026-08-12 10:37:30 [] [] [] INFO  - Initialized JPA EntityManagerFactory for persistence unit 'default'
2026-08-12 10:37:30 [] [] [] INFO  - Hibernate is in classpath; If applicable, HQL parser will be used.
2026-08-12 10:37:31 [] [] [] INFO  - Global AuthenticationManager configured with UserDetailsService bean with name customUserDetailsService
2026-08-12 10:37:35 [] [] [] INFO  - Exposing 1 endpoint beneath base path '/actuator'
2026-08-12 10:37:35 [] [] [] INFO  - Starting ProtocolHandler ["http-nio-8080"]
2026-08-12 10:37:35 [] [] [] INFO  - Tomcat started on port 8080 (http) with context path '/'
2026-08-12 10:37:35 [] [] [] INFO  - Started StudentManagementApplication in 6.896 seconds (process running for 7.68)
2026-08-12 10:37:37 [] [] [] INFO  - Initializing Spring DispatcherServlet 'dispatcherServlet'
2026-08-12 10:37:37 [] [] [] INFO  - Initializing Servlet 'dispatcherServlet'
2026-08-12 10:37:37 [] [] [] INFO  - Completed initialization in 1 ms
2026-08-12 10:37:38 [AA65C9E2] [POST /api/telegram/send] [60ms] INFO  - Request completed - status=200
2026-08-12 10:37:44 [5EAAB3C9] [POST /api/telegram/send] [1ms] INFO  - Request completed - status=200
2026-08-12 10:37:53 [] [] [] INFO  - Commencing graceful shutdown. Waiting for active requests to complete
2026-08-12 10:37:53 [] [] [] INFO  - Graceful shutdown complete
2026-08-12 10:37:53 [] [] [] INFO  - Closing JPA EntityManagerFactory for persistence unit 'default'
2026-08-12 10:37:53 [] [] [] INFO  - HikariPool-1 - Shutdown initiated...
2026-08-12 10:37:53 [] [] [] INFO  - HikariPool-1 - Shutdown completed.
2026-08-12 10:37:57 [] [] [] INFO  - Starting StudentManagementApplication using Java 26.0.2 with PID 45022 (/Users/ewent/Documents/Programmer/Java (Spring boot)/StudentManagement/StudentManagement/target/classes started by ewent in /Users/ewent/Documents/Programmer/Java (Spring boot)/StudentManagement/StudentManagement)
2026-08-12 10:37:57 [] [] [] INFO  - No active profile set, falling back to 1 default profile: "default"
2026-08-12 10:37:57 [] [] [] INFO  - HV000001: Hibernate Validator 9.1.0.Final
2026-08-12 10:37:57 [] [] [] INFO  - Multiple Spring Data modules found, entering strict repository configuration mode
2026-08-12 10:37:57 [] [] [] INFO  - Bootstrapping Spring Data JPA repositories in DEFAULT mode.
2026-08-12 10:37:57 [] [] [] INFO  - Finished Spring Data repository scanning in 79 ms. Found 2 JPA repository interfaces.
2026-08-12 10:37:57 [] [] [] INFO  - Multiple Spring Data modules found, entering strict repository configuration mode
2026-08-12 10:37:57 [] [] [] INFO  - Bootstrapping Spring Data Redis repositories in DEFAULT mode.
2026-08-12 10:37:57 [] [] [] INFO  - Spring Data Redis - Could not safely identify store assignment for repository candidate interface com.example.studentsmanagement.Repository.StudentRepository; If you want this repository to be a Redis repository, consider annotating your entities with one of these annotations: org.springframework.data.redis.core.RedisHash (preferred), or consider extending one of the following types with your repository: org.springframework.data.keyvalue.repository.KeyValueRepository
2026-08-12 10:37:57 [] [] [] INFO  - Spring Data Redis - Could not safely identify store assignment for repository candidate interface com.example.studentsmanagement.Repository.UserRepository; If you want this repository to be a Redis repository, consider annotating your entities with one of these annotations: org.springframework.data.redis.core.RedisHash (preferred), or consider extending one of the following types with your repository: org.springframework.data.keyvalue.repository.KeyValueRepository
2026-08-12 10:37:57 [] [] [] INFO  - Finished Spring Data repository scanning in 2 ms. Found 0 Redis repository interfaces.
2026-08-12 10:37:57 [] [] [] INFO  - BeanFactory id=1d4f5a66-3b9e-3274-ad5b-07b4335b30e4
2026-08-12 10:37:58 [] [] [] INFO  - Tomcat initialized with port 8080 (http)
2026-08-12 10:37:58 [] [] [] INFO  - Initializing ProtocolHandler ["http-nio-8080"]
2026-08-12 10:37:58 [] [] [] INFO  - Starting service [Tomcat]
2026-08-12 10:37:58 [] [] [] INFO  - Starting Servlet engine: [Apache Tomcat/11.0.22]
2026-08-12 10:37:58 [] [] [] INFO  - Root WebApplicationContext: initialization completed in 749 ms
2026-08-12 10:37:58 [] [] [] INFO  - HHH008540: Processing PersistenceUnitInfo [name: default]
2026-08-12 10:37:58 [] [] [] INFO  - HHH000001: Hibernate ORM core version 7.4.1.Final
2026-08-12 10:37:58 [] [] [] INFO  - No LoadTimeWeaver setup: ignoring JPA class transformer
2026-08-12 10:37:58 [] [] [] INFO  - HikariPool-1 - Starting...
2026-08-12 10:37:58 [] [] [] INFO  - HikariPool-1 - Added connection ConnectionID:1 ClientConnectionId: 4615811c-e487-4260-8b7d-c26543a89608
2026-08-12 10:37:58 [] [] [] INFO  - HikariPool-1 - Start completed.
2026-08-12 10:37:58 [] [] [] INFO  - HHH10001005: Database info:
	Database JDBC URL [jdbc:sqlserver://localhost:1433;connectRetryInterval=10;connectRetryCount=1;maxResultBuffer=-1;sendTemporalDataTypesAsStringForBulkCopy=true;delayLoadingLobs=true;useFmtOnly=false;cacheBulkCopyMetadata=false;useBulkCopyForBatchInsert=false;cancelQueryTimeout=-1;sslProtocol=TLS;calcBigDecimalPrecision=false;useDefaultJaasConfig=false;jaasConfigurationName=SQLJDBCDriver;statementPoolingCacheSize=0;serverPreparedStatementDiscardThreshold=10;enablePrepareOnFirstPreparedStatementCall=false;fips=false;socketTimeout=0;authentication=NotSpecified;authenticationScheme=nativeAuthentication;xopenStates=false;datetimeParameterType=datetime2;sendTimeAsDatetime=true;replication=false;trustStoreType=JKS;trustServerCertificate=true;TransparentNetworkIPResolution=true;iPAddressPreference=IPv4First;serverNameAsACE=false;sendStringParametersAsUnicode=true;selectMethod=direct;responseBuffering=adaptive;queryTimeout=-1;packetSize=8000;multiSubnetFailover=false;loginTimeout=30;lockTimeout=-1;lastUpdateCount=true;useFlexibleCallableStatements=true;useDefaultGSSCredential=false;prepareMethod=prepexec;encrypt=true;disableStatementPooling=true;databaseName=students_management;columnEncryptionSetting=Disabled;applicationName=Microsoft JDBC Driver for SQL Server;applicationIntent=readwrite;]
	Database driver: Microsoft JDBC Driver 12.8 for SQL Server
	Database dialect: SQLServerDialect
	Database version: 16.0
	Default catalog/schema: students_management/dbo
	Autocommit mode: undefined/unknown
	Isolation level: READ_COMMITTED [default READ_COMMITTED]
	JDBC fetch size: 128
	Pool: DataSourceConnectionProvider
	Minimum pool size: undefined/unknown
	Maximum pool size: undefined/unknown
2026-08-12 10:37:59 [] [] [] INFO  - HHH000489: No JTA platform available (set 'hibernate.transaction.jta.platform' to enable JTA platform integration)
2026-08-12 10:37:59 [] [] [] INFO  - Initialized JPA EntityManagerFactory for persistence unit 'default'
2026-08-12 10:37:59 [] [] [] INFO  - Hibernate is in classpath; If applicable, HQL parser will be used.
2026-08-12 10:37:59 [] [] [] INFO  - Global AuthenticationManager configured with UserDetailsService bean with name customUserDetailsService
2026-08-12 10:38:11 [] [] [] INFO  - Exposing 1 endpoint beneath base path '/actuator'
2026-08-12 10:38:11 [] [] [] INFO  - Starting ProtocolHandler ["http-nio-8080"]
2026-08-12 10:38:11 [] [] [] INFO  - Tomcat started on port 8080 (http) with context path '/'
2026-08-12 10:38:11 [] [] [] INFO  - Started StudentManagementApplication in 14.43 seconds (process running for 14.763)
2026-08-12 10:38:12 [] [] [] INFO  - Initializing Spring DispatcherServlet 'dispatcherServlet'
2026-08-12 10:38:12 [] [] [] INFO  - Initializing Servlet 'dispatcherServlet'
2026-08-12 10:38:12 [] [] [] INFO  - Completed initialization in 1 ms
2026-08-12 10:38:12 [669AF4A2] [POST /api/telegram/send] [48ms] INFO  - Request completed - status=200
2026-08-12 10:38:17 [70EE421E] [POST /auth/login] [0ms] INFO  - === No valid Bearer header, skipping auth
2026-08-12 10:38:18 [70EE421E] [POST /auth/login] [502ms] INFO  - Request completed - status=200
2026-08-12 10:38:27 [E3FA7E71] [POST /api/telegram/send] [1ms] INFO  - === Extracted username: freshAdmin7
2026-08-12 10:38:27 [E3FA7E71] [POST /api/telegram/send] [27ms] INFO  - === Loaded userDetails: {"userInfo":{"id":8,"password":"$2a$10$9Y2El.fRpjCcIkA.WT5W5eXd5XoLmTUAn.8brntWDnWd1LjnqlzWe","role":"Admin","username":"freshAdmin7"},"accountNonExpired":true,"accountNonLocked":true,"authorities":[{"authority":"ROLE_Admin"}],"credentialsNonExpired":true,"enabled":true,"password":"$2a$10$9Y2El.fRpjCcIkA.WT5W5eXd5XoLmTUAn.8brntWDnWd1LjnqlzWe","username":"freshAdmin7"}
2026-08-12 10:38:27 [E3FA7E71] [POST /api/telegram/send] [28ms] INFO  - === Token valid? true
2026-08-12 10:38:27 [E3FA7E71] [POST /api/telegram/send] [28ms] INFO  - === Authentication SET in context
2026-08-12 10:38:37 [E3FA7E71] [POST /api/telegram/send] [10242ms] INFO  - Request completed - status=404
2026-08-12 10:38:51 [9D3371BD] [POST /api/telegram/send] [1ms] INFO  - === Extracted username: freshAdmin7
2026-08-12 10:38:51 [9D3371BD] [POST /api/telegram/send] [20ms] INFO  - === Loaded userDetails: {"userInfo":{"id":8,"password":"$2a$10$9Y2El.fRpjCcIkA.WT5W5eXd5XoLmTUAn.8brntWDnWd1LjnqlzWe","role":"Admin","username":"freshAdmin7"},"accountNonExpired":true,"accountNonLocked":true,"authorities":[{"authority":"ROLE_Admin"}],"credentialsNonExpired":true,"enabled":true,"password":"$2a$10$9Y2El.fRpjCcIkA.WT5W5eXd5XoLmTUAn.8brntWDnWd1LjnqlzWe","username":"freshAdmin7"}
2026-08-12 10:38:51 [9D3371BD] [POST /api/telegram/send] [21ms] INFO  - === Token valid? true
2026-08-12 10:38:51 [9D3371BD] [POST /api/telegram/send] [21ms] INFO  - === Authentication SET in context
2026-08-12 10:38:51 [9D3371BD] [POST /api/telegram/send] [34ms] INFO  - Request completed - status=400
2026-08-12 10:38:57 [28296C4E] [POST /api/telegram/send] [0ms] INFO  - === Extracted username: freshAdmin7
2026-08-12 10:38:57 [28296C4E] [POST /api/telegram/send] [7ms] INFO  - === Loaded userDetails: {"userInfo":{"id":8,"password":"$2a$10$9Y2El.fRpjCcIkA.WT5W5eXd5XoLmTUAn.8brntWDnWd1LjnqlzWe","role":"Admin","username":"freshAdmin7"},"accountNonExpired":true,"accountNonLocked":true,"authorities":[{"authority":"ROLE_Admin"}],"credentialsNonExpired":true,"enabled":true,"password":"$2a$10$9Y2El.fRpjCcIkA.WT5W5eXd5XoLmTUAn.8brntWDnWd1LjnqlzWe","username":"freshAdmin7"}
2026-08-12 10:38:57 [28296C4E] [POST /api/telegram/send] [8ms] INFO  - === Token valid? true
2026-08-12 10:38:57 [28296C4E] [POST /api/telegram/send] [8ms] INFO  - === Authentication SET in context
2026-08-12 10:39:02 [28296C4E] [POST /api/telegram/send] [4653ms] INFO  - Request completed - status=404
2026-08-12 10:39:12 [19A62CC9] [POST /api/telegram/send] [1ms] INFO  - === Extracted username: freshAdmin7
2026-08-12 10:39:12 [19A62CC9] [POST /api/telegram/send] [16ms] INFO  - === Loaded userDetails: {"userInfo":{"id":8,"password":"$2a$10$9Y2El.fRpjCcIkA.WT5W5eXd5XoLmTUAn.8brntWDnWd1LjnqlzWe","role":"Admin","username":"freshAdmin7"},"accountNonExpired":true,"accountNonLocked":true,"authorities":[{"authority":"ROLE_Admin"}],"credentialsNonExpired":true,"enabled":true,"password":"$2a$10$9Y2El.fRpjCcIkA.WT5W5eXd5XoLmTUAn.8brntWDnWd1LjnqlzWe","username":"freshAdmin7"}
2026-08-12 10:39:12 [19A62CC9] [POST /api/telegram/send] [17ms] INFO  - === Token valid? true
2026-08-12 10:39:12 [19A62CC9] [POST /api/telegram/send] [17ms] INFO  - === Authentication SET in context
2026-08-12 10:39:12 [19A62CC9] [POST /api/telegram/send] [19ms] INFO  - Request completed - status=400
2026-08-12 10:39:21 [38358B36] [POST /api/telegram/send] [0ms] INFO  - === Extracted username: freshAdmin7
2026-08-12 10:39:21 [38358B36] [POST /api/telegram/send] [4ms] INFO  - === Loaded userDetails: {"userInfo":{"id":8,"password":"$2a$10$9Y2El.fRpjCcIkA.WT5W5eXd5XoLmTUAn.8brntWDnWd1LjnqlzWe","role":"Admin","username":"freshAdmin7"},"accountNonExpired":true,"accountNonLocked":true,"authorities":[{"authority":"ROLE_Admin"}],"credentialsNonExpired":true,"enabled":true,"password":"$2a$10$9Y2El.fRpjCcIkA.WT5W5eXd5XoLmTUAn.8brntWDnWd1LjnqlzWe","username":"freshAdmin7"}
2026-08-12 10:39:21 [38358B36] [POST /api/telegram/send] [5ms] INFO  - === Token valid? true
2026-08-12 10:39:21 [38358B36] [POST /api/telegram/send] [5ms] INFO  - === Authentication SET in context
2026-08-12 10:39:27 [38358B36] [POST /api/telegram/send] [6436ms] INFO  - Request completed - status=404
2026-08-12 10:39:35 [FC59AA77] [POST /api/telegram/send] [1ms] INFO  - === Extracted username: freshAdmin7
2026-08-12 10:39:35 [FC59AA77] [POST /api/telegram/send] [16ms] INFO  - === Loaded userDetails: {"userInfo":{"id":8,"password":"$2a$10$9Y2El.fRpjCcIkA.WT5W5eXd5XoLmTUAn.8brntWDnWd1LjnqlzWe","role":"Admin","username":"freshAdmin7"},"accountNonExpired":true,"accountNonLocked":true,"authorities":[{"authority":"ROLE_Admin"}],"credentialsNonExpired":true,"enabled":true,"password":"$2a$10$9Y2El.fRpjCcIkA.WT5W5eXd5XoLmTUAn.8brntWDnWd1LjnqlzWe","username":"freshAdmin7"}
2026-08-12 10:39:35 [FC59AA77] [POST /api/telegram/send] [17ms] INFO  - === Token valid? true
2026-08-12 10:39:35 [FC59AA77] [POST /api/telegram/send] [17ms] INFO  - === Authentication SET in context
2026-08-12 10:39:35 [FC59AA77] [POST /api/telegram/send] [26ms] INFO  - Request completed - status=400
2026-08-12 10:39:50 [] [] [] INFO  - Commencing graceful shutdown. Waiting for active requests to complete
2026-08-12 10:39:50 [] [] [] INFO  - Graceful shutdown complete
2026-08-12 10:39:50 [] [] [] INFO  - Closing JPA EntityManagerFactory for persistence unit 'default'
2026-08-12 10:39:50 [] [] [] INFO  - HikariPool-1 - Shutdown initiated...
2026-08-12 10:39:50 [] [] [] INFO  - HikariPool-1 - Shutdown completed.
2026-08-12 10:39:53 [] [] [] INFO  - Starting StudentManagementApplication using Java 26.0.2 with PID 45256 (/Users/ewent/Documents/Programmer/Java (Spring boot)/StudentManagement/StudentManagement/target/classes started by ewent in /Users/ewent/Documents/Programmer/Java (Spring boot)/StudentManagement/StudentManagement)
2026-08-12 10:39:53 [] [] [] INFO  - No active profile set, falling back to 1 default profile: "default"
2026-08-12 10:39:53 [] [] [] INFO  - HV000001: Hibernate Validator 9.1.0.Final
2026-08-12 10:39:54 [] [] [] INFO  - Multiple Spring Data modules found, entering strict repository configuration mode
2026-08-12 10:39:54 [] [] [] INFO  - Bootstrapping Spring Data JPA repositories in DEFAULT mode.
2026-08-12 10:39:54 [] [] [] INFO  - Finished Spring Data repository scanning in 71 ms. Found 2 JPA repository interfaces.
2026-08-12 10:39:54 [] [] [] INFO  - Multiple Spring Data modules found, entering strict repository configuration mode
2026-08-12 10:39:54 [] [] [] INFO  - Bootstrapping Spring Data Redis repositories in DEFAULT mode.
2026-08-12 10:39:54 [] [] [] INFO  - Spring Data Redis - Could not safely identify store assignment for repository candidate interface com.example.studentsmanagement.Repository.StudentRepository; If you want this repository to be a Redis repository, consider annotating your entities with one of these annotations: org.springframework.data.redis.core.RedisHash (preferred), or consider extending one of the following types with your repository: org.springframework.data.keyvalue.repository.KeyValueRepository
2026-08-12 10:39:54 [] [] [] INFO  - Spring Data Redis - Could not safely identify store assignment for repository candidate interface com.example.studentsmanagement.Repository.UserRepository; If you want this repository to be a Redis repository, consider annotating your entities with one of these annotations: org.springframework.data.redis.core.RedisHash (preferred), or consider extending one of the following types with your repository: org.springframework.data.keyvalue.repository.KeyValueRepository
2026-08-12 10:39:54 [] [] [] INFO  - Finished Spring Data repository scanning in 2 ms. Found 0 Redis repository interfaces.
2026-08-12 10:39:54 [] [] [] INFO  - BeanFactory id=1d4f5a66-3b9e-3274-ad5b-07b4335b30e4
2026-08-12 10:39:54 [] [] [] INFO  - Tomcat initialized with port 8080 (http)
2026-08-12 10:39:54 [] [] [] INFO  - Initializing ProtocolHandler ["http-nio-8080"]
2026-08-12 10:39:54 [] [] [] INFO  - Starting service [Tomcat]
2026-08-12 10:39:54 [] [] [] INFO  - Starting Servlet engine: [Apache Tomcat/11.0.22]
2026-08-12 10:39:54 [] [] [] INFO  - Root WebApplicationContext: initialization completed in 790 ms
2026-08-12 10:39:54 [] [] [] INFO  - HHH008540: Processing PersistenceUnitInfo [name: default]
2026-08-12 10:39:54 [] [] [] INFO  - HHH000001: Hibernate ORM core version 7.4.1.Final
2026-08-12 10:39:54 [] [] [] INFO  - No LoadTimeWeaver setup: ignoring JPA class transformer
2026-08-12 10:39:54 [] [] [] INFO  - HikariPool-1 - Starting...
2026-08-12 10:39:55 [] [] [] INFO  - HikariPool-1 - Added connection ConnectionID:1 ClientConnectionId: f720f3cc-8b9c-4c50-89c8-e27950a67f5b
2026-08-12 10:39:55 [] [] [] INFO  - HikariPool-1 - Start completed.
2026-08-12 10:39:55 [] [] [] INFO  - HHH10001005: Database info:
	Database JDBC URL [jdbc:sqlserver://localhost:1433;connectRetryInterval=10;connectRetryCount=1;maxResultBuffer=-1;sendTemporalDataTypesAsStringForBulkCopy=true;delayLoadingLobs=true;useFmtOnly=false;cacheBulkCopyMetadata=false;useBulkCopyForBatchInsert=false;cancelQueryTimeout=-1;sslProtocol=TLS;calcBigDecimalPrecision=false;useDefaultJaasConfig=false;jaasConfigurationName=SQLJDBCDriver;statementPoolingCacheSize=0;serverPreparedStatementDiscardThreshold=10;enablePrepareOnFirstPreparedStatementCall=false;fips=false;socketTimeout=0;authentication=NotSpecified;authenticationScheme=nativeAuthentication;xopenStates=false;datetimeParameterType=datetime2;sendTimeAsDatetime=true;replication=false;trustStoreType=JKS;trustServerCertificate=true;TransparentNetworkIPResolution=true;iPAddressPreference=IPv4First;serverNameAsACE=false;sendStringParametersAsUnicode=true;selectMethod=direct;responseBuffering=adaptive;queryTimeout=-1;packetSize=8000;multiSubnetFailover=false;loginTimeout=30;lockTimeout=-1;lastUpdateCount=true;useFlexibleCallableStatements=true;useDefaultGSSCredential=false;prepareMethod=prepexec;encrypt=true;disableStatementPooling=true;databaseName=students_management;columnEncryptionSetting=Disabled;applicationName=Microsoft JDBC Driver for SQL Server;applicationIntent=readwrite;]
	Database driver: Microsoft JDBC Driver 12.8 for SQL Server
	Database dialect: SQLServerDialect
	Database version: 16.0
	Default catalog/schema: students_management/dbo
	Autocommit mode: undefined/unknown
	Isolation level: READ_COMMITTED [default READ_COMMITTED]
	JDBC fetch size: 128
	Pool: DataSourceConnectionProvider
	Minimum pool size: undefined/unknown
	Maximum pool size: undefined/unknown
2026-08-12 10:39:55 [] [] [] INFO  - HHH000489: No JTA platform available (set 'hibernate.transaction.jta.platform' to enable JTA platform integration)
2026-08-12 10:39:55 [] [] [] INFO  - Initialized JPA EntityManagerFactory for persistence unit 'default'
2026-08-12 10:39:55 [] [] [] INFO  - Hibernate is in classpath; If applicable, HQL parser will be used.
2026-08-12 10:39:55 [] [] [] INFO  - Global AuthenticationManager configured with UserDetailsService bean with name customUserDetailsService
2026-08-12 10:40:01 [] [] [] INFO  - Exposing 1 endpoint beneath base path '/actuator'
2026-08-12 10:40:01 [] [] [] INFO  - Starting ProtocolHandler ["http-nio-8080"]
2026-08-12 10:40:01 [] [] [] INFO  - Tomcat started on port 8080 (http) with context path '/'
2026-08-12 10:40:01 [] [] [] INFO  - Started StudentManagementApplication in 7.77 seconds (process running for 8.128)
2026-08-12 10:40:02 [] [] [] INFO  - Initializing Spring DispatcherServlet 'dispatcherServlet'
2026-08-12 10:40:02 [] [] [] INFO  - Initializing Servlet 'dispatcherServlet'
2026-08-12 10:40:02 [] [] [] INFO  - Completed initialization in 2 ms
2026-08-12 10:40:02 [76A4C44B] [POST /api/telegram/send] [53ms] INFO  - === Extracted username: freshAdmin7
2026-08-12 10:40:03 [76A4C44B] [POST /api/telegram/send] [311ms] INFO  - === Loaded userDetails: {"userInfo":{"id":8,"password":"$2a$10$9Y2El.fRpjCcIkA.WT5W5eXd5XoLmTUAn.8brntWDnWd1LjnqlzWe","role":"Admin","username":"freshAdmin7"},"accountNonExpired":true,"accountNonLocked":true,"authorities":[{"authority":"ROLE_Admin"}],"credentialsNonExpired":true,"enabled":true,"password":"$2a$10$9Y2El.fRpjCcIkA.WT5W5eXd5XoLmTUAn.8brntWDnWd1LjnqlzWe","username":"freshAdmin7"}
2026-08-12 10:40:03 [76A4C44B] [POST /api/telegram/send] [312ms] INFO  - === Token valid? true
2026-08-12 10:40:03 [76A4C44B] [POST /api/telegram/send] [313ms] INFO  - === Authentication SET in context
2026-08-12 10:40:04 [76A4C44B] [POST /api/telegram/send] [1214ms] INFO  - Request completed - status=404
2026-08-12 10:40:11 [E517765A] [POST /api/telegram/send] [0ms] INFO  - === Extracted username: freshAdmin7
2026-08-12 10:40:11 [E517765A] [POST /api/telegram/send] [7ms] INFO  - === Loaded userDetails: {"userInfo":{"id":8,"password":"$2a$10$9Y2El.fRpjCcIkA.WT5W5eXd5XoLmTUAn.8brntWDnWd1LjnqlzWe","role":"Admin","username":"freshAdmin7"},"accountNonExpired":true,"accountNonLocked":true,"authorities":[{"authority":"ROLE_Admin"}],"credentialsNonExpired":true,"enabled":true,"password":"$2a$10$9Y2El.fRpjCcIkA.WT5W5eXd5XoLmTUAn.8brntWDnWd1LjnqlzWe","username":"freshAdmin7"}
2026-08-12 10:40:11 [E517765A] [POST /api/telegram/send] [8ms] INFO  - === Token valid? true
2026-08-12 10:40:11 [E517765A] [POST /api/telegram/send] [8ms] INFO  - === Authentication SET in context
2026-08-12 10:40:11 [E517765A] [POST /api/telegram/send] [11ms] INFO  - Request completed - status=200
2026-08-12 10:40:28 [] [] [] INFO  - Commencing graceful shutdown. Waiting for active requests to complete
2026-08-12 10:40:28 [] [] [] INFO  - Graceful shutdown complete
2026-08-12 10:40:28 [] [] [] INFO  - Closing JPA EntityManagerFactory for persistence unit 'default'
2026-08-12 10:40:28 [] [] [] INFO  - HikariPool-1 - Shutdown initiated...
2026-08-12 10:40:28 [] [] [] INFO  - HikariPool-1 - Shutdown completed.
2026-08-12 10:40:29 [] [] [] INFO  - Starting StudentManagementApplication using Java 26.0.2 with PID 45293 (/Users/ewent/Documents/Programmer/Java (Spring boot)/StudentManagement/StudentManagement/target/classes started by ewent in /Users/ewent/Documents/Programmer/Java (Spring boot)/StudentManagement/StudentManagement)
2026-08-12 10:40:29 [] [] [] INFO  - No active profile set, falling back to 1 default profile: "default"
2026-08-12 10:40:29 [] [] [] INFO  - HV000001: Hibernate Validator 9.1.0.Final
2026-08-12 10:40:29 [] [] [] INFO  - Multiple Spring Data modules found, entering strict repository configuration mode
2026-08-12 10:40:29 [] [] [] INFO  - Bootstrapping Spring Data JPA repositories in DEFAULT mode.
2026-08-12 10:40:30 [] [] [] INFO  - Finished Spring Data repository scanning in 68 ms. Found 2 JPA repository interfaces.
2026-08-12 10:40:30 [] [] [] INFO  - Multiple Spring Data modules found, entering strict repository configuration mode
2026-08-12 10:40:30 [] [] [] INFO  - Bootstrapping Spring Data Redis repositories in DEFAULT mode.
2026-08-12 10:40:30 [] [] [] INFO  - Spring Data Redis - Could not safely identify store assignment for repository candidate interface com.example.studentsmanagement.Repository.StudentRepository; If you want this repository to be a Redis repository, consider annotating your entities with one of these annotations: org.springframework.data.redis.core.RedisHash (preferred), or consider extending one of the following types with your repository: org.springframework.data.keyvalue.repository.KeyValueRepository
2026-08-12 10:40:30 [] [] [] INFO  - Spring Data Redis - Could not safely identify store assignment for repository candidate interface com.example.studentsmanagement.Repository.UserRepository; If you want this repository to be a Redis repository, consider annotating your entities with one of these annotations: org.springframework.data.redis.core.RedisHash (preferred), or consider extending one of the following types with your repository: org.springframework.data.keyvalue.repository.KeyValueRepository
2026-08-12 10:40:30 [] [] [] INFO  - Finished Spring Data repository scanning in 2 ms. Found 0 Redis repository interfaces.
2026-08-12 10:40:30 [] [] [] INFO  - BeanFactory id=1d4f5a66-3b9e-3274-ad5b-07b4335b30e4
2026-08-12 10:40:30 [] [] [] INFO  - Tomcat initialized with port 8080 (http)
2026-08-12 10:40:30 [] [] [] INFO  - Initializing ProtocolHandler ["http-nio-8080"]
2026-08-12 10:40:30 [] [] [] INFO  - Starting service [Tomcat]
2026-08-12 10:40:30 [] [] [] INFO  - Starting Servlet engine: [Apache Tomcat/11.0.22]
2026-08-12 10:40:30 [] [] [] INFO  - Root WebApplicationContext: initialization completed in 734 ms
2026-08-12 10:40:30 [] [] [] INFO  - HHH008540: Processing PersistenceUnitInfo [name: default]
2026-08-12 10:40:30 [] [] [] INFO  - HHH000001: Hibernate ORM core version 7.4.1.Final
2026-08-12 10:40:30 [] [] [] INFO  - No LoadTimeWeaver setup: ignoring JPA class transformer
2026-08-12 10:40:30 [] [] [] INFO  - HikariPool-1 - Starting...
2026-08-12 10:40:30 [] [] [] INFO  - HikariPool-1 - Added connection ConnectionID:1 ClientConnectionId: 64a99eab-71af-4961-ab2c-6998fba7b364
2026-08-12 10:40:30 [] [] [] INFO  - HikariPool-1 - Start completed.
2026-08-12 10:40:30 [] [] [] INFO  - HHH10001005: Database info:
	Database JDBC URL [jdbc:sqlserver://localhost:1433;connectRetryInterval=10;connectRetryCount=1;maxResultBuffer=-1;sendTemporalDataTypesAsStringForBulkCopy=true;delayLoadingLobs=true;useFmtOnly=false;cacheBulkCopyMetadata=false;useBulkCopyForBatchInsert=false;cancelQueryTimeout=-1;sslProtocol=TLS;calcBigDecimalPrecision=false;useDefaultJaasConfig=false;jaasConfigurationName=SQLJDBCDriver;statementPoolingCacheSize=0;serverPreparedStatementDiscardThreshold=10;enablePrepareOnFirstPreparedStatementCall=false;fips=false;socketTimeout=0;authentication=NotSpecified;authenticationScheme=nativeAuthentication;xopenStates=false;datetimeParameterType=datetime2;sendTimeAsDatetime=true;replication=false;trustStoreType=JKS;trustServerCertificate=true;TransparentNetworkIPResolution=true;iPAddressPreference=IPv4First;serverNameAsACE=false;sendStringParametersAsUnicode=true;selectMethod=direct;responseBuffering=adaptive;queryTimeout=-1;packetSize=8000;multiSubnetFailover=false;loginTimeout=30;lockTimeout=-1;lastUpdateCount=true;useFlexibleCallableStatements=true;useDefaultGSSCredential=false;prepareMethod=prepexec;encrypt=true;disableStatementPooling=true;databaseName=students_management;columnEncryptionSetting=Disabled;applicationName=Microsoft JDBC Driver for SQL Server;applicationIntent=readwrite;]
	Database driver: Microsoft JDBC Driver 12.8 for SQL Server
	Database dialect: SQLServerDialect
	Database version: 16.0
	Default catalog/schema: students_management/dbo
	Autocommit mode: undefined/unknown
	Isolation level: READ_COMMITTED [default READ_COMMITTED]
	JDBC fetch size: 128
	Pool: DataSourceConnectionProvider
	Minimum pool size: undefined/unknown
	Maximum pool size: undefined/unknown
2026-08-12 10:40:31 [] [] [] INFO  - HHH000489: No JTA platform available (set 'hibernate.transaction.jta.platform' to enable JTA platform integration)
2026-08-12 10:40:31 [] [] [] INFO  - Initialized JPA EntityManagerFactory for persistence unit 'default'
2026-08-12 10:40:31 [] [] [] INFO  - Hibernate is in classpath; If applicable, HQL parser will be used.
2026-08-12 10:40:31 [] [] [] INFO  - Global AuthenticationManager configured with UserDetailsService bean with name customUserDetailsService
2026-08-12 10:40:32 [] [] [] INFO  - Exposing 1 endpoint beneath base path '/actuator'
2026-08-12 10:40:32 [] [] [] INFO  - Starting ProtocolHandler ["http-nio-8080"]
2026-08-12 10:40:32 [] [] [] INFO  - Tomcat started on port 8080 (http) with context path '/'
2026-08-12 10:40:32 [] [] [] INFO  - Started StudentManagementApplication in 2.946 seconds (process running for 3.275)
2026-08-12 10:52:44 [] [] [] INFO  - Commencing graceful shutdown. Waiting for active requests to complete
2026-08-12 10:52:44 [] [] [] INFO  - Graceful shutdown complete
2026-08-12 10:52:44 [] [] [] INFO  - Closing JPA EntityManagerFactory for persistence unit 'default'
2026-08-12 10:52:44 [] [] [] INFO  - HikariPool-1 - Shutdown initiated...
2026-08-12 10:52:44 [] [] [] INFO  - HikariPool-1 - Shutdown completed.
