2026-08-10 21:10:48 [] [] INFO  - Starting StudentManagementApplication using Java 26.0.2 with PID 92478 (/Users/ewent/Documents/Programmer/Java (Spring boot)/StudentManagement/StudentManagement/target/classes started by ewent in /Users/ewent/Documents/Programmer/Java (Spring boot)/StudentManagement/StudentManagement)
2026-08-10 21:10:48 [] [] INFO  - No active profile set, falling back to 1 default profile: "default"
2026-08-10 21:10:48 [] [] INFO  - HV000001: Hibernate Validator 9.1.0.Final
2026-08-10 21:10:48 [] [] INFO  - Bootstrapping Spring Data JPA repositories in DEFAULT mode.
2026-08-10 21:10:48 [] [] INFO  - Finished Spring Data repository scanning in 15 ms. Found 2 JPA repository interfaces.
2026-08-10 21:10:48 [] [] INFO  - BeanFactory id=4f252354-8b7c-3be3-bcc3-028194ab10e2
2026-08-10 21:10:49 [] [] INFO  - Tomcat initialized with port 8080 (http)
2026-08-10 21:10:49 [] [] INFO  - Initializing ProtocolHandler ["http-nio-8080"]
2026-08-10 21:10:49 [] [] INFO  - Starting service [Tomcat]
2026-08-10 21:10:49 [] [] INFO  - Starting Servlet engine: [Apache Tomcat/11.0.22]
2026-08-10 21:10:49 [] [] INFO  - Root WebApplicationContext: initialization completed in 507 ms
2026-08-10 21:10:49 [] [] INFO  - HHH008540: Processing PersistenceUnitInfo [name: default]
2026-08-10 21:10:49 [] [] INFO  - HHH000001: Hibernate ORM core version 7.4.1.Final
2026-08-10 21:10:49 [] [] INFO  - No LoadTimeWeaver setup: ignoring JPA class transformer
2026-08-10 21:10:49 [] [] INFO  - HikariPool-1 - Starting...
2026-08-10 21:10:49 [] [] INFO  - HikariPool-1 - Added connection ConnectionID:1 ClientConnectionId: 2e7dadad-fd28-4dce-a29b-d3c418cb0de2
2026-08-10 21:10:49 [] [] INFO  - HikariPool-1 - Start completed.
2026-08-10 21:10:49 [] [] INFO  - HHH10001005: Database info:
	Database JDBC URL [jdbc:sqlserver://localhost:1433;connectRetryInterval=10;connectRetryCount=1;maxResultBuffer=-1;sendTemporalDataTypesAsStringForBulkCopy=true;delayLoadingLobs=true;useFmtOnly=false;cacheBulkCopyMetadata=false;useBulkCopyForBatchInsert=false;cancelQueryTimeout=-1;sslProtocol=TLS;calcBigDecimalPrecision=false;useDefaultJaasConfig=false;jaasConfigurationName=SQLJDBCDriver;statementPoolingCacheSize=0;serverPreparedStatementDiscardThreshold=10;enablePrepareOnFirstPreparedStatementCall=false;fips=false;socketTimeout=0;authentication=NotSpecified;authenticationScheme=nativeAuthentication;xopenStates=false;datetimeParameterType=datetime2;sendTimeAsDatetime=true;replication=false;trustStoreType=JKS;trustServerCertificate=true;TransparentNetworkIPResolution=true;iPAddressPreference=IPv4First;serverNameAsACE=false;sendStringParametersAsUnicode=true;selectMethod=direct;responseBuffering=adaptive;queryTimeout=-1;packetSize=8000;multiSubnetFailover=false;loginTimeout=30;lockTimeout=-1;lastUpdateCount=true;useFlexibleCallableStatements=true;useDefaultGSSCredential=false;prepareMethod=prepexec;encrypt=true;disableStatementPooling=true;databaseName=students_management;columnEncryptionSetting=Disabled;applicationName=Microsoft JDBC Driver for SQL Server;applicationIntent=readwrite;]
	Database driver: Microsoft JDBC Driver 12.8 for SQL Server
	Database dialect: SQLServerDialect
	Database version: 16.0
	Default catalog/schema: students_management/dbo
	Autocommit mode: undefined/unknown
	Isolation level: READ_COMMITTED [default READ_COMMITTED]
	JDBC fetch size: 128
	Pool: DataSourceConnectionProvider
	Minimum pool size: undefined/unknown
	Maximum pool size: undefined/unknown
2026-08-10 21:10:49 [] [] INFO  - HHH000489: No JTA platform available (set 'hibernate.transaction.jta.platform' to enable JTA platform integration)
2026-08-10 21:10:50 [] [] INFO  - Initialized JPA EntityManagerFactory for persistence unit 'default'
2026-08-10 21:10:50 [] [] INFO  - Hibernate is in classpath; If applicable, HQL parser will be used.
2026-08-10 21:10:50 [] [] INFO  - Global AuthenticationManager configured with UserDetailsService bean with name customUserDetailsService
2026-08-10 21:10:50 [] [] INFO  - Starting ProtocolHandler ["http-nio-8080"]
2026-08-10 21:10:50 [] [] INFO  - Tomcat started on port 8080 (http) with context path '/'
2026-08-10 21:10:50 [] [] INFO  - Started StudentManagementApplication in 2.177 seconds (process running for 2.41)
2026-08-10 21:12:52 [] [] INFO  - Initializing Spring DispatcherServlet 'dispatcherServlet'
2026-08-10 21:12:52 [] [] INFO  - Initializing Servlet 'dispatcherServlet'
2026-08-10 21:12:52 [] [] INFO  - Completed initialization in 3 ms
2026-08-10 21:12:52 [BAFADC05] [POST /auth/login] INFO  - Request: POST /auth/login
2026-08-10 21:12:52 [BAFADC05] [POST /auth/login] INFO  - === JwtAuthFilter TRIGGERED for: /auth/login
2026-08-10 21:12:52 [BAFADC05] [POST /auth/login] INFO  - === No valid Bearer header, skipping auth
2026-08-10 21:12:52 [BAFADC05] [POST /auth/login] INFO  - Response: POST /auth/login status=200
2026-08-10 21:13:21 [] [] INFO  - Commencing graceful shutdown. Waiting for active requests to complete
2026-08-10 21:13:21 [] [] INFO  - Graceful shutdown complete
2026-08-10 21:13:21 [] [] INFO  - Closing JPA EntityManagerFactory for persistence unit 'default'
2026-08-10 21:13:21 [] [] INFO  - HikariPool-1 - Shutdown initiated...
2026-08-10 21:13:21 [] [] INFO  - HikariPool-1 - Shutdown completed.
2026-08-10 21:13:23 [] [] INFO  - Starting StudentManagementApplication using Java 26.0.2 with PID 92567 (/Users/ewent/Documents/Programmer/Java (Spring boot)/StudentManagement/StudentManagement/target/classes started by ewent in /Users/ewent/Documents/Programmer/Java (Spring boot)/StudentManagement/StudentManagement)
2026-08-10 21:13:23 [] [] INFO  - No active profile set, falling back to 1 default profile: "default"
2026-08-10 21:13:23 [] [] INFO  - HV000001: Hibernate Validator 9.1.0.Final
2026-08-10 21:13:23 [] [] INFO  - Bootstrapping Spring Data JPA repositories in DEFAULT mode.
2026-08-10 21:13:23 [] [] INFO  - Finished Spring Data repository scanning in 27 ms. Found 2 JPA repository interfaces.
2026-08-10 21:13:23 [] [] INFO  - BeanFactory id=4f252354-8b7c-3be3-bcc3-028194ab10e2
2026-08-10 21:13:24 [] [] INFO  - Tomcat initialized with port 8080 (http)
2026-08-10 21:13:24 [] [] INFO  - Initializing ProtocolHandler ["http-nio-8080"]
2026-08-10 21:13:24 [] [] INFO  - Starting service [Tomcat]
2026-08-10 21:13:24 [] [] INFO  - Starting Servlet engine: [Apache Tomcat/11.0.22]
2026-08-10 21:13:24 [] [] INFO  - Root WebApplicationContext: initialization completed in 752 ms
2026-08-10 21:13:24 [] [] INFO  - HHH008540: Processing PersistenceUnitInfo [name: default]
2026-08-10 21:13:24 [] [] INFO  - HHH000001: Hibernate ORM core version 7.4.1.Final
2026-08-10 21:13:24 [] [] INFO  - No LoadTimeWeaver setup: ignoring JPA class transformer
2026-08-10 21:13:24 [] [] INFO  - HikariPool-1 - Starting...
2026-08-10 21:13:24 [] [] INFO  - HikariPool-1 - Added connection ConnectionID:1 ClientConnectionId: 7638c0fa-dd4e-4b75-ae2b-b7cae6ba5405
2026-08-10 21:13:24 [] [] INFO  - HikariPool-1 - Start completed.
2026-08-10 21:13:24 [] [] INFO  - HHH10001005: Database info:
	Database JDBC URL [jdbc:sqlserver://localhost:1433;connectRetryInterval=10;connectRetryCount=1;maxResultBuffer=-1;sendTemporalDataTypesAsStringForBulkCopy=true;delayLoadingLobs=true;useFmtOnly=false;cacheBulkCopyMetadata=false;useBulkCopyForBatchInsert=false;cancelQueryTimeout=-1;sslProtocol=TLS;calcBigDecimalPrecision=false;useDefaultJaasConfig=false;jaasConfigurationName=SQLJDBCDriver;statementPoolingCacheSize=0;serverPreparedStatementDiscardThreshold=10;enablePrepareOnFirstPreparedStatementCall=false;fips=false;socketTimeout=0;authentication=NotSpecified;authenticationScheme=nativeAuthentication;xopenStates=false;datetimeParameterType=datetime2;sendTimeAsDatetime=true;replication=false;trustStoreType=JKS;trustServerCertificate=true;TransparentNetworkIPResolution=true;iPAddressPreference=IPv4First;serverNameAsACE=false;sendStringParametersAsUnicode=true;selectMethod=direct;responseBuffering=adaptive;queryTimeout=-1;packetSize=8000;multiSubnetFailover=false;loginTimeout=30;lockTimeout=-1;lastUpdateCount=true;useFlexibleCallableStatements=true;useDefaultGSSCredential=false;prepareMethod=prepexec;encrypt=true;disableStatementPooling=true;databaseName=students_management;columnEncryptionSetting=Disabled;applicationName=Microsoft JDBC Driver for SQL Server;applicationIntent=readwrite;]
	Database driver: Microsoft JDBC Driver 12.8 for SQL Server
	Database dialect: SQLServerDialect
	Database version: 16.0
	Default catalog/schema: students_management/dbo
	Autocommit mode: undefined/unknown
	Isolation level: READ_COMMITTED [default READ_COMMITTED]
	JDBC fetch size: 128
	Pool: DataSourceConnectionProvider
	Minimum pool size: undefined/unknown
	Maximum pool size: undefined/unknown
2026-08-10 21:13:25 [] [] INFO  - HHH000489: No JTA platform available (set 'hibernate.transaction.jta.platform' to enable JTA platform integration)
2026-08-10 21:13:25 [] [] INFO  - Initialized JPA EntityManagerFactory for persistence unit 'default'
2026-08-10 21:13:25 [] [] INFO  - Hibernate is in classpath; If applicable, HQL parser will be used.
2026-08-10 21:13:54 [] [] INFO  - Global AuthenticationManager configured with UserDetailsService bean with name customUserDetailsService
2026-08-10 21:13:59 [] [] INFO  - Starting ProtocolHandler ["http-nio-8080"]
2026-08-10 21:13:59 [] [] INFO  - Tomcat started on port 8080 (http) with context path '/'
2026-08-10 21:13:59 [] [] INFO  - Started StudentManagementApplication in 36.512 seconds (process running for 36.891)
2026-08-10 21:14:03 [] [] INFO  - Initializing Spring DispatcherServlet 'dispatcherServlet'
2026-08-10 21:14:03 [] [] INFO  - Initializing Servlet 'dispatcherServlet'
2026-08-10 21:14:03 [] [] INFO  - Completed initialization in 1 ms
2026-08-10 21:14:03 [5D73D64B] [POST /auth/login] INFO  - Request: POST /auth/login
2026-08-10 21:14:03 [5D73D64B] [POST /auth/login] INFO  - === JwtAuthFilter TRIGGERED for: /auth/login
2026-08-10 21:14:03 [5D73D64B] [POST /auth/login] INFO  - === No valid Bearer header, skipping auth
2026-08-10 21:14:12 [5D73D64B] [POST /auth/login] INFO  - Response: POST /auth/login status=200
2026-08-10 21:14:26 [] [] INFO  - Commencing graceful shutdown. Waiting for active requests to complete
2026-08-10 21:14:26 [] [] INFO  - Graceful shutdown complete
2026-08-10 21:14:26 [] [] INFO  - Closing JPA EntityManagerFactory for persistence unit 'default'
2026-08-10 21:14:26 [] [] INFO  - HikariPool-1 - Shutdown initiated...
2026-08-10 21:14:26 [] [] INFO  - HikariPool-1 - Shutdown completed.
2026-08-10 21:14:27 [] [] INFO  - Starting StudentManagementApplication using Java 26.0.2 with PID 92611 (/Users/ewent/Documents/Programmer/Java (Spring boot)/StudentManagement/StudentManagement/target/classes started by ewent in /Users/ewent/Documents/Programmer/Java (Spring boot)/StudentManagement/StudentManagement)
2026-08-10 21:14:27 [] [] INFO  - No active profile set, falling back to 1 default profile: "default"
2026-08-10 21:14:27 [] [] INFO  - HV000001: Hibernate Validator 9.1.0.Final
2026-08-10 21:14:28 [] [] INFO  - Bootstrapping Spring Data JPA repositories in DEFAULT mode.
2026-08-10 21:14:28 [] [] INFO  - Finished Spring Data repository scanning in 20 ms. Found 2 JPA repository interfaces.
2026-08-10 21:14:28 [] [] INFO  - BeanFactory id=4f252354-8b7c-3be3-bcc3-028194ab10e2
2026-08-10 21:14:28 [] [] INFO  - Tomcat initialized with port 8080 (http)
2026-08-10 21:14:28 [] [] INFO  - Initializing ProtocolHandler ["http-nio-8080"]
2026-08-10 21:14:28 [] [] INFO  - Starting service [Tomcat]
2026-08-10 21:14:28 [] [] INFO  - Starting Servlet engine: [Apache Tomcat/11.0.22]
2026-08-10 21:14:28 [] [] INFO  - Root WebApplicationContext: initialization completed in 670 ms
2026-08-10 21:14:28 [] [] INFO  - HHH008540: Processing PersistenceUnitInfo [name: default]
2026-08-10 21:14:28 [] [] INFO  - HHH000001: Hibernate ORM core version 7.4.1.Final
2026-08-10 21:14:28 [] [] INFO  - No LoadTimeWeaver setup: ignoring JPA class transformer
2026-08-10 21:14:28 [] [] INFO  - HikariPool-1 - Starting...
2026-08-10 21:14:29 [] [] INFO  - HikariPool-1 - Added connection ConnectionID:1 ClientConnectionId: a28a0882-3dd5-4d55-b82a-f29fe95fa5ea
2026-08-10 21:14:29 [] [] INFO  - HikariPool-1 - Start completed.
2026-08-10 21:14:29 [] [] INFO  - HHH10001005: Database info:
	Database JDBC URL [jdbc:sqlserver://localhost:1433;connectRetryInterval=10;connectRetryCount=1;maxResultBuffer=-1;sendTemporalDataTypesAsStringForBulkCopy=true;delayLoadingLobs=true;useFmtOnly=false;cacheBulkCopyMetadata=false;useBulkCopyForBatchInsert=false;cancelQueryTimeout=-1;sslProtocol=TLS;calcBigDecimalPrecision=false;useDefaultJaasConfig=false;jaasConfigurationName=SQLJDBCDriver;statementPoolingCacheSize=0;serverPreparedStatementDiscardThreshold=10;enablePrepareOnFirstPreparedStatementCall=false;fips=false;socketTimeout=0;authentication=NotSpecified;authenticationScheme=nativeAuthentication;xopenStates=false;datetimeParameterType=datetime2;sendTimeAsDatetime=true;replication=false;trustStoreType=JKS;trustServerCertificate=true;TransparentNetworkIPResolution=true;iPAddressPreference=IPv4First;serverNameAsACE=false;sendStringParametersAsUnicode=true;selectMethod=direct;responseBuffering=adaptive;queryTimeout=-1;packetSize=8000;multiSubnetFailover=false;loginTimeout=30;lockTimeout=-1;lastUpdateCount=true;useFlexibleCallableStatements=true;useDefaultGSSCredential=false;prepareMethod=prepexec;encrypt=true;disableStatementPooling=true;databaseName=students_management;columnEncryptionSetting=Disabled;applicationName=Microsoft JDBC Driver for SQL Server;applicationIntent=readwrite;]
	Database driver: Microsoft JDBC Driver 12.8 for SQL Server
	Database dialect: SQLServerDialect
	Database version: 16.0
	Default catalog/schema: students_management/dbo
	Autocommit mode: undefined/unknown
	Isolation level: READ_COMMITTED [default READ_COMMITTED]
	JDBC fetch size: 128
	Pool: DataSourceConnectionProvider
	Minimum pool size: undefined/unknown
	Maximum pool size: undefined/unknown
2026-08-10 21:14:29 [] [] INFO  - HHH000489: No JTA platform available (set 'hibernate.transaction.jta.platform' to enable JTA platform integration)
2026-08-10 21:14:29 [] [] INFO  - Initialized JPA EntityManagerFactory for persistence unit 'default'
2026-08-10 21:14:29 [] [] INFO  - Hibernate is in classpath; If applicable, HQL parser will be used.
2026-08-10 21:14:49 [] [] INFO  - Global AuthenticationManager configured with UserDetailsService bean with name customUserDetailsService
2026-08-10 21:14:59 [] [] INFO  - Starting ProtocolHandler ["http-nio-8080"]
2026-08-10 21:14:59 [] [] INFO  - Tomcat started on port 8080 (http) with context path '/'
2026-08-10 21:14:59 [] [] INFO  - Started StudentManagementApplication in 31.925 seconds (process running for 32.28)
2026-08-10 21:15:06 [] [] INFO  - Commencing graceful shutdown. Waiting for active requests to complete
2026-08-10 21:15:06 [] [] INFO  - Graceful shutdown complete
2026-08-10 21:15:06 [] [] INFO  - Closing JPA EntityManagerFactory for persistence unit 'default'
2026-08-10 21:15:06 [] [] INFO  - HikariPool-1 - Shutdown initiated...
2026-08-10 21:15:06 [] [] INFO  - HikariPool-1 - Shutdown completed.
2026-08-10 21:15:33 [] [] INFO  - HV000001: Hibernate Validator 9.1.0.Final
2026-08-10 21:15:33 [] [] INFO  - Starting StudentManagementApplication using Java 26.0.2 with PID 92644 (/Users/ewent/Documents/Programmer/Java (Spring boot)/StudentManagement/StudentManagement/target/classes started by ewent in /Users/ewent/Documents/Programmer/Java (Spring boot)/StudentManagement/StudentManagement)
2026-08-10 21:15:33 [] [] INFO  - No active profile set, falling back to 1 default profile: "default"
2026-08-10 21:15:40 [] [] INFO  - Bootstrapping Spring Data JPA repositories in DEFAULT mode.
2026-08-10 21:15:40 [] [] INFO  - Finished Spring Data repository scanning in 283 ms. Found 2 JPA repository interfaces.
2026-08-10 21:15:42 [] [] INFO  - BeanFactory id=4f252354-8b7c-3be3-bcc3-028194ab10e2
2026-08-10 21:15:45 [] [] INFO  - Tomcat initialized with port 8080 (http)
2026-08-10 21:15:45 [] [] INFO  - Initializing ProtocolHandler ["http-nio-8080"]
2026-08-10 21:15:45 [] [] INFO  - Starting service [Tomcat]
2026-08-10 21:15:45 [] [] INFO  - Starting Servlet engine: [Apache Tomcat/11.0.22]
2026-08-10 21:15:45 [] [] INFO  - Root WebApplicationContext: initialization completed in 12055 ms
2026-08-10 21:15:48 [] [] INFO  - HHH008540: Processing PersistenceUnitInfo [name: default]
2026-08-10 21:15:48 [] [] INFO  - HHH000001: Hibernate ORM core version 7.4.1.Final
2026-08-10 21:15:50 [] [] INFO  - No LoadTimeWeaver setup: ignoring JPA class transformer
2026-08-10 21:15:51 [] [] INFO  - HikariPool-1 - Starting...
2026-08-10 21:15:57 [] [] INFO  - HikariPool-1 - Added connection ConnectionID:1 ClientConnectionId: fcf3ed11-0a29-4bf1-b126-7d302ad5c8d9
2026-08-10 21:15:57 [] [] INFO  - HikariPool-1 - Start completed.
2026-08-10 21:15:57 [] [] INFO  - HHH10001005: Database info:
	Database JDBC URL [jdbc:sqlserver://localhost:1433;connectRetryInterval=10;connectRetryCount=1;maxResultBuffer=-1;sendTemporalDataTypesAsStringForBulkCopy=true;delayLoadingLobs=true;useFmtOnly=false;cacheBulkCopyMetadata=false;useBulkCopyForBatchInsert=false;cancelQueryTimeout=-1;sslProtocol=TLS;calcBigDecimalPrecision=false;useDefaultJaasConfig=false;jaasConfigurationName=SQLJDBCDriver;statementPoolingCacheSize=0;serverPreparedStatementDiscardThreshold=10;enablePrepareOnFirstPreparedStatementCall=false;fips=false;socketTimeout=0;authentication=NotSpecified;authenticationScheme=nativeAuthentication;xopenStates=false;datetimeParameterType=datetime2;sendTimeAsDatetime=true;replication=false;trustStoreType=JKS;trustServerCertificate=true;TransparentNetworkIPResolution=true;iPAddressPreference=IPv4First;serverNameAsACE=false;sendStringParametersAsUnicode=true;selectMethod=direct;responseBuffering=adaptive;queryTimeout=-1;packetSize=8000;multiSubnetFailover=false;loginTimeout=30;lockTimeout=-1;lastUpdateCount=true;useFlexibleCallableStatements=true;useDefaultGSSCredential=false;prepareMethod=prepexec;encrypt=true;disableStatementPooling=true;databaseName=students_management;columnEncryptionSetting=Disabled;applicationName=Microsoft JDBC Driver for SQL Server;applicationIntent=readwrite;]
	Database driver: Microsoft JDBC Driver 12.8 for SQL Server
	Database dialect: SQLServerDialect
	Database version: 16.0
	Default catalog/schema: students_management/dbo
	Autocommit mode: undefined/unknown
	Isolation level: READ_COMMITTED [default READ_COMMITTED]
	JDBC fetch size: 128
	Pool: DataSourceConnectionProvider
	Minimum pool size: undefined/unknown
	Maximum pool size: undefined/unknown
2026-08-10 21:16:01 [] [] INFO  - HHH000489: No JTA platform available (set 'hibernate.transaction.jta.platform' to enable JTA platform integration)
2026-08-10 21:16:02 [] [] INFO  - Initialized JPA EntityManagerFactory for persistence unit 'default'
2026-08-10 21:16:03 [] [] INFO  - Hibernate is in classpath; If applicable, HQL parser will be used.
2026-08-10 21:17:17 [] [] INFO  - Global AuthenticationManager configured with UserDetailsService bean with name customUserDetailsService
2026-08-10 21:17:18 [] [] INFO  - Starting ProtocolHandler ["http-nio-8080"]
2026-08-10 21:17:18 [] [] INFO  - Tomcat started on port 8080 (http) with context path '/'
2026-08-10 21:17:18 [] [] INFO  - Started StudentManagementApplication in 107.039 seconds (process running for 130.966)
2026-08-10 21:17:22 [] [] INFO  - Initializing Spring DispatcherServlet 'dispatcherServlet'
2026-08-10 21:17:22 [] [] INFO  - Initializing Servlet 'dispatcherServlet'
2026-08-10 21:17:22 [] [] INFO  - Completed initialization in 1 ms
2026-08-10 21:17:22 [7DD9340E] [POST /auth/login] INFO  - Request: POST /auth/login
2026-08-10 21:17:33 [7DD9340E] [POST /auth/login] INFO  - === JwtAuthFilter TRIGGERED for: /auth/login
2026-08-10 21:18:05 [7DD9340E] [POST /auth/login] INFO  - === No valid Bearer header, skipping auth
