2026-08-10 15:00:31 [A408F004] [GET /test/protected] INFO  - Request: GET /test/protected
2026-08-10 15:00:31 [A408F004] [GET /test/protected] INFO  - === JwtAuthFilter TRIGGERED for: /test/protected
2026-08-10 15:00:31 [A408F004] [GET /test/protected] INFO  - === Extracted username: freshAdmin1
2026-08-10 15:00:31 [A408F004] [GET /test/protected] INFO  - === Loaded userDetails: freshAdmin1
2026-08-10 15:00:31 [A408F004] [GET /test/protected] INFO  - === Token valid? true
2026-08-10 15:00:31 [A408F004] [GET /test/protected] INFO  - === Authentication SET in context
2026-08-10 15:00:31 [A408F004] [GET /test/protected] INFO  - Response: GET /test/protected status=200
2026-08-10 15:00:41 [391C09BF] [POST /student/update] INFO  - Request: POST /student/update
2026-08-10 15:00:41 [391C09BF] [POST /student/update] INFO  - === JwtAuthFilter TRIGGERED for: /student/update
2026-08-10 15:00:41 [391C09BF] [POST /student/update] INFO  - === Extracted username: freshAdmin1
2026-08-10 15:00:41 [391C09BF] [POST /student/update] INFO  - === Loaded userDetails: freshAdmin1
2026-08-10 15:00:41 [391C09BF] [POST /student/update] INFO  - === Token valid? true
2026-08-10 15:00:41 [391C09BF] [POST /student/update] INFO  - === Authentication SET in context
2026-08-10 15:00:41 [391C09BF] [POST /student/update] INFO  - Response: POST /student/update status=400
2026-08-10 15:01:05 [90598A73] [POST /student/update] INFO  - Request: POST /student/update
2026-08-10 15:01:05 [90598A73] [POST /student/update] INFO  - === JwtAuthFilter TRIGGERED for: /student/update
2026-08-10 15:01:05 [90598A73] [POST /student/update] INFO  - === Extracted username: freshAdmin1
2026-08-10 15:01:05 [90598A73] [POST /student/update] INFO  - === Loaded userDetails: freshAdmin1
2026-08-10 15:01:05 [90598A73] [POST /student/update] INFO  - === Token valid? true
2026-08-10 15:01:05 [90598A73] [POST /student/update] INFO  - === Authentication SET in context
2026-08-10 15:01:05 [90598A73] [POST /student/update] INFO  - Response: POST /student/update status=400
2026-08-10 15:02:10 [25E1122F] [POST /student/update] INFO  - Request: POST /student/update
2026-08-10 15:02:10 [25E1122F] [POST /student/update] INFO  - === JwtAuthFilter TRIGGERED for: /student/update
2026-08-10 15:02:10 [25E1122F] [POST /student/update] INFO  - === Extracted username: freshAdmin1
2026-08-10 15:02:10 [25E1122F] [POST /student/update] INFO  - === Loaded userDetails: freshAdmin1
2026-08-10 15:02:10 [25E1122F] [POST /student/update] INFO  - === Token valid? true
2026-08-10 15:02:10 [25E1122F] [POST /student/update] INFO  - === Authentication SET in context
2026-08-10 15:02:10 [25E1122F] [POST /student/update] INFO  - Response: POST /student/update status=400
2026-08-10 15:02:23 [02A19056] [GET /apple-touch-icon-precomposed.png] INFO  - Request: GET /apple-touch-icon-precomposed.png
2026-08-10 15:02:23 [14C263B0] [GET /favicon.ico] INFO  - Request: GET /favicon.ico
2026-08-10 15:02:23 [02A19056] [GET /apple-touch-icon-precomposed.png] INFO  - === JwtAuthFilter TRIGGERED for: /apple-touch-icon-precomposed.png
2026-08-10 15:02:23 [02A19056] [GET /apple-touch-icon-precomposed.png] INFO  - === No valid Bearer header, skipping auth
2026-08-10 15:02:23 [FBDE316B] [GET /apple-touch-icon.png] INFO  - Request: GET /apple-touch-icon.png
2026-08-10 15:02:23 [14C263B0] [GET /favicon.ico] INFO  - === JwtAuthFilter TRIGGERED for: /favicon.ico
2026-08-10 15:02:23 [FBDE316B] [GET /apple-touch-icon.png] INFO  - === JwtAuthFilter TRIGGERED for: /apple-touch-icon.png
2026-08-10 15:02:23 [14C263B0] [GET /favicon.ico] INFO  - === No valid Bearer header, skipping auth
2026-08-10 15:02:23 [FBDE316B] [GET /apple-touch-icon.png] INFO  - === No valid Bearer header, skipping auth
2026-08-10 15:02:23 [02A19056] [GET /apple-touch-icon-precomposed.png] INFO  - Response: GET /apple-touch-icon-precomposed.png status=403
2026-08-10 15:02:23 [14C263B0] [GET /favicon.ico] INFO  - Response: GET /favicon.ico status=403
2026-08-10 15:02:23 [FBDE316B] [GET /apple-touch-icon.png] INFO  - Response: GET /apple-touch-icon.png status=403
2026-08-10 15:02:23 [7DB9620B] [GET /student/update] INFO  - Request: GET /student/update
2026-08-10 15:02:23 [7DB9620B] [GET /student/update] INFO  - === JwtAuthFilter TRIGGERED for: /student/update
2026-08-10 15:02:23 [7DB9620B] [GET /student/update] INFO  - === No valid Bearer header, skipping auth
2026-08-10 15:02:23 [7DB9620B] [GET /student/update] INFO  - Response: GET /student/update status=403
2026-08-10 15:02:23 [30DCD57E] [GET /student/update] INFO  - Request: GET /student/update
2026-08-10 15:02:23 [30DCD57E] [GET /student/update] INFO  - === JwtAuthFilter TRIGGERED for: /student/update
2026-08-10 15:02:23 [30DCD57E] [GET /student/update] INFO  - === No valid Bearer header, skipping auth
2026-08-10 15:02:23 [30DCD57E] [GET /student/update] INFO  - Response: GET /student/update status=403
2026-08-10 15:02:34 [DFAE69F4] [POST /student/update] INFO  - Request: POST /student/update
2026-08-10 15:02:34 [DFAE69F4] [POST /student/update] INFO  - === JwtAuthFilter TRIGGERED for: /student/update
2026-08-10 15:02:34 [DFAE69F4] [POST /student/update] INFO  - === Extracted username: freshAdmin1
2026-08-10 15:02:34 [DFAE69F4] [POST /student/update] INFO  - === Loaded userDetails: freshAdmin1
2026-08-10 15:02:34 [DFAE69F4] [POST /student/update] INFO  - === Token valid? true
2026-08-10 15:02:34 [DFAE69F4] [POST /student/update] INFO  - === Authentication SET in context
2026-08-10 15:02:34 [DFAE69F4] [POST /student/update] INFO  - Response: POST /student/update status=400
2026-08-10 15:03:55 [989541A8] [POST /student/update] INFO  - Request: POST /student/update
2026-08-10 15:03:55 [989541A8] [POST /student/update] INFO  - === JwtAuthFilter TRIGGERED for: /student/update
2026-08-10 15:03:55 [989541A8] [POST /student/update] INFO  - === Extracted username: freshAdmin1
2026-08-10 15:03:55 [989541A8] [POST /student/update] INFO  - === Loaded userDetails: freshAdmin1
2026-08-10 15:03:55 [989541A8] [POST /student/update] INFO  - === Token valid? true
2026-08-10 15:03:55 [989541A8] [POST /student/update] INFO  - === Authentication SET in context
2026-08-10 15:03:55 [989541A8] [POST /student/update] INFO  - Response: POST /student/update status=400
2026-08-10 15:05:28 [2A54880A] [POST /student/create] INFO  - Request: POST /student/create
2026-08-10 15:05:28 [2A54880A] [POST /student/create] INFO  - === JwtAuthFilter TRIGGERED for: /student/create
2026-08-10 15:05:28 [2A54880A] [POST /student/create] INFO  - === Extracted username: freshAdmin1
2026-08-10 15:05:28 [2A54880A] [POST /student/create] INFO  - === Loaded userDetails: freshAdmin1
2026-08-10 15:05:28 [2A54880A] [POST /student/create] INFO  - === Token valid? true
2026-08-10 15:05:28 [2A54880A] [POST /student/create] INFO  - === Authentication SET in context
2026-08-10 15:05:28 [2A54880A] [POST /student/create] INFO  - Response: POST /student/create status=200
2026-08-10 15:05:35 [769E9B96] [GET /student/getAllStudents] INFO  - Request: GET /student/getAllStudents
2026-08-10 15:05:35 [769E9B96] [GET /student/getAllStudents] INFO  - === JwtAuthFilter TRIGGERED for: /student/getAllStudents
2026-08-10 15:05:35 [769E9B96] [GET /student/getAllStudents] INFO  - Response: GET /student/getAllStudents status=200
2026-08-10 15:05:42 [E5EF917C] [GET /student/getAllStudents] INFO  - Request: GET /student/getAllStudents
2026-08-10 15:05:42 [E5EF917C] [GET /student/getAllStudents] INFO  - === JwtAuthFilter TRIGGERED for: /student/getAllStudents
2026-08-10 15:05:42 [E5EF917C] [GET /student/getAllStudents] INFO  - === Extracted username: freshAdmin1
2026-08-10 15:05:42 [E5EF917C] [GET /student/getAllStudents] INFO  - === Loaded userDetails: freshAdmin1
2026-08-10 15:05:42 [E5EF917C] [GET /student/getAllStudents] INFO  - === Token valid? true
2026-08-10 15:05:42 [E5EF917C] [GET /student/getAllStudents] INFO  - === Authentication SET in context
2026-08-10 15:05:42 [E5EF917C] [GET /student/getAllStudents] INFO  - Response: GET /student/getAllStudents status=200
2026-08-10 15:06:37 [2F1F6C52] [POST /student/getStudentById] INFO  - Request: POST /student/getStudentById
2026-08-10 15:06:37 [2F1F6C52] [POST /student/getStudentById] INFO  - === JwtAuthFilter TRIGGERED for: /student/getStudentById
2026-08-10 15:06:37 [2F1F6C52] [POST /student/getStudentById] INFO  - Response: POST /student/getStudentById status=200
2026-08-10 15:06:47 [205A9EEA] [POST /student/getStudentById] INFO  - Request: POST /student/getStudentById
2026-08-10 15:06:47 [205A9EEA] [POST /student/getStudentById] INFO  - === JwtAuthFilter TRIGGERED for: /student/getStudentById
2026-08-10 15:06:47 [205A9EEA] [POST /student/getStudentById] INFO  - === Extracted username: freshAdmin1
2026-08-10 15:06:47 [205A9EEA] [POST /student/getStudentById] INFO  - === Loaded userDetails: freshAdmin1
2026-08-10 15:06:47 [205A9EEA] [POST /student/getStudentById] INFO  - === Token valid? true
2026-08-10 15:06:47 [205A9EEA] [POST /student/getStudentById] INFO  - === Authentication SET in context
2026-08-10 15:06:47 [205A9EEA] [POST /student/getStudentById] INFO  - Response: POST /student/getStudentById status=400
2026-08-10 15:06:52 [D2C0D690] [POST /student/getStudentById] INFO  - Request: POST /student/getStudentById
2026-08-10 15:06:52 [D2C0D690] [POST /student/getStudentById] INFO  - === JwtAuthFilter TRIGGERED for: /student/getStudentById
2026-08-10 15:06:52 [D2C0D690] [POST /student/getStudentById] INFO  - === Extracted username: freshAdmin1
2026-08-10 15:06:52 [D2C0D690] [POST /student/getStudentById] INFO  - === Loaded userDetails: freshAdmin1
2026-08-10 15:06:52 [D2C0D690] [POST /student/getStudentById] INFO  - === Token valid? true
2026-08-10 15:06:52 [D2C0D690] [POST /student/getStudentById] INFO  - === Authentication SET in context
2026-08-10 15:06:52 [D2C0D690] [POST /student/getStudentById] INFO  - Response: POST /student/getStudentById status=400
2026-08-10 15:07:02 [33252DA8] [POST /student/getStudentById] INFO  - Request: POST /student/getStudentById
2026-08-10 15:07:02 [33252DA8] [POST /student/getStudentById] INFO  - === JwtAuthFilter TRIGGERED for: /student/getStudentById
2026-08-10 15:07:02 [33252DA8] [POST /student/getStudentById] INFO  - === Extracted username: freshAdmin1
2026-08-10 15:07:02 [33252DA8] [POST /student/getStudentById] INFO  - === Loaded userDetails: freshAdmin1
2026-08-10 15:07:02 [33252DA8] [POST /student/getStudentById] INFO  - === Token valid? true
2026-08-10 15:07:02 [33252DA8] [POST /student/getStudentById] INFO  - === Authentication SET in context
2026-08-10 15:07:02 [33252DA8] [POST /student/getStudentById] INFO  - Response: POST /student/getStudentById status=400
2026-08-10 15:07:03 [D06A7480] [POST /student/getStudentById] INFO  - Request: POST /student/getStudentById
2026-08-10 15:07:03 [D06A7480] [POST /student/getStudentById] INFO  - === JwtAuthFilter TRIGGERED for: /student/getStudentById
2026-08-10 15:07:03 [D06A7480] [POST /student/getStudentById] INFO  - === Extracted username: freshAdmin1
2026-08-10 15:07:03 [D06A7480] [POST /student/getStudentById] INFO  - === Loaded userDetails: freshAdmin1
2026-08-10 15:07:03 [D06A7480] [POST /student/getStudentById] INFO  - === Token valid? true
2026-08-10 15:07:03 [D06A7480] [POST /student/getStudentById] INFO  - === Authentication SET in context
2026-08-10 15:07:03 [D06A7480] [POST /student/getStudentById] INFO  - Response: POST /student/getStudentById status=400
2026-08-10 15:07:17 [B50CA502] [POST /student/getStudentById] INFO  - Request: POST /student/getStudentById
2026-08-10 15:07:17 [B50CA502] [POST /student/getStudentById] INFO  - === JwtAuthFilter TRIGGERED for: /student/getStudentById
2026-08-10 15:07:17 [B50CA502] [POST /student/getStudentById] INFO  - === Extracted username: freshAdmin1
2026-08-10 15:07:17 [B50CA502] [POST /student/getStudentById] INFO  - === Loaded userDetails: freshAdmin1
2026-08-10 15:07:17 [B50CA502] [POST /student/getStudentById] INFO  - === Token valid? true
2026-08-10 15:07:17 [B50CA502] [POST /student/getStudentById] INFO  - === Authentication SET in context
2026-08-10 15:07:17 [B50CA502] [POST /student/getStudentById] INFO  - Response: POST /student/getStudentById status=400
2026-08-10 15:08:38 [AA2E19FA] [POST /student/update] INFO  - Request: POST /student/update
2026-08-10 15:08:38 [AA2E19FA] [POST /student/update] INFO  - === JwtAuthFilter TRIGGERED for: /student/update
2026-08-10 15:08:38 [AA2E19FA] [POST /student/update] INFO  - === Extracted username: freshAdmin1
2026-08-10 15:08:39 [AA2E19FA] [POST /student/update] INFO  - === Loaded userDetails: freshAdmin1
2026-08-10 15:08:39 [AA2E19FA] [POST /student/update] INFO  - === Token valid? true
2026-08-10 15:08:39 [AA2E19FA] [POST /student/update] INFO  - === Authentication SET in context
2026-08-10 15:08:39 [AA2E19FA] [POST /student/update] INFO  - Response: POST /student/update status=400
2026-08-10 15:09:34 [A715A6F9] [POST /student/getStudentById] INFO  - Request: POST /student/getStudentById
2026-08-10 15:09:34 [A715A6F9] [POST /student/getStudentById] INFO  - === JwtAuthFilter TRIGGERED for: /student/getStudentById
2026-08-10 15:09:34 [A715A6F9] [POST /student/getStudentById] INFO  - === Extracted username: freshAdmin1
2026-08-10 15:09:34 [A715A6F9] [POST /student/getStudentById] INFO  - === Loaded userDetails: freshAdmin1
2026-08-10 15:09:34 [A715A6F9] [POST /student/getStudentById] INFO  - === Token valid? true
2026-08-10 15:09:34 [A715A6F9] [POST /student/getStudentById] INFO  - === Authentication SET in context
2026-08-10 15:09:34 [A715A6F9] [POST /student/getStudentById] INFO  - Response: POST /student/getStudentById status=400
2026-08-10 15:10:36 [385528A2] [POST /student/getStudentById] INFO  - Request: POST /student/getStudentById
2026-08-10 15:10:36 [385528A2] [POST /student/getStudentById] INFO  - === JwtAuthFilter TRIGGERED for: /student/getStudentById
2026-08-10 15:10:36 [385528A2] [POST /student/getStudentById] INFO  - === Extracted username: freshAdmin1
2026-08-10 15:10:36 [385528A2] [POST /student/getStudentById] INFO  - === Loaded userDetails: freshAdmin1
2026-08-10 15:10:36 [385528A2] [POST /student/getStudentById] INFO  - === Token valid? true
2026-08-10 15:10:36 [385528A2] [POST /student/getStudentById] INFO  - === Authentication SET in context
2026-08-10 15:10:36 [385528A2] [POST /student/getStudentById] INFO  - Response: POST /student/getStudentById status=200
2026-08-10 15:10:48 [D26520AB] [POST /student/getStudentById] INFO  - Request: POST /student/getStudentById
2026-08-10 15:10:48 [D26520AB] [POST /student/getStudentById] INFO  - === JwtAuthFilter TRIGGERED for: /student/getStudentById
2026-08-10 15:10:48 [D26520AB] [POST /student/getStudentById] INFO  - === Extracted username: freshAdmin1
2026-08-10 15:10:48 [D26520AB] [POST /student/getStudentById] INFO  - === Loaded userDetails: freshAdmin1
2026-08-10 15:10:48 [D26520AB] [POST /student/getStudentById] INFO  - === Token valid? true
2026-08-10 15:10:48 [D26520AB] [POST /student/getStudentById] INFO  - === Authentication SET in context
2026-08-10 15:10:48 [D26520AB] [POST /student/getStudentById] INFO  - Response: POST /student/getStudentById status=200
2026-08-10 15:10:59 [6D178B09] [POST /student/update] INFO  - Request: POST /student/update
2026-08-10 15:10:59 [6D178B09] [POST /student/update] INFO  - === JwtAuthFilter TRIGGERED for: /student/update
2026-08-10 15:10:59 [6D178B09] [POST /student/update] INFO  - === Extracted username: freshAdmin1
2026-08-10 15:10:59 [6D178B09] [POST /student/update] INFO  - === Loaded userDetails: freshAdmin1
2026-08-10 15:10:59 [6D178B09] [POST /student/update] INFO  - === Token valid? true
2026-08-10 15:10:59 [6D178B09] [POST /student/update] INFO  - === Authentication SET in context
2026-08-10 15:10:59 [6D178B09] [POST /student/update] INFO  - Response: POST /student/update status=400
2026-08-10 15:11:32 [755AD031] [POST /student/update] INFO  - Request: POST /student/update
2026-08-10 15:11:32 [755AD031] [POST /student/update] INFO  - === JwtAuthFilter TRIGGERED for: /student/update
2026-08-10 15:11:32 [755AD031] [POST /student/update] INFO  - === Extracted username: freshAdmin1
2026-08-10 15:11:32 [755AD031] [POST /student/update] INFO  - === Loaded userDetails: freshAdmin1
2026-08-10 15:11:32 [755AD031] [POST /student/update] INFO  - === Token valid? true
2026-08-10 15:11:32 [755AD031] [POST /student/update] INFO  - === Authentication SET in context
2026-08-10 15:11:32 [755AD031] [POST /student/update] INFO  - Response: POST /student/update status=200
2026-08-10 15:13:38 [0F6FC26C] [POST /student/update] INFO  - Request: POST /student/update
2026-08-10 15:13:38 [0F6FC26C] [POST /student/update] INFO  - === JwtAuthFilter TRIGGERED for: /student/update
2026-08-10 15:13:38 [0F6FC26C] [POST /student/update] INFO  - === No valid Bearer header, skipping auth
2026-08-10 15:13:38 [0F6FC26C] [POST /student/update] INFO  - Response: POST /student/update status=403
2026-08-10 15:13:41 [] [] INFO  - Commencing graceful shutdown. Waiting for active requests to complete
2026-08-10 15:13:41 [] [] INFO  - Graceful shutdown complete
2026-08-10 15:13:41 [] [] INFO  - Closing JPA EntityManagerFactory for persistence unit 'default'
2026-08-10 15:13:41 [] [] INFO  - HikariPool-1 - Shutdown initiated...
2026-08-10 15:13:41 [] [] INFO  - HikariPool-1 - Shutdown completed.
2026-08-10 15:13:43 [] [] INFO  - Starting StudentManagementApplication using Java 26.0.2 with PID 84787 (/Users/ewent/Documents/Programmer/Java (Spring boot)/StudentManagement/StudentManagement/target/classes started by ewent in /Users/ewent/Documents/Programmer/Java (Spring boot)/StudentManagement/StudentManagement)
2026-08-10 15:13:43 [] [] INFO  - No active profile set, falling back to 1 default profile: "default"
2026-08-10 15:13:43 [] [] INFO  - HV000001: Hibernate Validator 9.1.0.Final
2026-08-10 15:13:43 [] [] INFO  - Bootstrapping Spring Data JPA repositories in DEFAULT mode.
2026-08-10 15:13:43 [] [] INFO  - Finished Spring Data repository scanning in 16 ms. Found 2 JPA repository interfaces.
2026-08-10 15:13:43 [] [] INFO  - BeanFactory id=ac225581-88db-3e46-9b68-03295223f873
2026-08-10 15:13:43 [] [] INFO  - Tomcat initialized with port 8080 (http)
2026-08-10 15:13:43 [] [] INFO  - Initializing ProtocolHandler ["http-nio-8080"]
2026-08-10 15:13:43 [] [] INFO  - Starting service [Tomcat]
2026-08-10 15:13:43 [] [] INFO  - Starting Servlet engine: [Apache Tomcat/11.0.22]
2026-08-10 15:13:43 [] [] INFO  - Root WebApplicationContext: initialization completed in 552 ms
2026-08-10 15:13:44 [] [] INFO  - HHH008540: Processing PersistenceUnitInfo [name: default]
2026-08-10 15:13:44 [] [] INFO  - HHH000001: Hibernate ORM core version 7.4.1.Final
2026-08-10 15:13:44 [] [] INFO  - No LoadTimeWeaver setup: ignoring JPA class transformer
2026-08-10 15:13:44 [] [] INFO  - HikariPool-1 - Starting...
2026-08-10 15:13:44 [] [] INFO  - HikariPool-1 - Added connection ConnectionID:1 ClientConnectionId: 051800a8-9bb3-4c05-bc4c-82a8d518d04f
2026-08-10 15:13:44 [] [] INFO  - HikariPool-1 - Start completed.
2026-08-10 15:13:44 [] [] INFO  - HHH10001005: Database info:
	Database JDBC URL [jdbc:sqlserver://localhost:1433;connectRetryInterval=10;connectRetryCount=1;maxResultBuffer=-1;sendTemporalDataTypesAsStringForBulkCopy=true;delayLoadingLobs=true;useFmtOnly=false;cacheBulkCopyMetadata=false;useBulkCopyForBatchInsert=false;cancelQueryTimeout=-1;sslProtocol=TLS;calcBigDecimalPrecision=false;useDefaultJaasConfig=false;jaasConfigurationName=SQLJDBCDriver;statementPoolingCacheSize=0;serverPreparedStatementDiscardThreshold=10;enablePrepareOnFirstPreparedStatementCall=false;fips=false;socketTimeout=0;authentication=NotSpecified;authenticationScheme=nativeAuthentication;xopenStates=false;datetimeParameterType=datetime2;sendTimeAsDatetime=true;replication=false;trustStoreType=JKS;trustServerCertificate=true;TransparentNetworkIPResolution=true;iPAddressPreference=IPv4First;serverNameAsACE=false;sendStringParametersAsUnicode=true;selectMethod=direct;responseBuffering=adaptive;queryTimeout=-1;packetSize=8000;multiSubnetFailover=false;loginTimeout=30;lockTimeout=-1;lastUpdateCount=true;useFlexibleCallableStatements=true;useDefaultGSSCredential=false;prepareMethod=prepexec;encrypt=true;disableStatementPooling=true;databaseName=students_management;columnEncryptionSetting=Disabled;applicationName=Microsoft JDBC Driver for SQL Server;applicationIntent=readwrite;]
	Database driver: Microsoft JDBC Driver 12.8 for SQL Server
	Database dialect: SQLServerDialect
	Database version: 16.0
	Default catalog/schema: students_management/dbo
	Autocommit mode: undefined/unknown
	Isolation level: READ_COMMITTED [default READ_COMMITTED]
	JDBC fetch size: 128
	Pool: DataSourceConnectionProvider
	Minimum pool size: undefined/unknown
	Maximum pool size: undefined/unknown
2026-08-10 15:13:45 [] [] INFO  - HHH000489: No JTA platform available (set 'hibernate.transaction.jta.platform' to enable JTA platform integration)
2026-08-10 15:13:45 [] [] INFO  - Initialized JPA EntityManagerFactory for persistence unit 'default'
2026-08-10 15:13:45 [] [] INFO  - Hibernate is in classpath; If applicable, HQL parser will be used.
2026-08-10 15:13:45 [] [] INFO  - Global AuthenticationManager configured with UserDetailsService bean with name customUserDetailsService
2026-08-10 15:13:45 [] [] INFO  - Starting ProtocolHandler ["http-nio-8080"]
2026-08-10 15:13:45 [] [] INFO  - Tomcat started on port 8080 (http) with context path '/'
2026-08-10 15:13:45 [] [] INFO  - Started StudentManagementApplication in 2.6 seconds (process running for 2.851)
2026-08-10 15:13:45 [] [] INFO  - Initializing Spring DispatcherServlet 'dispatcherServlet'
2026-08-10 15:13:45 [] [] INFO  - Initializing Servlet 'dispatcherServlet'
2026-08-10 15:13:45 [] [] INFO  - Completed initialization in 1 ms
2026-08-10 15:13:45 [8BC04637] [POST /student/update] INFO  - Request: POST /student/update
2026-08-10 15:13:45 [8BC04637] [POST /student/update] INFO  - === JwtAuthFilter TRIGGERED for: /student/update
2026-08-10 15:13:45 [8BC04637] [POST /student/update] INFO  - === No valid Bearer header, skipping auth
2026-08-10 15:13:45 [8BC04637] [POST /student/update] INFO  - Response: POST /student/update status=403
2026-08-10 15:13:47 [061AB300] [POST /student/update] INFO  - Request: POST /student/update
2026-08-10 15:13:47 [061AB300] [POST /student/update] INFO  - === JwtAuthFilter TRIGGERED for: /student/update
2026-08-10 15:13:47 [061AB300] [POST /student/update] INFO  - === No valid Bearer header, skipping auth
2026-08-10 15:13:47 [061AB300] [POST /student/update] INFO  - Response: POST /student/update status=403
2026-08-10 15:13:48 [6438C6ED] [POST /student/update] INFO  - Request: POST /student/update
2026-08-10 15:13:48 [6438C6ED] [POST /student/update] INFO  - === JwtAuthFilter TRIGGERED for: /student/update
2026-08-10 15:13:48 [6438C6ED] [POST /student/update] INFO  - === No valid Bearer header, skipping auth
2026-08-10 15:13:48 [6438C6ED] [POST /student/update] INFO  - Response: POST /student/update status=403
2026-08-10 15:13:52 [BA621DE3] [POST /student/update] INFO  - Request: POST /student/update
2026-08-10 15:13:52 [BA621DE3] [POST /student/update] INFO  - === JwtAuthFilter TRIGGERED for: /student/update
2026-08-10 15:13:52 [BA621DE3] [POST /student/update] INFO  - === No valid Bearer header, skipping auth
2026-08-10 15:13:52 [BA621DE3] [POST /student/update] INFO  - Response: POST /student/update status=403
2026-08-10 15:14:02 [2561A50B] [POST /student/update] INFO  - Request: POST /student/update
2026-08-10 15:14:02 [2561A50B] [POST /student/update] INFO  - === JwtAuthFilter TRIGGERED for: /student/update
2026-08-10 15:14:02 [2561A50B] [POST /student/update] INFO  - === No valid Bearer header, skipping auth
2026-08-10 15:14:02 [2561A50B] [POST /student/update] INFO  - Response: POST /student/update status=403
2026-08-10 15:14:03 [5D483112] [POST /student/update] INFO  - Request: POST /student/update
2026-08-10 15:14:03 [5D483112] [POST /student/update] INFO  - === JwtAuthFilter TRIGGERED for: /student/update
2026-08-10 15:14:03 [5D483112] [POST /student/update] INFO  - === No valid Bearer header, skipping auth
2026-08-10 15:14:03 [5D483112] [POST /student/update] INFO  - Response: POST /student/update status=403
2026-08-10 15:14:12 [4EB65300] [POST /student/update] INFO  - Request: POST /student/update
2026-08-10 15:14:12 [4EB65300] [POST /student/update] INFO  - === JwtAuthFilter TRIGGERED for: /student/update
2026-08-10 15:14:12 [4EB65300] [POST /student/update] INFO  - === No valid Bearer header, skipping auth
2026-08-10 15:14:12 [4EB65300] [POST /student/update] INFO  - Response: POST /student/update status=403
2026-08-10 15:14:23 [35A14206] [POST /student/update] INFO  - Request: POST /student/update
2026-08-10 15:14:23 [35A14206] [POST /student/update] INFO  - === JwtAuthFilter TRIGGERED for: /student/update
2026-08-10 15:14:23 [35A14206] [POST /student/update] INFO  - === No valid Bearer header, skipping auth
2026-08-10 15:14:23 [35A14206] [POST /student/update] INFO  - Response: POST /student/update status=403
2026-08-10 15:14:31 [9169D3FA] [GET /student/getAllStudents] INFO  - Request: GET /student/getAllStudents
2026-08-10 15:14:31 [9169D3FA] [GET /student/getAllStudents] INFO  - === JwtAuthFilter TRIGGERED for: /student/getAllStudents
2026-08-10 15:14:31 [9169D3FA] [GET /student/getAllStudents] INFO  - === Extracted username: freshAdmin1
2026-08-10 15:14:31 [9169D3FA] [GET /student/getAllStudents] INFO  - === Loaded userDetails: freshAdmin1
2026-08-10 15:14:31 [9169D3FA] [GET /student/getAllStudents] INFO  - === Token valid? true
2026-08-10 15:14:31 [9169D3FA] [GET /student/getAllStudents] INFO  - === Authentication SET in context
2026-08-10 15:14:31 [9169D3FA] [GET /student/getAllStudents] INFO  - Response: GET /student/getAllStudents status=200
2026-08-10 15:14:40 [6592BDDD] [POST /student/getStudentById] INFO  - Request: POST /student/getStudentById
2026-08-10 15:14:40 [6592BDDD] [POST /student/getStudentById] INFO  - === JwtAuthFilter TRIGGERED for: /student/getStudentById
2026-08-10 15:14:40 [6592BDDD] [POST /student/getStudentById] INFO  - === No valid Bearer header, skipping auth
2026-08-10 15:14:40 [6592BDDD] [POST /student/getStudentById] INFO  - Response: POST /student/getStudentById status=403
2026-08-10 15:14:43 [2006A4F6] [POST /student/getStudentById] INFO  - Request: POST /student/getStudentById
2026-08-10 15:14:43 [2006A4F6] [POST /student/getStudentById] INFO  - === JwtAuthFilter TRIGGERED for: /student/getStudentById
2026-08-10 15:14:43 [2006A4F6] [POST /student/getStudentById] INFO  - === No valid Bearer header, skipping auth
2026-08-10 15:14:43 [2006A4F6] [POST /student/getStudentById] INFO  - Response: POST /student/getStudentById status=403
2026-08-10 15:15:04 [A2E397F8] [POST /student/getStudentById] INFO  - Request: POST /student/getStudentById
2026-08-10 15:15:04 [A2E397F8] [POST /student/getStudentById] INFO  - === JwtAuthFilter TRIGGERED for: /student/getStudentById
2026-08-10 15:15:04 [A2E397F8] [POST /student/getStudentById] INFO  - === Extracted username: freshAdmin1
2026-08-10 15:15:04 [A2E397F8] [POST /student/getStudentById] INFO  - === Loaded userDetails: freshAdmin1
2026-08-10 15:15:04 [A2E397F8] [POST /student/getStudentById] INFO  - === Token valid? true
2026-08-10 15:15:04 [A2E397F8] [POST /student/getStudentById] INFO  - === Authentication SET in context
2026-08-10 15:15:04 [A2E397F8] [POST /student/getStudentById] INFO  - Response: POST /student/getStudentById status=200
2026-08-10 15:15:09 [527D4F2A] [POST /student/update] INFO  - Request: POST /student/update
2026-08-10 15:15:09 [527D4F2A] [POST /student/update] INFO  - === JwtAuthFilter TRIGGERED for: /student/update
2026-08-10 15:15:09 [527D4F2A] [POST /student/update] INFO  - === Extracted username: freshAdmin1
2026-08-10 15:15:09 [527D4F2A] [POST /student/update] INFO  - === Loaded userDetails: freshAdmin1
2026-08-10 15:15:09 [527D4F2A] [POST /student/update] INFO  - === Token valid? true
2026-08-10 15:15:09 [527D4F2A] [POST /student/update] INFO  - === Authentication SET in context
2026-08-10 15:15:09 [527D4F2A] [POST /student/update] INFO  - Response: POST /student/update status=200
2026-08-10 15:15:20 [CFEAAAF3] [POST /student/update] INFO  - Request: POST /student/update
2026-08-10 15:15:20 [CFEAAAF3] [POST /student/update] INFO  - === JwtAuthFilter TRIGGERED for: /student/update
2026-08-10 15:15:20 [CFEAAAF3] [POST /student/update] INFO  - === Extracted username: freshAdmin1
2026-08-10 15:15:20 [CFEAAAF3] [POST /student/update] INFO  - === Loaded userDetails: freshAdmin1
2026-08-10 15:15:20 [CFEAAAF3] [POST /student/update] INFO  - === Token valid? true
2026-08-10 15:15:20 [CFEAAAF3] [POST /student/update] INFO  - === Authentication SET in context
2026-08-10 15:15:20 [CFEAAAF3] [POST /student/update] INFO  - Response: POST /student/update status=200
2026-08-10 15:15:28 [D52437B8] [GET /student/getAllStudents] INFO  - Request: GET /student/getAllStudents
2026-08-10 15:15:28 [D52437B8] [GET /student/getAllStudents] INFO  - === JwtAuthFilter TRIGGERED for: /student/getAllStudents
2026-08-10 15:15:28 [D52437B8] [GET /student/getAllStudents] INFO  - === Extracted username: freshAdmin1
2026-08-10 15:15:28 [D52437B8] [GET /student/getAllStudents] INFO  - === Loaded userDetails: freshAdmin1
2026-08-10 15:15:28 [D52437B8] [GET /student/getAllStudents] INFO  - === Token valid? true
2026-08-10 15:15:28 [D52437B8] [GET /student/getAllStudents] INFO  - === Authentication SET in context
2026-08-10 15:15:28 [D52437B8] [GET /student/getAllStudents] INFO  - Response: GET /student/getAllStudents status=200
2026-08-10 15:15:46 [0D8DDC39] [POST /student/delete] INFO  - Request: POST /student/delete
2026-08-10 15:15:46 [0D8DDC39] [POST /student/delete] INFO  - === JwtAuthFilter TRIGGERED for: /student/delete
2026-08-10 15:15:46 [0D8DDC39] [POST /student/delete] INFO  - === Extracted username: freshAdmin1
2026-08-10 15:15:46 [0D8DDC39] [POST /student/delete] INFO  - === Loaded userDetails: freshAdmin1
2026-08-10 15:15:46 [0D8DDC39] [POST /student/delete] INFO  - === Token valid? true
2026-08-10 15:15:46 [0D8DDC39] [POST /student/delete] INFO  - === Authentication SET in context
2026-08-10 15:15:46 [0D8DDC39] [POST /student/delete] INFO  - Response: POST /student/delete status=200
2026-08-10 15:15:50 [6CC97490] [GET /student/getAllStudents] INFO  - Request: GET /student/getAllStudents
2026-08-10 15:15:50 [6CC97490] [GET /student/getAllStudents] INFO  - === JwtAuthFilter TRIGGERED for: /student/getAllStudents
2026-08-10 15:15:50 [6CC97490] [GET /student/getAllStudents] INFO  - === Extracted username: freshAdmin1
2026-08-10 15:15:50 [6CC97490] [GET /student/getAllStudents] INFO  - === Loaded userDetails: freshAdmin1
2026-08-10 15:15:50 [6CC97490] [GET /student/getAllStudents] INFO  - === Token valid? true
2026-08-10 15:15:50 [6CC97490] [GET /student/getAllStudents] INFO  - === Authentication SET in context
2026-08-10 15:15:50 [6CC97490] [GET /student/getAllStudents] INFO  - Response: GET /student/getAllStudents status=200
2026-08-10 15:16:44 [1ACB7C3E] [GET /external/users] INFO  - Request: GET /external/users
2026-08-10 15:16:44 [1ACB7C3E] [GET /external/users] INFO  - === JwtAuthFilter TRIGGERED for: /external/users
2026-08-10 15:16:44 [1ACB7C3E] [GET /external/users] INFO  - === No valid Bearer header, skipping auth
2026-08-10 15:16:44 [1ACB7C3E] [GET /external/users] INFO  - Response: GET /external/users status=403
2026-08-10 15:16:56 [ECCF9821] [GET /external/users] INFO  - Request: GET /external/users
2026-08-10 15:16:56 [ECCF9821] [GET /external/users] INFO  - === JwtAuthFilter TRIGGERED for: /external/users
2026-08-10 15:16:56 [ECCF9821] [GET /external/users] INFO  - === Extracted username: freshAdmin1
2026-08-10 15:16:56 [ECCF9821] [GET /external/users] INFO  - === Loaded userDetails: freshAdmin1
2026-08-10 15:16:56 [ECCF9821] [GET /external/users] INFO  - === Token valid? true
2026-08-10 15:16:56 [ECCF9821] [GET /external/users] INFO  - === Authentication SET in context
2026-08-10 15:16:56 [ECCF9821] [GET /external/users] INFO  - Response: GET /external/users status=200
2026-08-10 15:19:12 [439EA5CF] [POST /external/users] INFO  - Request: POST /external/users
2026-08-10 15:19:12 [439EA5CF] [POST /external/users] INFO  - === JwtAuthFilter TRIGGERED for: /external/users
2026-08-10 15:19:12 [439EA5CF] [POST /external/users] INFO  - === Extracted username: freshAdmin1
2026-08-10 15:19:12 [439EA5CF] [POST /external/users] INFO  - === Loaded userDetails: freshAdmin1
2026-08-10 15:19:12 [439EA5CF] [POST /external/users] INFO  - === Token valid? true
2026-08-10 15:19:12 [439EA5CF] [POST /external/users] INFO  - === Authentication SET in context
2026-08-10 15:19:13 [439EA5CF] [POST /external/users] INFO  - Response: POST /external/users status=200
2026-08-10 15:27:09 [] [] INFO  - Commencing graceful shutdown. Waiting for active requests to complete
2026-08-10 15:27:09 [] [] INFO  - Graceful shutdown complete
2026-08-10 15:27:09 [] [] INFO  - Closing JPA EntityManagerFactory for persistence unit 'default'
2026-08-10 15:27:09 [] [] INFO  - HikariPool-1 - Shutdown initiated...
2026-08-10 15:27:09 [] [] INFO  - HikariPool-1 - Shutdown completed.
2026-08-10 15:27:11 [] [] INFO  - Starting StudentManagementApplication using Java 26.0.2 with PID 85726 (/Users/ewent/Documents/Programmer/Java (Spring boot)/StudentManagement/StudentManagement/target/classes started by ewent in /Users/ewent/Documents/Programmer/Java (Spring boot)/StudentManagement/StudentManagement)
2026-08-10 15:27:11 [] [] INFO  - No active profile set, falling back to 1 default profile: "default"
2026-08-10 15:27:11 [] [] INFO  - HV000001: Hibernate Validator 9.1.0.Final
2026-08-10 15:27:11 [] [] INFO  - Bootstrapping Spring Data JPA repositories in DEFAULT mode.
2026-08-10 15:27:11 [] [] INFO  - Finished Spring Data repository scanning in 16 ms. Found 2 JPA repository interfaces.
2026-08-10 15:27:11 [] [] INFO  - BeanFactory id=4f252354-8b7c-3be3-bcc3-028194ab10e2
2026-08-10 15:27:11 [] [] INFO  - Tomcat initialized with port 8080 (http)
2026-08-10 15:27:11 [] [] INFO  - Initializing ProtocolHandler ["http-nio-8080"]
2026-08-10 15:27:11 [] [] INFO  - Starting service [Tomcat]
2026-08-10 15:27:11 [] [] INFO  - Starting Servlet engine: [Apache Tomcat/11.0.22]
2026-08-10 15:27:11 [] [] INFO  - Root WebApplicationContext: initialization completed in 599 ms
2026-08-10 15:27:12 [] [] INFO  - HHH008540: Processing PersistenceUnitInfo [name: default]
2026-08-10 15:27:12 [] [] INFO  - HHH000001: Hibernate ORM core version 7.4.1.Final
2026-08-10 15:27:12 [] [] INFO  - No LoadTimeWeaver setup: ignoring JPA class transformer
2026-08-10 15:27:12 [] [] INFO  - HikariPool-1 - Starting...
2026-08-10 15:27:12 [] [] INFO  - HikariPool-1 - Added connection ConnectionID:1 ClientConnectionId: 51835e38-65e6-4dae-bb81-083a50217ecb
2026-08-10 15:27:12 [] [] INFO  - HikariPool-1 - Start completed.
2026-08-10 15:27:12 [] [] INFO  - HHH10001005: Database info:
	Database JDBC URL [jdbc:sqlserver://localhost:1433;connectRetryInterval=10;connectRetryCount=1;maxResultBuffer=-1;sendTemporalDataTypesAsStringForBulkCopy=true;delayLoadingLobs=true;useFmtOnly=false;cacheBulkCopyMetadata=false;useBulkCopyForBatchInsert=false;cancelQueryTimeout=-1;sslProtocol=TLS;calcBigDecimalPrecision=false;useDefaultJaasConfig=false;jaasConfigurationName=SQLJDBCDriver;statementPoolingCacheSize=0;serverPreparedStatementDiscardThreshold=10;enablePrepareOnFirstPreparedStatementCall=false;fips=false;socketTimeout=0;authentication=NotSpecified;authenticationScheme=nativeAuthentication;xopenStates=false;datetimeParameterType=datetime2;sendTimeAsDatetime=true;replication=false;trustStoreType=JKS;trustServerCertificate=true;TransparentNetworkIPResolution=true;iPAddressPreference=IPv4First;serverNameAsACE=false;sendStringParametersAsUnicode=true;selectMethod=direct;responseBuffering=adaptive;queryTimeout=-1;packetSize=8000;multiSubnetFailover=false;loginTimeout=30;lockTimeout=-1;lastUpdateCount=true;useFlexibleCallableStatements=true;useDefaultGSSCredential=false;prepareMethod=prepexec;encrypt=true;disableStatementPooling=true;databaseName=students_management;columnEncryptionSetting=Disabled;applicationName=Microsoft JDBC Driver for SQL Server;applicationIntent=readwrite;]
	Database driver: Microsoft JDBC Driver 12.8 for SQL Server
	Database dialect: SQLServerDialect
	Database version: 16.0
	Default catalog/schema: students_management/dbo
	Autocommit mode: undefined/unknown
	Isolation level: READ_COMMITTED [default READ_COMMITTED]
	JDBC fetch size: 128
	Pool: DataSourceConnectionProvider
	Minimum pool size: undefined/unknown
	Maximum pool size: undefined/unknown
2026-08-10 15:27:12 [] [] INFO  - HHH000489: No JTA platform available (set 'hibernate.transaction.jta.platform' to enable JTA platform integration)
2026-08-10 15:27:13 [] [] INFO  - Initialized JPA EntityManagerFactory for persistence unit 'default'
2026-08-10 15:27:13 [] [] INFO  - Hibernate is in classpath; If applicable, HQL parser will be used.
2026-08-10 15:27:13 [] [] INFO  - Global AuthenticationManager configured with UserDetailsService bean with name customUserDetailsService
2026-08-10 15:27:13 [] [] INFO  - Starting ProtocolHandler ["http-nio-8080"]
2026-08-10 15:27:13 [] [] INFO  - Tomcat started on port 8080 (http) with context path '/'
2026-08-10 15:27:13 [] [] INFO  - Started StudentManagementApplication in 2.746 seconds (process running for 3.026)
2026-08-10 15:27:18 [] [] INFO  - Initializing Spring DispatcherServlet 'dispatcherServlet'
2026-08-10 15:27:18 [] [] INFO  - Initializing Servlet 'dispatcherServlet'
2026-08-10 15:27:18 [] [] INFO  - Completed initialization in 1 ms
2026-08-10 15:27:18 [63996747] [POST /student/update] INFO  - Request: POST /student/update
2026-08-10 15:27:18 [63996747] [POST /student/update] INFO  - === JwtAuthFilter TRIGGERED for: /student/update
2026-08-10 15:27:18 [63996747] [POST /student/update] INFO  - === Extracted username: freshAdmin1
2026-08-10 15:27:18 [63996747] [POST /student/update] INFO  - === Loaded userDetails: freshAdmin1
2026-08-10 15:27:18 [63996747] [POST /student/update] INFO  - === Token valid? true
2026-08-10 15:27:18 [63996747] [POST /student/update] INFO  - === Authentication SET in context
2026-08-10 15:27:18 [63996747] [POST /student/update] INFO  - Response: POST /student/update status=200
2026-08-10 15:27:22 [739C1ECA] [POST /student/update] INFO  - Request: POST /student/update
2026-08-10 15:27:22 [739C1ECA] [POST /student/update] INFO  - === JwtAuthFilter TRIGGERED for: /student/update
2026-08-10 15:27:22 [739C1ECA] [POST /student/update] INFO  - === Extracted username: freshAdmin1
2026-08-10 15:27:22 [739C1ECA] [POST /student/update] INFO  - === Loaded userDetails: freshAdmin1
2026-08-10 15:27:22 [739C1ECA] [POST /student/update] INFO  - === Token valid? true
2026-08-10 15:27:22 [739C1ECA] [POST /student/update] INFO  - === Authentication SET in context
2026-08-10 15:27:22 [739C1ECA] [POST /student/update] INFO  - Response: POST /student/update status=400
2026-08-10 15:27:40 [BA2F59B1] [POST /student/update] INFO  - Request: POST /student/update
2026-08-10 15:27:40 [BA2F59B1] [POST /student/update] INFO  - === JwtAuthFilter TRIGGERED for: /student/update
2026-08-10 15:27:40 [BA2F59B1] [POST /student/update] INFO  - === No valid Bearer header, skipping auth
2026-08-10 15:27:40 [BA2F59B1] [POST /student/update] INFO  - Response: POST /student/update status=403
2026-08-10 15:27:44 [B0CE5436] [POST /student/update] INFO  - Request: POST /student/update
2026-08-10 15:27:44 [B0CE5436] [POST /student/update] INFO  - === JwtAuthFilter TRIGGERED for: /student/update
2026-08-10 15:27:44 [B0CE5436] [POST /student/update] INFO  - === Extracted username: freshAdmin1
2026-08-10 15:27:44 [B0CE5436] [POST /student/update] INFO  - === Loaded userDetails: freshAdmin1
2026-08-10 15:27:44 [B0CE5436] [POST /student/update] INFO  - === Token valid? true
2026-08-10 15:27:44 [B0CE5436] [POST /student/update] INFO  - === Authentication SET in context
2026-08-10 15:27:44 [B0CE5436] [POST /student/update] INFO  - Response: POST /student/update status=400
2026-08-10 15:27:54 [A3339F19] [POST /student/update] INFO  - Request: POST /student/update
2026-08-10 15:27:54 [A3339F19] [POST /student/update] INFO  - === JwtAuthFilter TRIGGERED for: /student/update
2026-08-10 15:27:54 [A3339F19] [POST /student/update] INFO  - === Extracted username: freshAdmin1
2026-08-10 15:27:54 [A3339F19] [POST /student/update] INFO  - === Loaded userDetails: freshAdmin1
2026-08-10 15:27:54 [A3339F19] [POST /student/update] INFO  - === Token valid? true
2026-08-10 15:27:54 [A3339F19] [POST /student/update] INFO  - === Authentication SET in context
2026-08-10 15:27:54 [A3339F19] [POST /student/update] INFO  - Response: POST /student/update status=400
2026-08-10 15:28:02 [F8F8DFB2] [POST /student/update] INFO  - Request: POST /student/update
2026-08-10 15:28:02 [F8F8DFB2] [POST /student/update] INFO  - === JwtAuthFilter TRIGGERED for: /student/update
2026-08-10 15:28:02 [F8F8DFB2] [POST /student/update] INFO  - === Extracted username: freshAdmin1
2026-08-10 15:28:02 [F8F8DFB2] [POST /student/update] INFO  - === Loaded userDetails: freshAdmin1
2026-08-10 15:28:02 [F8F8DFB2] [POST /student/update] INFO  - === Token valid? true
2026-08-10 15:28:02 [F8F8DFB2] [POST /student/update] INFO  - === Authentication SET in context
2026-08-10 15:28:02 [F8F8DFB2] [POST /student/update] INFO  - Response: POST /student/update status=400
2026-08-10 15:28:16 [CB7CE00D] [POST /student/create] INFO  - Request: POST /student/create
2026-08-10 15:28:16 [CB7CE00D] [POST /student/create] INFO  - === JwtAuthFilter TRIGGERED for: /student/create
2026-08-10 15:28:16 [CB7CE00D] [POST /student/create] INFO  - === Extracted username: freshAdmin1
2026-08-10 15:28:16 [CB7CE00D] [POST /student/create] INFO  - === Loaded userDetails: freshAdmin1
2026-08-10 15:28:16 [CB7CE00D] [POST /student/create] INFO  - === Token valid? true
2026-08-10 15:28:16 [CB7CE00D] [POST /student/create] INFO  - === Authentication SET in context
2026-08-10 15:28:16 [CB7CE00D] [POST /student/create] INFO  - Response: POST /student/create status=400
2026-08-10 15:28:23 [7AB8AC79] [POST /student/create] INFO  - Request: POST /student/create
2026-08-10 15:28:23 [7AB8AC79] [POST /student/create] INFO  - === JwtAuthFilter TRIGGERED for: /student/create
2026-08-10 15:28:23 [7AB8AC79] [POST /student/create] INFO  - === Extracted username: freshAdmin1
2026-08-10 15:28:23 [7AB8AC79] [POST /student/create] INFO  - === Loaded userDetails: freshAdmin1
2026-08-10 15:28:23 [7AB8AC79] [POST /student/create] INFO  - === Token valid? true
2026-08-10 15:28:23 [7AB8AC79] [POST /student/create] INFO  - === Authentication SET in context
2026-08-10 15:28:23 [7AB8AC79] [POST /student/create] INFO  - Response: POST /student/create status=400
2026-08-10 15:29:06 [0E907D34] [POST /student/create] INFO  - Request: POST /student/create
2026-08-10 15:29:06 [0E907D34] [POST /student/create] INFO  - === JwtAuthFilter TRIGGERED for: /student/create
2026-08-10 15:29:06 [0E907D34] [POST /student/create] INFO  - === Extracted username: freshAdmin1
2026-08-10 15:29:06 [0E907D34] [POST /student/create] INFO  - === Loaded userDetails: freshAdmin1
2026-08-10 15:29:06 [0E907D34] [POST /student/create] INFO  - === Token valid? true
2026-08-10 15:29:06 [0E907D34] [POST /student/create] INFO  - === Authentication SET in context
2026-08-10 15:29:06 [0E907D34] [POST /student/create] INFO  - Response: POST /student/create status=400
2026-08-10 15:29:58 [] [] INFO  - Commencing graceful shutdown. Waiting for active requests to complete
2026-08-10 15:29:58 [] [] INFO  - Graceful shutdown complete
2026-08-10 15:29:58 [] [] INFO  - Closing JPA EntityManagerFactory for persistence unit 'default'
2026-08-10 15:29:58 [] [] INFO  - HikariPool-1 - Shutdown initiated...
2026-08-10 15:29:58 [] [] INFO  - HikariPool-1 - Shutdown completed.
2026-08-10 15:30:00 [] [] INFO  - Starting StudentManagementApplication using Java 26.0.2 with PID 85849 (/Users/ewent/Documents/Programmer/Java (Spring boot)/StudentManagement/StudentManagement/target/classes started by ewent in /Users/ewent/Documents/Programmer/Java (Spring boot)/StudentManagement/StudentManagement)
2026-08-10 15:30:00 [] [] INFO  - No active profile set, falling back to 1 default profile: "default"
2026-08-10 15:30:00 [] [] INFO  - HV000001: Hibernate Validator 9.1.0.Final
2026-08-10 15:30:00 [] [] INFO  - Bootstrapping Spring Data JPA repositories in DEFAULT mode.
2026-08-10 15:30:00 [] [] INFO  - Finished Spring Data repository scanning in 17 ms. Found 2 JPA repository interfaces.
2026-08-10 15:30:00 [] [] INFO  - BeanFactory id=4f252354-8b7c-3be3-bcc3-028194ab10e2
2026-08-10 15:30:01 [] [] INFO  - Tomcat initialized with port 8080 (http)
2026-08-10 15:30:01 [] [] INFO  - Initializing ProtocolHandler ["http-nio-8080"]
2026-08-10 15:30:01 [] [] INFO  - Starting service [Tomcat]
2026-08-10 15:30:01 [] [] INFO  - Starting Servlet engine: [Apache Tomcat/11.0.22]
2026-08-10 15:30:01 [] [] INFO  - Root WebApplicationContext: initialization completed in 739 ms
2026-08-10 15:30:01 [] [] INFO  - HHH008540: Processing PersistenceUnitInfo [name: default]
2026-08-10 15:30:01 [] [] INFO  - HHH000001: Hibernate ORM core version 7.4.1.Final
2026-08-10 15:30:01 [] [] INFO  - No LoadTimeWeaver setup: ignoring JPA class transformer
2026-08-10 15:30:01 [] [] INFO  - HikariPool-1 - Starting...
2026-08-10 15:30:01 [] [] INFO  - HikariPool-1 - Added connection ConnectionID:1 ClientConnectionId: d43cb622-d607-413a-b4b7-b98966224b5c
2026-08-10 15:30:01 [] [] INFO  - HikariPool-1 - Start completed.
2026-08-10 15:30:01 [] [] INFO  - HHH10001005: Database info:
	Database JDBC URL [jdbc:sqlserver://localhost:1433;connectRetryInterval=10;connectRetryCount=1;maxResultBuffer=-1;sendTemporalDataTypesAsStringForBulkCopy=true;delayLoadingLobs=true;useFmtOnly=false;cacheBulkCopyMetadata=false;useBulkCopyForBatchInsert=false;cancelQueryTimeout=-1;sslProtocol=TLS;calcBigDecimalPrecision=false;useDefaultJaasConfig=false;jaasConfigurationName=SQLJDBCDriver;statementPoolingCacheSize=0;serverPreparedStatementDiscardThreshold=10;enablePrepareOnFirstPreparedStatementCall=false;fips=false;socketTimeout=0;authentication=NotSpecified;authenticationScheme=nativeAuthentication;xopenStates=false;datetimeParameterType=datetime2;sendTimeAsDatetime=true;replication=false;trustStoreType=JKS;trustServerCertificate=true;TransparentNetworkIPResolution=true;iPAddressPreference=IPv4First;serverNameAsACE=false;sendStringParametersAsUnicode=true;selectMethod=direct;responseBuffering=adaptive;queryTimeout=-1;packetSize=8000;multiSubnetFailover=false;loginTimeout=30;lockTimeout=-1;lastUpdateCount=true;useFlexibleCallableStatements=true;useDefaultGSSCredential=false;prepareMethod=prepexec;encrypt=true;disableStatementPooling=true;databaseName=students_management;columnEncryptionSetting=Disabled;applicationName=Microsoft JDBC Driver for SQL Server;applicationIntent=readwrite;]
	Database driver: Microsoft JDBC Driver 12.8 for SQL Server
	Database dialect: SQLServerDialect
	Database version: 16.0
	Default catalog/schema: students_management/dbo
	Autocommit mode: undefined/unknown
	Isolation level: READ_COMMITTED [default READ_COMMITTED]
	JDBC fetch size: 128
	Pool: DataSourceConnectionProvider
	Minimum pool size: undefined/unknown
	Maximum pool size: undefined/unknown
2026-08-10 15:30:01 [] [] INFO  - HHH000489: No JTA platform available (set 'hibernate.transaction.jta.platform' to enable JTA platform integration)
2026-08-10 15:30:02 [] [] INFO  - Initialized JPA EntityManagerFactory for persistence unit 'default'
2026-08-10 15:30:02 [] [] INFO  - Hibernate is in classpath; If applicable, HQL parser will be used.
2026-08-10 15:30:02 [] [] INFO  - Global AuthenticationManager configured with UserDetailsService bean with name customUserDetailsService
2026-08-10 15:30:02 [] [] INFO  - Starting ProtocolHandler ["http-nio-8080"]
2026-08-10 15:30:02 [] [] INFO  - Tomcat started on port 8080 (http) with context path '/'
2026-08-10 15:30:02 [] [] INFO  - Started StudentManagementApplication in 2.451 seconds (process running for 2.697)
2026-08-10 15:31:26 [] [] INFO  - Initializing Spring DispatcherServlet 'dispatcherServlet'
2026-08-10 15:31:26 [] [] INFO  - Initializing Servlet 'dispatcherServlet'
2026-08-10 15:31:26 [] [] INFO  - Completed initialization in 10 ms
2026-08-10 15:31:26 [03C48E76] [POST /student/create] INFO  - Request: POST /student/create
2026-08-10 15:31:26 [03C48E76] [POST /student/create] INFO  - === JwtAuthFilter TRIGGERED for: /student/create
2026-08-10 15:31:26 [03C48E76] [POST /student/create] INFO  - === Extracted username: freshAdmin1
2026-08-10 15:31:27 [03C48E76] [POST /student/create] INFO  - === Loaded userDetails: freshAdmin1
2026-08-10 15:31:27 [03C48E76] [POST /student/create] INFO  - === Token valid? true
2026-08-10 15:31:27 [03C48E76] [POST /student/create] INFO  - === Authentication SET in context
2026-08-10 15:31:27 [03C48E76] [POST /student/create] INFO  - Response: POST /student/create status=200
2026-08-10 15:32:18 [78E876DF] [GET /student/getAllStudents] INFO  - Request: GET /student/getAllStudents
2026-08-10 15:32:18 [78E876DF] [GET /student/getAllStudents] INFO  - === JwtAuthFilter TRIGGERED for: /student/getAllStudents
2026-08-10 15:32:18 [78E876DF] [GET /student/getAllStudents] INFO  - === Extracted username: freshAdmin1
2026-08-10 15:32:18 [78E876DF] [GET /student/getAllStudents] INFO  - === Loaded userDetails: freshAdmin1
2026-08-10 15:32:18 [78E876DF] [GET /student/getAllStudents] INFO  - === Token valid? true
2026-08-10 15:32:18 [78E876DF] [GET /student/getAllStudents] INFO  - === Authentication SET in context
2026-08-10 15:32:18 [78E876DF] [GET /student/getAllStudents] INFO  - Response: GET /student/getAllStudents status=200
2026-08-10 15:32:31 [E4A0D499] [POST /student/getStudentById] INFO  - Request: POST /student/getStudentById
2026-08-10 15:32:31 [E4A0D499] [POST /student/getStudentById] INFO  - === JwtAuthFilter TRIGGERED for: /student/getStudentById
2026-08-10 15:32:31 [E4A0D499] [POST /student/getStudentById] INFO  - === Extracted username: freshAdmin1
2026-08-10 15:32:31 [E4A0D499] [POST /student/getStudentById] INFO  - === Loaded userDetails: freshAdmin1
2026-08-10 15:32:31 [E4A0D499] [POST /student/getStudentById] INFO  - === Token valid? true
2026-08-10 15:32:31 [E4A0D499] [POST /student/getStudentById] INFO  - === Authentication SET in context
2026-08-10 15:32:31 [E4A0D499] [POST /student/getStudentById] INFO  - Response: POST /student/getStudentById status=200
2026-08-10 15:32:34 [E6398BA3] [POST /student/getStudentById] INFO  - Request: POST /student/getStudentById
2026-08-10 15:32:34 [E6398BA3] [POST /student/getStudentById] INFO  - === JwtAuthFilter TRIGGERED for: /student/getStudentById
2026-08-10 15:32:34 [E6398BA3] [POST /student/getStudentById] INFO  - === Extracted username: freshAdmin1
2026-08-10 15:32:34 [E6398BA3] [POST /student/getStudentById] INFO  - === Loaded userDetails: freshAdmin1
2026-08-10 15:32:34 [E6398BA3] [POST /student/getStudentById] INFO  - === Token valid? true
2026-08-10 15:32:34 [E6398BA3] [POST /student/getStudentById] INFO  - === Authentication SET in context
2026-08-10 15:32:34 [E6398BA3] [POST /student/getStudentById] INFO  - Response: POST /student/getStudentById status=200
2026-08-10 15:32:37 [FC1E02E8] [POST /student/getStudentById] INFO  - Request: POST /student/getStudentById
2026-08-10 15:32:37 [FC1E02E8] [POST /student/getStudentById] INFO  - === JwtAuthFilter TRIGGERED for: /student/getStudentById
2026-08-10 15:32:37 [FC1E02E8] [POST /student/getStudentById] INFO  - === Extracted username: freshAdmin1
2026-08-10 15:32:37 [FC1E02E8] [POST /student/getStudentById] INFO  - === Loaded userDetails: freshAdmin1
2026-08-10 15:32:37 [FC1E02E8] [POST /student/getStudentById] INFO  - === Token valid? true
2026-08-10 15:32:37 [FC1E02E8] [POST /student/getStudentById] INFO  - === Authentication SET in context
2026-08-10 15:32:37 [FC1E02E8] [POST /student/getStudentById] INFO  - Response: POST /student/getStudentById status=200
2026-08-10 15:32:41 [F7A84DA8] [POST /student/getStudentById] INFO  - Request: POST /student/getStudentById
2026-08-10 15:32:41 [F7A84DA8] [POST /student/getStudentById] INFO  - === JwtAuthFilter TRIGGERED for: /student/getStudentById
2026-08-10 15:32:41 [F7A84DA8] [POST /student/getStudentById] INFO  - === Extracted username: freshAdmin1
2026-08-10 15:32:41 [F7A84DA8] [POST /student/getStudentById] INFO  - === Loaded userDetails: freshAdmin1
2026-08-10 15:32:41 [F7A84DA8] [POST /student/getStudentById] INFO  - === Token valid? true
2026-08-10 15:32:41 [F7A84DA8] [POST /student/getStudentById] INFO  - === Authentication SET in context
2026-08-10 15:32:41 [F7A84DA8] [POST /student/getStudentById] INFO  - Response: POST /student/getStudentById status=400
2026-08-10 15:34:53 [] [] INFO  - Commencing graceful shutdown. Waiting for active requests to complete
2026-08-10 15:34:53 [] [] INFO  - Graceful shutdown complete
2026-08-10 15:34:53 [] [] INFO  - Closing JPA EntityManagerFactory for persistence unit 'default'
2026-08-10 15:34:53 [] [] INFO  - HikariPool-1 - Shutdown initiated...
2026-08-10 15:34:53 [] [] INFO  - HikariPool-1 - Shutdown completed.
2026-08-10 15:34:55 [] [] INFO  - Starting StudentManagementApplication using Java 26.0.2 with PID 86154 (/Users/ewent/Documents/Programmer/Java (Spring boot)/StudentManagement/StudentManagement/target/classes started by ewent in /Users/ewent/Documents/Programmer/Java (Spring boot)/StudentManagement/StudentManagement)
2026-08-10 15:34:55 [] [] INFO  - No active profile set, falling back to 1 default profile: "default"
2026-08-10 15:34:55 [] [] INFO  - HV000001: Hibernate Validator 9.1.0.Final
2026-08-10 15:34:55 [] [] INFO  - Bootstrapping Spring Data JPA repositories in DEFAULT mode.
2026-08-10 15:34:55 [] [] INFO  - Finished Spring Data repository scanning in 16 ms. Found 2 JPA repository interfaces.
2026-08-10 15:34:55 [] [] INFO  - BeanFactory id=4f252354-8b7c-3be3-bcc3-028194ab10e2
2026-08-10 15:34:55 [] [] INFO  - Tomcat initialized with port 8080 (http)
2026-08-10 15:34:55 [] [] INFO  - Initializing ProtocolHandler ["http-nio-8080"]
2026-08-10 15:34:55 [] [] INFO  - Starting service [Tomcat]
2026-08-10 15:34:55 [] [] INFO  - Starting Servlet engine: [Apache Tomcat/11.0.22]
2026-08-10 15:34:55 [] [] INFO  - Root WebApplicationContext: initialization completed in 516 ms
2026-08-10 15:34:55 [] [] INFO  - HHH008540: Processing PersistenceUnitInfo [name: default]
2026-08-10 15:34:55 [] [] INFO  - HHH000001: Hibernate ORM core version 7.4.1.Final
2026-08-10 15:34:55 [] [] INFO  - No LoadTimeWeaver setup: ignoring JPA class transformer
2026-08-10 15:34:55 [] [] INFO  - HikariPool-1 - Starting...
2026-08-10 15:34:56 [] [] INFO  - HikariPool-1 - Added connection ConnectionID:1 ClientConnectionId: b8eb756a-080f-41aa-be18-8e19e91bbc08
2026-08-10 15:34:56 [] [] INFO  - HikariPool-1 - Start completed.
2026-08-10 15:34:56 [] [] INFO  - HHH10001005: Database info:
	Database JDBC URL [jdbc:sqlserver://localhost:1433;connectRetryInterval=10;connectRetryCount=1;maxResultBuffer=-1;sendTemporalDataTypesAsStringForBulkCopy=true;delayLoadingLobs=true;useFmtOnly=false;cacheBulkCopyMetadata=false;useBulkCopyForBatchInsert=false;cancelQueryTimeout=-1;sslProtocol=TLS;calcBigDecimalPrecision=false;useDefaultJaasConfig=false;jaasConfigurationName=SQLJDBCDriver;statementPoolingCacheSize=0;serverPreparedStatementDiscardThreshold=10;enablePrepareOnFirstPreparedStatementCall=false;fips=false;socketTimeout=0;authentication=NotSpecified;authenticationScheme=nativeAuthentication;xopenStates=false;datetimeParameterType=datetime2;sendTimeAsDatetime=true;replication=false;trustStoreType=JKS;trustServerCertificate=true;TransparentNetworkIPResolution=true;iPAddressPreference=IPv4First;serverNameAsACE=false;sendStringParametersAsUnicode=true;selectMethod=direct;responseBuffering=adaptive;queryTimeout=-1;packetSize=8000;multiSubnetFailover=false;loginTimeout=30;lockTimeout=-1;lastUpdateCount=true;useFlexibleCallableStatements=true;useDefaultGSSCredential=false;prepareMethod=prepexec;encrypt=true;disableStatementPooling=true;databaseName=students_management;columnEncryptionSetting=Disabled;applicationName=Microsoft JDBC Driver for SQL Server;applicationIntent=readwrite;]
	Database driver: Microsoft JDBC Driver 12.8 for SQL Server
	Database dialect: SQLServerDialect
	Database version: 16.0
	Default catalog/schema: students_management/dbo
	Autocommit mode: undefined/unknown
	Isolation level: READ_COMMITTED [default READ_COMMITTED]
	JDBC fetch size: 128
	Pool: DataSourceConnectionProvider
	Minimum pool size: undefined/unknown
	Maximum pool size: undefined/unknown
2026-08-10 15:34:56 [] [] INFO  - HHH000489: No JTA platform available (set 'hibernate.transaction.jta.platform' to enable JTA platform integration)
2026-08-10 15:34:56 [] [] INFO  - Initialized JPA EntityManagerFactory for persistence unit 'default'
2026-08-10 15:34:56 [] [] INFO  - Hibernate is in classpath; If applicable, HQL parser will be used.
2026-08-10 15:34:56 [] [] INFO  - Global AuthenticationManager configured with UserDetailsService bean with name customUserDetailsService
2026-08-10 15:34:57 [] [] INFO  - Starting ProtocolHandler ["http-nio-8080"]
2026-08-10 15:34:57 [] [] INFO  - Tomcat started on port 8080 (http) with context path '/'
2026-08-10 15:34:57 [] [] INFO  - Started StudentManagementApplication in 2.325 seconds (process running for 2.578)
2026-08-10 15:34:58 [] [] INFO  - Initializing Spring DispatcherServlet 'dispatcherServlet'
2026-08-10 15:34:58 [] [] INFO  - Initializing Servlet 'dispatcherServlet'
2026-08-10 15:34:58 [] [] INFO  - Completed initialization in 1 ms
2026-08-10 15:34:58 [942C0667] [POST /student/getStudentById] INFO  - Request: POST /student/getStudentById
2026-08-10 15:34:58 [942C0667] [POST /student/getStudentById] INFO  - === JwtAuthFilter TRIGGERED for: /student/getStudentById
2026-08-10 15:34:58 [942C0667] [POST /student/getStudentById] INFO  - === Extracted username: freshAdmin1
2026-08-10 15:34:58 [942C0667] [POST /student/getStudentById] INFO  - === Loaded userDetails: freshAdmin1
2026-08-10 15:34:58 [942C0667] [POST /student/getStudentById] INFO  - === Token valid? true
2026-08-10 15:34:58 [942C0667] [POST /student/getStudentById] INFO  - === Authentication SET in context
2026-08-10 15:34:58 [942C0667] [POST /student/getStudentById] INFO  - Response: POST /student/getStudentById status=400
2026-08-10 15:35:00 [EA055D30] [POST /student/getStudentById] INFO  - Request: POST /student/getStudentById
2026-08-10 15:35:00 [EA055D30] [POST /student/getStudentById] INFO  - === JwtAuthFilter TRIGGERED for: /student/getStudentById
2026-08-10 15:35:00 [EA055D30] [POST /student/getStudentById] INFO  - === Extracted username: freshAdmin1
2026-08-10 15:35:00 [EA055D30] [POST /student/getStudentById] INFO  - === Loaded userDetails: freshAdmin1
2026-08-10 15:35:00 [EA055D30] [POST /student/getStudentById] INFO  - === Token valid? true
2026-08-10 15:35:00 [EA055D30] [POST /student/getStudentById] INFO  - === Authentication SET in context
2026-08-10 15:35:00 [EA055D30] [POST /student/getStudentById] INFO  - Response: POST /student/getStudentById status=400
2026-08-10 15:35:05 [894CB746] [POST /student/getStudentById] INFO  - Request: POST /student/getStudentById
2026-08-10 15:35:05 [894CB746] [POST /student/getStudentById] INFO  - === JwtAuthFilter TRIGGERED for: /student/getStudentById
2026-08-10 15:35:05 [894CB746] [POST /student/getStudentById] INFO  - === Extracted username: freshAdmin1
2026-08-10 15:35:05 [894CB746] [POST /student/getStudentById] INFO  - === Loaded userDetails: freshAdmin1
2026-08-10 15:35:05 [894CB746] [POST /student/getStudentById] INFO  - === Token valid? true
2026-08-10 15:35:05 [894CB746] [POST /student/getStudentById] INFO  - === Authentication SET in context
2026-08-10 15:35:05 [894CB746] [POST /student/getStudentById] INFO  - Response: POST /student/getStudentById status=200
2026-08-10 15:35:09 [8ECF37F6] [POST /student/getStudentById] INFO  - Request: POST /student/getStudentById
2026-08-10 15:35:09 [8ECF37F6] [POST /student/getStudentById] INFO  - === JwtAuthFilter TRIGGERED for: /student/getStudentById
2026-08-10 15:35:09 [8ECF37F6] [POST /student/getStudentById] INFO  - === Extracted username: freshAdmin1
2026-08-10 15:35:09 [8ECF37F6] [POST /student/getStudentById] INFO  - === Loaded userDetails: freshAdmin1
2026-08-10 15:35:09 [8ECF37F6] [POST /student/getStudentById] INFO  - === Token valid? true
2026-08-10 15:35:09 [8ECF37F6] [POST /student/getStudentById] INFO  - === Authentication SET in context
2026-08-10 15:35:09 [8ECF37F6] [POST /student/getStudentById] INFO  - Response: POST /student/getStudentById status=400
2026-08-10 15:35:12 [20B29702] [POST /student/getStudentById] INFO  - Request: POST /student/getStudentById
2026-08-10 15:35:12 [20B29702] [POST /student/getStudentById] INFO  - === JwtAuthFilter TRIGGERED for: /student/getStudentById
2026-08-10 15:35:12 [20B29702] [POST /student/getStudentById] INFO  - === Extracted username: freshAdmin1
2026-08-10 15:35:12 [20B29702] [POST /student/getStudentById] INFO  - === Loaded userDetails: freshAdmin1
2026-08-10 15:35:12 [20B29702] [POST /student/getStudentById] INFO  - === Token valid? true
2026-08-10 15:35:12 [20B29702] [POST /student/getStudentById] INFO  - === Authentication SET in context
2026-08-10 15:35:12 [20B29702] [POST /student/getStudentById] INFO  - Response: POST /student/getStudentById status=400
2026-08-10 15:41:09 [] [] INFO  - Commencing graceful shutdown. Waiting for active requests to complete
2026-08-10 15:41:09 [] [] INFO  - Graceful shutdown complete
2026-08-10 15:41:09 [] [] INFO  - Closing JPA EntityManagerFactory for persistence unit 'default'
2026-08-10 15:41:09 [] [] INFO  - HikariPool-1 - Shutdown initiated...
2026-08-10 15:41:09 [] [] INFO  - HikariPool-1 - Shutdown completed.
2026-08-10 15:41:11 [] [] INFO  - Starting StudentManagementApplication using Java 26.0.2 with PID 86474 (/Users/ewent/Documents/Programmer/Java (Spring boot)/StudentManagement/StudentManagement/target/classes started by ewent in /Users/ewent/Documents/Programmer/Java (Spring boot)/StudentManagement/StudentManagement)
2026-08-10 15:41:11 [] [] INFO  - No active profile set, falling back to 1 default profile: "default"
2026-08-10 15:41:11 [] [] INFO  - HV000001: Hibernate Validator 9.1.0.Final
2026-08-10 15:41:11 [] [] INFO  - Bootstrapping Spring Data JPA repositories in DEFAULT mode.
2026-08-10 15:41:11 [] [] INFO  - Finished Spring Data repository scanning in 15 ms. Found 2 JPA repository interfaces.
2026-08-10 15:41:11 [] [] INFO  - BeanFactory id=4f252354-8b7c-3be3-bcc3-028194ab10e2
2026-08-10 15:41:11 [] [] INFO  - Tomcat initialized with port 8080 (http)
2026-08-10 15:41:11 [] [] INFO  - Initializing ProtocolHandler ["http-nio-8080"]
2026-08-10 15:41:11 [] [] INFO  - Starting service [Tomcat]
2026-08-10 15:41:11 [] [] INFO  - Starting Servlet engine: [Apache Tomcat/11.0.22]
2026-08-10 15:41:11 [] [] INFO  - Root WebApplicationContext: initialization completed in 496 ms
2026-08-10 15:41:11 [] [] INFO  - HHH008540: Processing PersistenceUnitInfo [name: default]
2026-08-10 15:41:11 [] [] INFO  - HHH000001: Hibernate ORM core version 7.4.1.Final
2026-08-10 15:41:11 [] [] INFO  - No LoadTimeWeaver setup: ignoring JPA class transformer
2026-08-10 15:41:11 [] [] INFO  - HikariPool-1 - Starting...
2026-08-10 15:41:11 [] [] INFO  - HikariPool-1 - Added connection ConnectionID:1 ClientConnectionId: 917c0fa3-f589-4bbe-bbeb-dba89a07f2a3
2026-08-10 15:41:11 [] [] INFO  - HikariPool-1 - Start completed.
2026-08-10 15:41:11 [] [] INFO  - HHH10001005: Database info:
	Database JDBC URL [jdbc:sqlserver://localhost:1433;connectRetryInterval=10;connectRetryCount=1;maxResultBuffer=-1;sendTemporalDataTypesAsStringForBulkCopy=true;delayLoadingLobs=true;useFmtOnly=false;cacheBulkCopyMetadata=false;useBulkCopyForBatchInsert=false;cancelQueryTimeout=-1;sslProtocol=TLS;calcBigDecimalPrecision=false;useDefaultJaasConfig=false;jaasConfigurationName=SQLJDBCDriver;statementPoolingCacheSize=0;serverPreparedStatementDiscardThreshold=10;enablePrepareOnFirstPreparedStatementCall=false;fips=false;socketTimeout=0;authentication=NotSpecified;authenticationScheme=nativeAuthentication;xopenStates=false;datetimeParameterType=datetime2;sendTimeAsDatetime=true;replication=false;trustStoreType=JKS;trustServerCertificate=true;TransparentNetworkIPResolution=true;iPAddressPreference=IPv4First;serverNameAsACE=false;sendStringParametersAsUnicode=true;selectMethod=direct;responseBuffering=adaptive;queryTimeout=-1;packetSize=8000;multiSubnetFailover=false;loginTimeout=30;lockTimeout=-1;lastUpdateCount=true;useFlexibleCallableStatements=true;useDefaultGSSCredential=false;prepareMethod=prepexec;encrypt=true;disableStatementPooling=true;databaseName=students_management;columnEncryptionSetting=Disabled;applicationName=Microsoft JDBC Driver for SQL Server;applicationIntent=readwrite;]
	Database driver: Microsoft JDBC Driver 12.8 for SQL Server
	Database dialect: SQLServerDialect
	Database version: 16.0
	Default catalog/schema: students_management/dbo
	Autocommit mode: undefined/unknown
	Isolation level: READ_COMMITTED [default READ_COMMITTED]
	JDBC fetch size: 128
	Pool: DataSourceConnectionProvider
	Minimum pool size: undefined/unknown
	Maximum pool size: undefined/unknown
2026-08-10 15:41:12 [] [] INFO  - HHH000489: No JTA platform available (set 'hibernate.transaction.jta.platform' to enable JTA platform integration)
2026-08-10 15:41:12 [] [] INFO  - Initialized JPA EntityManagerFactory for persistence unit 'default'
2026-08-10 15:41:12 [] [] INFO  - Hibernate is in classpath; If applicable, HQL parser will be used.
2026-08-10 15:41:12 [] [] INFO  - Global AuthenticationManager configured with UserDetailsService bean with name customUserDetailsService
2026-08-10 15:41:13 [] [] INFO  - Starting ProtocolHandler ["http-nio-8080"]
2026-08-10 15:41:13 [] [] INFO  - Tomcat started on port 8080 (http) with context path '/'
2026-08-10 15:41:13 [] [] INFO  - Started StudentManagementApplication in 2.545 seconds (process running for 2.8)
2026-08-10 15:41:14 [] [] INFO  - Initializing Spring DispatcherServlet 'dispatcherServlet'
2026-08-10 15:41:14 [] [] INFO  - Initializing Servlet 'dispatcherServlet'
2026-08-10 15:41:14 [] [] INFO  - Completed initialization in 1 ms
2026-08-10 15:41:14 [FDD97ED0] [POST /student/getStudentById] INFO  - Request: POST /student/getStudentById
2026-08-10 15:41:14 [FDD97ED0] [POST /student/getStudentById] INFO  - === JwtAuthFilter TRIGGERED for: /student/getStudentById
2026-08-10 15:41:14 [FDD97ED0] [POST /student/getStudentById] INFO  - === Extracted username: freshAdmin1
2026-08-10 15:41:14 [FDD97ED0] [POST /student/getStudentById] INFO  - === Loaded userDetails: freshAdmin1
2026-08-10 15:41:14 [FDD97ED0] [POST /student/getStudentById] INFO  - === Token valid? true
2026-08-10 15:41:14 [FDD97ED0] [POST /student/getStudentById] INFO  - === Authentication SET in context
2026-08-10 15:41:14 [FDD97ED0] [POST /student/getStudentById] INFO  - Response: POST /student/getStudentById status=400
2026-08-10 15:41:15 [2D25C1AB] [POST /student/getStudentById] INFO  - Request: POST /student/getStudentById
2026-08-10 15:41:15 [2D25C1AB] [POST /student/getStudentById] INFO  - === JwtAuthFilter TRIGGERED for: /student/getStudentById
2026-08-10 15:41:15 [2D25C1AB] [POST /student/getStudentById] INFO  - === Extracted username: freshAdmin1
2026-08-10 15:41:15 [2D25C1AB] [POST /student/getStudentById] INFO  - === Loaded userDetails: freshAdmin1
2026-08-10 15:41:15 [2D25C1AB] [POST /student/getStudentById] INFO  - === Token valid? true
2026-08-10 15:41:15 [2D25C1AB] [POST /student/getStudentById] INFO  - === Authentication SET in context
2026-08-10 15:41:15 [2D25C1AB] [POST /student/getStudentById] INFO  - Response: POST /student/getStudentById status=400
2026-08-10 15:41:15 [00D831D0] [POST /student/getStudentById] INFO  - Request: POST /student/getStudentById
2026-08-10 15:41:15 [00D831D0] [POST /student/getStudentById] INFO  - === JwtAuthFilter TRIGGERED for: /student/getStudentById
2026-08-10 15:41:15 [00D831D0] [POST /student/getStudentById] INFO  - === Extracted username: freshAdmin1
2026-08-10 15:41:15 [00D831D0] [POST /student/getStudentById] INFO  - === Loaded userDetails: freshAdmin1
2026-08-10 15:41:15 [00D831D0] [POST /student/getStudentById] INFO  - === Token valid? true
2026-08-10 15:41:15 [00D831D0] [POST /student/getStudentById] INFO  - === Authentication SET in context
2026-08-10 15:41:15 [00D831D0] [POST /student/getStudentById] INFO  - Response: POST /student/getStudentById status=400
2026-08-10 15:41:30 [F3771BDB] [POST /student/getStudentById] INFO  - Request: POST /student/getStudentById
2026-08-10 15:41:30 [F3771BDB] [POST /student/getStudentById] INFO  - === JwtAuthFilter TRIGGERED for: /student/getStudentById
2026-08-10 15:41:30 [F3771BDB] [POST /student/getStudentById] INFO  - === Extracted username: freshAdmin1
2026-08-10 15:41:30 [F3771BDB] [POST /student/getStudentById] INFO  - === Loaded userDetails: freshAdmin1
2026-08-10 15:41:30 [F3771BDB] [POST /student/getStudentById] INFO  - === Token valid? true
2026-08-10 15:41:30 [F3771BDB] [POST /student/getStudentById] INFO  - === Authentication SET in context
2026-08-10 15:41:30 [F3771BDB] [POST /student/getStudentById] INFO  - Response: POST /student/getStudentById status=400
2026-08-10 15:41:35 [C0E238EF] [POST /student/getStudentById] INFO  - Request: POST /student/getStudentById
2026-08-10 15:41:35 [C0E238EF] [POST /student/getStudentById] INFO  - === JwtAuthFilter TRIGGERED for: /student/getStudentById
2026-08-10 15:41:35 [C0E238EF] [POST /student/getStudentById] INFO  - === Extracted username: freshAdmin1
2026-08-10 15:41:35 [C0E238EF] [POST /student/getStudentById] INFO  - === Loaded userDetails: freshAdmin1
2026-08-10 15:41:35 [C0E238EF] [POST /student/getStudentById] INFO  - === Token valid? true
2026-08-10 15:41:35 [C0E238EF] [POST /student/getStudentById] INFO  - === Authentication SET in context
2026-08-10 15:41:35 [C0E238EF] [POST /student/getStudentById] INFO  - Response: POST /student/getStudentById status=200
2026-08-10 15:41:40 [B3EAA6A1] [POST /student/getStudentById] INFO  - Request: POST /student/getStudentById
2026-08-10 15:41:40 [B3EAA6A1] [POST /student/getStudentById] INFO  - === JwtAuthFilter TRIGGERED for: /student/getStudentById
2026-08-10 15:41:40 [B3EAA6A1] [POST /student/getStudentById] INFO  - === Extracted username: freshAdmin1
2026-08-10 15:41:40 [B3EAA6A1] [POST /student/getStudentById] INFO  - === Loaded userDetails: freshAdmin1
2026-08-10 15:41:40 [B3EAA6A1] [POST /student/getStudentById] INFO  - === Token valid? true
2026-08-10 15:41:40 [B3EAA6A1] [POST /student/getStudentById] INFO  - === Authentication SET in context
2026-08-10 15:41:40 [B3EAA6A1] [POST /student/getStudentById] INFO  - Response: POST /student/getStudentById status=400
2026-08-10 15:41:45 [6BCF70F3] [POST /student/getStudentById] INFO  - Request: POST /student/getStudentById
2026-08-10 15:41:45 [6BCF70F3] [POST /student/getStudentById] INFO  - === JwtAuthFilter TRIGGERED for: /student/getStudentById
2026-08-10 15:41:45 [6BCF70F3] [POST /student/getStudentById] INFO  - === Extracted username: freshAdmin1
2026-08-10 15:41:45 [6BCF70F3] [POST /student/getStudentById] INFO  - === Loaded userDetails: freshAdmin1
2026-08-10 15:41:45 [6BCF70F3] [POST /student/getStudentById] INFO  - === Token valid? true
2026-08-10 15:41:45 [6BCF70F3] [POST /student/getStudentById] INFO  - === Authentication SET in context
2026-08-10 15:41:45 [6BCF70F3] [POST /student/getStudentById] INFO  - Response: POST /student/getStudentById status=200
2026-08-10 15:41:52 [93ED05C5] [POST /student/getStudentById] INFO  - Request: POST /student/getStudentById
2026-08-10 15:41:52 [93ED05C5] [POST /student/getStudentById] INFO  - === JwtAuthFilter TRIGGERED for: /student/getStudentById
2026-08-10 15:41:52 [93ED05C5] [POST /student/getStudentById] INFO  - === Extracted username: freshAdmin1
2026-08-10 15:41:52 [93ED05C5] [POST /student/getStudentById] INFO  - === Loaded userDetails: freshAdmin1
2026-08-10 15:41:52 [93ED05C5] [POST /student/getStudentById] INFO  - === Token valid? true
2026-08-10 15:41:52 [93ED05C5] [POST /student/getStudentById] INFO  - === Authentication SET in context
2026-08-10 15:41:52 [93ED05C5] [POST /student/getStudentById] INFO  - Response: POST /student/getStudentById status=400
2026-08-10 15:54:55 [] [] INFO  - Commencing graceful shutdown. Waiting for active requests to complete
2026-08-10 15:54:55 [] [] INFO  - Graceful shutdown complete
2026-08-10 15:54:55 [] [] INFO  - Closing JPA EntityManagerFactory for persistence unit 'default'
2026-08-10 15:54:55 [] [] INFO  - HikariPool-1 - Shutdown initiated...
2026-08-10 15:54:55 [] [] INFO  - HikariPool-1 - Shutdown completed.
2026-08-10 15:54:56 [] [] INFO  - Starting StudentManagementApplication using Java 26.0.2 with PID 87092 (/Users/ewent/Documents/Programmer/Java (Spring boot)/StudentManagement/StudentManagement/target/classes started by ewent in /Users/ewent/Documents/Programmer/Java (Spring boot)/StudentManagement/StudentManagement)
2026-08-10 15:54:56 [] [] INFO  - No active profile set, falling back to 1 default profile: "default"
2026-08-10 15:54:56 [] [] INFO  - HV000001: Hibernate Validator 9.1.0.Final
2026-08-10 15:54:57 [] [] INFO  - Bootstrapping Spring Data JPA repositories in DEFAULT mode.
2026-08-10 15:54:57 [] [] INFO  - Finished Spring Data repository scanning in 16 ms. Found 2 JPA repository interfaces.
2026-08-10 15:54:57 [] [] INFO  - BeanFactory id=4f252354-8b7c-3be3-bcc3-028194ab10e2
2026-08-10 15:54:57 [] [] INFO  - Tomcat initialized with port 8080 (http)
2026-08-10 15:54:57 [] [] INFO  - Initializing ProtocolHandler ["http-nio-8080"]
2026-08-10 15:54:57 [] [] INFO  - Starting service [Tomcat]
2026-08-10 15:54:57 [] [] INFO  - Starting Servlet engine: [Apache Tomcat/11.0.22]
2026-08-10 15:54:57 [] [] INFO  - Root WebApplicationContext: initialization completed in 518 ms
2026-08-10 15:54:57 [] [] INFO  - HHH008540: Processing PersistenceUnitInfo [name: default]
2026-08-10 15:54:57 [] [] INFO  - HHH000001: Hibernate ORM core version 7.4.1.Final
2026-08-10 15:54:57 [] [] INFO  - No LoadTimeWeaver setup: ignoring JPA class transformer
2026-08-10 15:54:57 [] [] INFO  - HikariPool-1 - Starting...
2026-08-10 15:54:57 [] [] INFO  - HikariPool-1 - Added connection ConnectionID:1 ClientConnectionId: da1e6396-ceb4-483f-a970-23d2ab082c13
2026-08-10 15:54:57 [] [] INFO  - HikariPool-1 - Start completed.
2026-08-10 15:54:57 [] [] INFO  - HHH10001005: Database info:
	Database JDBC URL [jdbc:sqlserver://localhost:1433;connectRetryInterval=10;connectRetryCount=1;maxResultBuffer=-1;sendTemporalDataTypesAsStringForBulkCopy=true;delayLoadingLobs=true;useFmtOnly=false;cacheBulkCopyMetadata=false;useBulkCopyForBatchInsert=false;cancelQueryTimeout=-1;sslProtocol=TLS;calcBigDecimalPrecision=false;useDefaultJaasConfig=false;jaasConfigurationName=SQLJDBCDriver;statementPoolingCacheSize=0;serverPreparedStatementDiscardThreshold=10;enablePrepareOnFirstPreparedStatementCall=false;fips=false;socketTimeout=0;authentication=NotSpecified;authenticationScheme=nativeAuthentication;xopenStates=false;datetimeParameterType=datetime2;sendTimeAsDatetime=true;replication=false;trustStoreType=JKS;trustServerCertificate=true;TransparentNetworkIPResolution=true;iPAddressPreference=IPv4First;serverNameAsACE=false;sendStringParametersAsUnicode=true;selectMethod=direct;responseBuffering=adaptive;queryTimeout=-1;packetSize=8000;multiSubnetFailover=false;loginTimeout=30;lockTimeout=-1;lastUpdateCount=true;useFlexibleCallableStatements=true;useDefaultGSSCredential=false;prepareMethod=prepexec;encrypt=true;disableStatementPooling=true;databaseName=students_management;columnEncryptionSetting=Disabled;applicationName=Microsoft JDBC Driver for SQL Server;applicationIntent=readwrite;]
	Database driver: Microsoft JDBC Driver 12.8 for SQL Server
	Database dialect: SQLServerDialect
	Database version: 16.0
	Default catalog/schema: students_management/dbo
	Autocommit mode: undefined/unknown
	Isolation level: READ_COMMITTED [default READ_COMMITTED]
	JDBC fetch size: 128
	Pool: DataSourceConnectionProvider
	Minimum pool size: undefined/unknown
	Maximum pool size: undefined/unknown
2026-08-10 15:54:58 [] [] INFO  - HHH000489: No JTA platform available (set 'hibernate.transaction.jta.platform' to enable JTA platform integration)
2026-08-10 15:54:58 [] [] INFO  - Initialized JPA EntityManagerFactory for persistence unit 'default'
2026-08-10 15:54:58 [] [] INFO  - Hibernate is in classpath; If applicable, HQL parser will be used.
2026-08-10 15:54:58 [] [] INFO  - Global AuthenticationManager configured with UserDetailsService bean with name customUserDetailsService
2026-08-10 15:54:58 [] [] INFO  - Starting ProtocolHandler ["http-nio-8080"]
2026-08-10 15:54:58 [] [] INFO  - Tomcat started on port 8080 (http) with context path '/'
2026-08-10 15:54:58 [] [] INFO  - Started StudentManagementApplication in 2.163 seconds (process running for 2.388)
2026-08-10 15:55:03 [] [] INFO  - Initializing Spring DispatcherServlet 'dispatcherServlet'
2026-08-10 15:55:03 [] [] INFO  - Initializing Servlet 'dispatcherServlet'
2026-08-10 15:55:03 [] [] INFO  - Completed initialization in 1 ms
2026-08-10 15:55:03 [722F6705] [POST /student/getStudentById] INFO  - Request: POST /student/getStudentById
2026-08-10 15:55:03 [722F6705] [POST /student/getStudentById] INFO  - === JwtAuthFilter TRIGGERED for: /student/getStudentById
2026-08-10 15:55:03 [722F6705] [POST /student/getStudentById] INFO  - Response: POST /student/getStudentById status=200
2026-08-10 15:55:09 [EBEFF26D] [POST /student/getStudentById] INFO  - Request: POST /student/getStudentById
2026-08-10 15:55:09 [EBEFF26D] [POST /student/getStudentById] INFO  - === JwtAuthFilter TRIGGERED for: /student/getStudentById
2026-08-10 15:55:09 [EBEFF26D] [POST /student/getStudentById] INFO  - Response: POST /student/getStudentById status=200
2026-08-10 15:55:16 [1997FBB8] [POST /student/getStudentById] INFO  - Request: POST /student/getStudentById
2026-08-10 15:55:16 [1997FBB8] [POST /student/getStudentById] INFO  - === JwtAuthFilter TRIGGERED for: /student/getStudentById
2026-08-10 15:55:16 [1997FBB8] [POST /student/getStudentById] INFO  - Response: POST /student/getStudentById status=200
2026-08-10 15:55:40 [E0C946C6] [POST /student/getStudentById] INFO  - Request: POST /student/getStudentById
2026-08-10 15:55:40 [E0C946C6] [POST /student/getStudentById] INFO  - === JwtAuthFilter TRIGGERED for: /student/getStudentById
2026-08-10 15:55:40 [E0C946C6] [POST /student/getStudentById] INFO  - Response: POST /student/getStudentById status=200
2026-08-10 15:55:52 [B37249F9] [GET /student/getAllStudents] INFO  - Request: GET /student/getAllStudents
2026-08-10 15:55:52 [B37249F9] [GET /student/getAllStudents] INFO  - === JwtAuthFilter TRIGGERED for: /student/getAllStudents
2026-08-10 15:55:52 [B37249F9] [GET /student/getAllStudents] INFO  - Response: GET /student/getAllStudents status=200
2026-08-10 15:56:22 [] [] INFO  - Commencing graceful shutdown. Waiting for active requests to complete
2026-08-10 15:56:22 [] [] INFO  - Graceful shutdown complete
2026-08-10 15:56:22 [] [] INFO  - Closing JPA EntityManagerFactory for persistence unit 'default'
2026-08-10 15:56:22 [] [] INFO  - HikariPool-1 - Shutdown initiated...
2026-08-10 15:56:22 [] [] INFO  - HikariPool-1 - Shutdown completed.
2026-08-10 15:56:23 [] [] INFO  - Starting StudentManagementApplication using Java 26.0.2 with PID 87159 (/Users/ewent/Documents/Programmer/Java (Spring boot)/StudentManagement/StudentManagement/target/classes started by ewent in /Users/ewent/Documents/Programmer/Java (Spring boot)/StudentManagement/StudentManagement)
2026-08-10 15:56:23 [] [] INFO  - No active profile set, falling back to 1 default profile: "default"
2026-08-10 15:56:23 [] [] INFO  - HV000001: Hibernate Validator 9.1.0.Final
2026-08-10 15:56:24 [] [] INFO  - Bootstrapping Spring Data JPA repositories in DEFAULT mode.
2026-08-10 15:56:24 [] [] INFO  - Finished Spring Data repository scanning in 15 ms. Found 2 JPA repository interfaces.
2026-08-10 15:56:24 [] [] INFO  - BeanFactory id=4f252354-8b7c-3be3-bcc3-028194ab10e2
2026-08-10 15:56:24 [] [] INFO  - Tomcat initialized with port 8080 (http)
2026-08-10 15:56:24 [] [] INFO  - Initializing ProtocolHandler ["http-nio-8080"]
2026-08-10 15:56:24 [] [] INFO  - Starting service [Tomcat]
2026-08-10 15:56:24 [] [] INFO  - Starting Servlet engine: [Apache Tomcat/11.0.22]
2026-08-10 15:56:24 [] [] INFO  - Root WebApplicationContext: initialization completed in 521 ms
2026-08-10 15:56:24 [] [] INFO  - HHH008540: Processing PersistenceUnitInfo [name: default]
2026-08-10 15:56:24 [] [] INFO  - HHH000001: Hibernate ORM core version 7.4.1.Final
2026-08-10 15:56:24 [] [] INFO  - No LoadTimeWeaver setup: ignoring JPA class transformer
2026-08-10 15:56:24 [] [] INFO  - HikariPool-1 - Starting...
2026-08-10 15:56:24 [] [] INFO  - HikariPool-1 - Added connection ConnectionID:1 ClientConnectionId: 9ae7cc9c-5f3a-42c1-bd5c-18fe31fff25c
2026-08-10 15:56:24 [] [] INFO  - HikariPool-1 - Start completed.
2026-08-10 15:56:24 [] [] INFO  - HHH10001005: Database info:
	Database JDBC URL [jdbc:sqlserver://localhost:1433;connectRetryInterval=10;connectRetryCount=1;maxResultBuffer=-1;sendTemporalDataTypesAsStringForBulkCopy=true;delayLoadingLobs=true;useFmtOnly=false;cacheBulkCopyMetadata=false;useBulkCopyForBatchInsert=false;cancelQueryTimeout=-1;sslProtocol=TLS;calcBigDecimalPrecision=false;useDefaultJaasConfig=false;jaasConfigurationName=SQLJDBCDriver;statementPoolingCacheSize=0;serverPreparedStatementDiscardThreshold=10;enablePrepareOnFirstPreparedStatementCall=false;fips=false;socketTimeout=0;authentication=NotSpecified;authenticationScheme=nativeAuthentication;xopenStates=false;datetimeParameterType=datetime2;sendTimeAsDatetime=true;replication=false;trustStoreType=JKS;trustServerCertificate=true;TransparentNetworkIPResolution=true;iPAddressPreference=IPv4First;serverNameAsACE=false;sendStringParametersAsUnicode=true;selectMethod=direct;responseBuffering=adaptive;queryTimeout=-1;packetSize=8000;multiSubnetFailover=false;loginTimeout=30;lockTimeout=-1;lastUpdateCount=true;useFlexibleCallableStatements=true;useDefaultGSSCredential=false;prepareMethod=prepexec;encrypt=true;disableStatementPooling=true;databaseName=students_management;columnEncryptionSetting=Disabled;applicationName=Microsoft JDBC Driver for SQL Server;applicationIntent=readwrite;]
	Database driver: Microsoft JDBC Driver 12.8 for SQL Server
	Database dialect: SQLServerDialect
	Database version: 16.0
	Default catalog/schema: students_management/dbo
	Autocommit mode: undefined/unknown
	Isolation level: READ_COMMITTED [default READ_COMMITTED]
	JDBC fetch size: 128
	Pool: DataSourceConnectionProvider
	Minimum pool size: undefined/unknown
	Maximum pool size: undefined/unknown
2026-08-10 15:56:25 [] [] INFO  - HHH000489: No JTA platform available (set 'hibernate.transaction.jta.platform' to enable JTA platform integration)
2026-08-10 15:56:25 [] [] INFO  - Initialized JPA EntityManagerFactory for persistence unit 'default'
2026-08-10 15:56:25 [] [] INFO  - Hibernate is in classpath; If applicable, HQL parser will be used.
2026-08-10 15:56:25 [] [] INFO  - Global AuthenticationManager configured with UserDetailsService bean with name customUserDetailsService
2026-08-10 15:56:25 [] [] INFO  - Starting ProtocolHandler ["http-nio-8080"]
2026-08-10 15:56:25 [] [] INFO  - Tomcat started on port 8080 (http) with context path '/'
2026-08-10 15:56:25 [] [] INFO  - Started StudentManagementApplication in 2.203 seconds (process running for 2.438)
2026-08-10 15:56:27 [] [] INFO  - Initializing Spring DispatcherServlet 'dispatcherServlet'
2026-08-10 15:56:27 [] [] INFO  - Initializing Servlet 'dispatcherServlet'
2026-08-10 15:56:27 [] [] INFO  - Completed initialization in 1 ms
2026-08-10 15:56:27 [6744C3FB] [GET /student/getAllStudents] INFO  - Request: GET /student/getAllStudents
2026-08-10 15:56:27 [6744C3FB] [GET /student/getAllStudents] INFO  - === JwtAuthFilter TRIGGERED for: /student/getAllStudents
2026-08-10 15:56:28 [6744C3FB] [GET /student/getAllStudents] INFO  - Response: GET /student/getAllStudents status=200
2026-08-10 15:56:28 [EB0AB208] [GET /student/getAllStudents] INFO  - Request: GET /student/getAllStudents
2026-08-10 15:56:28 [EB0AB208] [GET /student/getAllStudents] INFO  - === JwtAuthFilter TRIGGERED for: /student/getAllStudents
2026-08-10 15:56:28 [EB0AB208] [GET /student/getAllStudents] INFO  - Response: GET /student/getAllStudents status=200
2026-08-10 15:56:41 [24AE2877] [POST /student/getStudentById] INFO  - Request: POST /student/getStudentById
2026-08-10 15:56:41 [24AE2877] [POST /student/getStudentById] INFO  - === JwtAuthFilter TRIGGERED for: /student/getStudentById
2026-08-10 15:56:41 [24AE2877] [POST /student/getStudentById] INFO  - Response: POST /student/getStudentById status=200
2026-08-10 15:57:07 [29563997] [GET /student/getAllStudents] INFO  - Request: GET /student/getAllStudents
2026-08-10 15:57:07 [29563997] [GET /student/getAllStudents] INFO  - === JwtAuthFilter TRIGGERED for: /student/getAllStudents
2026-08-10 15:57:07 [29563997] [GET /student/getAllStudents] INFO  - Response: GET /student/getAllStudents status=200
2026-08-10 15:57:08 [5FCDD778] [GET /student/getAllStudents] INFO  - Request: GET /student/getAllStudents
2026-08-10 15:57:08 [5FCDD778] [GET /student/getAllStudents] INFO  - === JwtAuthFilter TRIGGERED for: /student/getAllStudents
2026-08-10 15:57:08 [5FCDD778] [GET /student/getAllStudents] INFO  - Response: GET /student/getAllStudents status=200
2026-08-10 15:58:56 [] [] INFO  - Commencing graceful shutdown. Waiting for active requests to complete
2026-08-10 15:58:56 [] [] INFO  - Graceful shutdown complete
2026-08-10 15:58:56 [] [] INFO  - Closing JPA EntityManagerFactory for persistence unit 'default'
2026-08-10 15:58:56 [] [] INFO  - HikariPool-1 - Shutdown initiated...
2026-08-10 15:58:56 [] [] INFO  - HikariPool-1 - Shutdown completed.
2026-08-10 15:58:58 [] [] INFO  - Starting StudentManagementApplication using Java 26.0.2 with PID 87368 (/Users/ewent/Documents/Programmer/Java (Spring boot)/StudentManagement/StudentManagement/target/classes started by ewent in /Users/ewent/Documents/Programmer/Java (Spring boot)/StudentManagement/StudentManagement)
2026-08-10 15:58:58 [] [] INFO  - No active profile set, falling back to 1 default profile: "default"
2026-08-10 15:58:58 [] [] INFO  - HV000001: Hibernate Validator 9.1.0.Final
2026-08-10 15:58:58 [] [] INFO  - Bootstrapping Spring Data JPA repositories in DEFAULT mode.
2026-08-10 15:58:59 [] [] INFO  - Finished Spring Data repository scanning in 16 ms. Found 2 JPA repository interfaces.
2026-08-10 15:58:59 [] [] INFO  - BeanFactory id=4f252354-8b7c-3be3-bcc3-028194ab10e2
2026-08-10 15:58:59 [] [] INFO  - Tomcat initialized with port 8080 (http)
2026-08-10 15:58:59 [] [] INFO  - Initializing ProtocolHandler ["http-nio-8080"]
2026-08-10 15:58:59 [] [] INFO  - Starting service [Tomcat]
2026-08-10 15:58:59 [] [] INFO  - Starting Servlet engine: [Apache Tomcat/11.0.22]
2026-08-10 15:58:59 [] [] INFO  - Root WebApplicationContext: initialization completed in 562 ms
2026-08-10 15:58:59 [] [] INFO  - HHH008540: Processing PersistenceUnitInfo [name: default]
2026-08-10 15:58:59 [] [] INFO  - HHH000001: Hibernate ORM core version 7.4.1.Final
2026-08-10 15:58:59 [] [] INFO  - No LoadTimeWeaver setup: ignoring JPA class transformer
2026-08-10 15:58:59 [] [] INFO  - HikariPool-1 - Starting...
2026-08-10 15:58:59 [] [] INFO  - HikariPool-1 - Added connection ConnectionID:1 ClientConnectionId: fd05de81-b0fd-4724-add0-e231fd66e3e9
2026-08-10 15:58:59 [] [] INFO  - HikariPool-1 - Start completed.
2026-08-10 15:58:59 [] [] INFO  - HHH10001005: Database info:
	Database JDBC URL [jdbc:sqlserver://localhost:1433;connectRetryInterval=10;connectRetryCount=1;maxResultBuffer=-1;sendTemporalDataTypesAsStringForBulkCopy=true;delayLoadingLobs=true;useFmtOnly=false;cacheBulkCopyMetadata=false;useBulkCopyForBatchInsert=false;cancelQueryTimeout=-1;sslProtocol=TLS;calcBigDecimalPrecision=false;useDefaultJaasConfig=false;jaasConfigurationName=SQLJDBCDriver;statementPoolingCacheSize=0;serverPreparedStatementDiscardThreshold=10;enablePrepareOnFirstPreparedStatementCall=false;fips=false;socketTimeout=0;authentication=NotSpecified;authenticationScheme=nativeAuthentication;xopenStates=false;datetimeParameterType=datetime2;sendTimeAsDatetime=true;replication=false;trustStoreType=JKS;trustServerCertificate=true;TransparentNetworkIPResolution=true;iPAddressPreference=IPv4First;serverNameAsACE=false;sendStringParametersAsUnicode=true;selectMethod=direct;responseBuffering=adaptive;queryTimeout=-1;packetSize=8000;multiSubnetFailover=false;loginTimeout=30;lockTimeout=-1;lastUpdateCount=true;useFlexibleCallableStatements=true;useDefaultGSSCredential=false;prepareMethod=prepexec;encrypt=true;disableStatementPooling=true;databaseName=students_management;columnEncryptionSetting=Disabled;applicationName=Microsoft JDBC Driver for SQL Server;applicationIntent=readwrite;]
	Database driver: Microsoft JDBC Driver 12.8 for SQL Server
	Database dialect: SQLServerDialect
	Database version: 16.0
	Default catalog/schema: students_management/dbo
	Autocommit mode: undefined/unknown
	Isolation level: READ_COMMITTED [default READ_COMMITTED]
	JDBC fetch size: 128
	Pool: DataSourceConnectionProvider
	Minimum pool size: undefined/unknown
	Maximum pool size: undefined/unknown
2026-08-10 15:59:00 [] [] INFO  - HHH000489: No JTA platform available (set 'hibernate.transaction.jta.platform' to enable JTA platform integration)
2026-08-10 15:59:00 [] [] INFO  - Initialized JPA EntityManagerFactory for persistence unit 'default'
2026-08-10 15:59:00 [] [] INFO  - Hibernate is in classpath; If applicable, HQL parser will be used.
2026-08-10 15:59:00 [] [] INFO  - Global AuthenticationManager configured with UserDetailsService bean with name customUserDetailsService
2026-08-10 15:59:00 [] [] INFO  - Starting ProtocolHandler ["http-nio-8080"]
2026-08-10 15:59:00 [] [] INFO  - Tomcat started on port 8080 (http) with context path '/'
2026-08-10 15:59:00 [] [] INFO  - Started StudentManagementApplication in 2.36 seconds (process running for 2.612)
2026-08-10 15:59:01 [] [] INFO  - Initializing Spring DispatcherServlet 'dispatcherServlet'
2026-08-10 15:59:01 [] [] INFO  - Initializing Servlet 'dispatcherServlet'
2026-08-10 15:59:01 [] [] INFO  - Completed initialization in 1 ms
2026-08-10 15:59:01 [1CCDA410] [GET /student/getAllStudents] INFO  - Request: GET /student/getAllStudents
2026-08-10 15:59:01 [1CCDA410] [GET /student/getAllStudents] INFO  - === JwtAuthFilter TRIGGERED for: /student/getAllStudents
2026-08-10 15:59:01 [1CCDA410] [GET /student/getAllStudents] INFO  - Response: GET /student/getAllStudents status=200
2026-08-10 15:59:02 [B6F13980] [GET /student/getAllStudents] INFO  - Request: GET /student/getAllStudents
2026-08-10 15:59:02 [B6F13980] [GET /student/getAllStudents] INFO  - === JwtAuthFilter TRIGGERED for: /student/getAllStudents
2026-08-10 15:59:02 [B6F13980] [GET /student/getAllStudents] INFO  - Response: GET /student/getAllStudents status=200
2026-08-10 15:59:06 [27A3B84E] [POST /student/getStudentById] INFO  - Request: POST /student/getStudentById
2026-08-10 15:59:06 [27A3B84E] [POST /student/getStudentById] INFO  - === JwtAuthFilter TRIGGERED for: /student/getStudentById
2026-08-10 15:59:06 [27A3B84E] [POST /student/getStudentById] INFO  - Response: POST /student/getStudentById status=200
2026-08-10 15:59:15 [971488C7] [POST /auth/login] INFO  - Request: POST /auth/login
2026-08-10 15:59:15 [971488C7] [POST /auth/login] INFO  - === JwtAuthFilter TRIGGERED for: /auth/login
2026-08-10 15:59:15 [971488C7] [POST /auth/login] INFO  - === No valid Bearer header, skipping auth
2026-08-10 15:59:16 [971488C7] [POST /auth/login] INFO  - Response: POST /auth/login status=200
2026-08-10 15:59:26 [3145E9CB] [GET /student/getAllStudents] INFO  - Request: GET /student/getAllStudents
2026-08-10 15:59:26 [3145E9CB] [GET /student/getAllStudents] INFO  - === JwtAuthFilter TRIGGERED for: /student/getAllStudents
2026-08-10 15:59:26 [3145E9CB] [GET /student/getAllStudents] INFO  - === Extracted username: freshAdmin1
2026-08-10 15:59:26 [3145E9CB] [GET /student/getAllStudents] INFO  - === Loaded userDetails: freshAdmin1
2026-08-10 15:59:26 [3145E9CB] [GET /student/getAllStudents] INFO  - === Token valid? true
2026-08-10 15:59:26 [3145E9CB] [GET /student/getAllStudents] INFO  - === Authentication SET in context
2026-08-10 15:59:26 [3145E9CB] [GET /student/getAllStudents] INFO  - Response: GET /student/getAllStudents status=200
2026-08-10 15:59:40 [75ED0800] [POST /student/getStudentById] INFO  - Request: POST /student/getStudentById
2026-08-10 15:59:40 [75ED0800] [POST /student/getStudentById] INFO  - === JwtAuthFilter TRIGGERED for: /student/getStudentById
2026-08-10 15:59:40 [75ED0800] [POST /student/getStudentById] INFO  - === Extracted username: freshAdmin1
2026-08-10 15:59:40 [75ED0800] [POST /student/getStudentById] INFO  - === Loaded userDetails: freshAdmin1
2026-08-10 15:59:40 [75ED0800] [POST /student/getStudentById] INFO  - === Token valid? true
2026-08-10 15:59:40 [75ED0800] [POST /student/getStudentById] INFO  - === Authentication SET in context
2026-08-10 15:59:40 [75ED0800] [POST /student/getStudentById] INFO  - Response: POST /student/getStudentById status=200
2026-08-10 15:59:45 [63053458] [POST /student/getStudentById] INFO  - Request: POST /student/getStudentById
2026-08-10 15:59:45 [63053458] [POST /student/getStudentById] INFO  - === JwtAuthFilter TRIGGERED for: /student/getStudentById
2026-08-10 15:59:45 [63053458] [POST /student/getStudentById] INFO  - === Extracted username: freshAdmin1
2026-08-10 15:59:45 [63053458] [POST /student/getStudentById] INFO  - === Loaded userDetails: freshAdmin1
2026-08-10 15:59:45 [63053458] [POST /student/getStudentById] INFO  - === Token valid? true
2026-08-10 15:59:45 [63053458] [POST /student/getStudentById] INFO  - === Authentication SET in context
2026-08-10 15:59:45 [63053458] [POST /student/getStudentById] INFO  - Response: POST /student/getStudentById status=400
2026-08-10 15:59:51 [9D32F35A] [POST /student/getStudentById] INFO  - Request: POST /student/getStudentById
2026-08-10 15:59:51 [9D32F35A] [POST /student/getStudentById] INFO  - === JwtAuthFilter TRIGGERED for: /student/getStudentById
2026-08-10 15:59:51 [9D32F35A] [POST /student/getStudentById] INFO  - === Extracted username: freshAdmin1
2026-08-10 15:59:51 [9D32F35A] [POST /student/getStudentById] INFO  - === Loaded userDetails: freshAdmin1
2026-08-10 15:59:51 [9D32F35A] [POST /student/getStudentById] INFO  - === Token valid? true
2026-08-10 15:59:51 [9D32F35A] [POST /student/getStudentById] INFO  - === Authentication SET in context
2026-08-10 15:59:51 [9D32F35A] [POST /student/getStudentById] INFO  - Response: POST /student/getStudentById status=400
