2026-08-10 19:47:12 [] [] INFO  - Starting StudentManagementApplication using Java 26.0.2 with PID 89567 (/Users/ewent/Documents/Programmer/Java (Spring boot)/StudentManagement/StudentManagement/target/classes started by ewent in /Users/ewent/Documents/Programmer/Java (Spring boot)/StudentManagement/StudentManagement)
2026-08-10 19:47:12 [] [] INFO  - No active profile set, falling back to 1 default profile: "default"
2026-08-10 19:47:12 [] [] INFO  - HV000001: Hibernate Validator 9.1.0.Final
2026-08-10 19:47:12 [] [] INFO  - Bootstrapping Spring Data JPA repositories in DEFAULT mode.
2026-08-10 19:47:12 [] [] INFO  - Finished Spring Data repository scanning in 19 ms. Found 2 JPA repository interfaces.
2026-08-10 19:47:12 [] [] INFO  - BeanFactory id=4f252354-8b7c-3be3-bcc3-028194ab10e2
2026-08-10 19:47:12 [] [] INFO  - Tomcat initialized with port 8080 (http)
2026-08-10 19:47:12 [] [] INFO  - Initializing ProtocolHandler ["http-nio-8080"]
2026-08-10 19:47:12 [] [] INFO  - Starting service [Tomcat]
2026-08-10 19:47:12 [] [] INFO  - Starting Servlet engine: [Apache Tomcat/11.0.22]
2026-08-10 19:47:12 [] [] INFO  - Root WebApplicationContext: initialization completed in 642 ms
2026-08-10 19:47:13 [] [] INFO  - HHH008540: Processing PersistenceUnitInfo [name: default]
2026-08-10 19:47:13 [] [] INFO  - HHH000001: Hibernate ORM core version 7.4.1.Final
2026-08-10 19:47:13 [] [] INFO  - No LoadTimeWeaver setup: ignoring JPA class transformer
2026-08-10 19:47:13 [] [] INFO  - HikariPool-1 - Starting...
2026-08-10 19:47:14 [] [] INFO  - HikariPool-1 - Added connection ConnectionID:1 ClientConnectionId: 03dacb9e-dd01-4c13-b6d2-88863ccb35aa
2026-08-10 19:47:14 [] [] INFO  - HikariPool-1 - Start completed.
2026-08-10 19:47:14 [] [] INFO  - HHH10001005: Database info:
	Database JDBC URL [jdbc:sqlserver://localhost:1433;connectRetryInterval=10;connectRetryCount=1;maxResultBuffer=-1;sendTemporalDataTypesAsStringForBulkCopy=true;delayLoadingLobs=true;useFmtOnly=false;cacheBulkCopyMetadata=false;useBulkCopyForBatchInsert=false;cancelQueryTimeout=-1;sslProtocol=TLS;calcBigDecimalPrecision=false;useDefaultJaasConfig=false;jaasConfigurationName=SQLJDBCDriver;statementPoolingCacheSize=0;serverPreparedStatementDiscardThreshold=10;enablePrepareOnFirstPreparedStatementCall=false;fips=false;socketTimeout=0;authentication=NotSpecified;authenticationScheme=nativeAuthentication;xopenStates=false;datetimeParameterType=datetime2;sendTimeAsDatetime=true;replication=false;trustStoreType=JKS;trustServerCertificate=true;TransparentNetworkIPResolution=true;iPAddressPreference=IPv4First;serverNameAsACE=false;sendStringParametersAsUnicode=true;selectMethod=direct;responseBuffering=adaptive;queryTimeout=-1;packetSize=8000;multiSubnetFailover=false;loginTimeout=30;lockTimeout=-1;lastUpdateCount=true;useFlexibleCallableStatements=true;useDefaultGSSCredential=false;prepareMethod=prepexec;encrypt=true;disableStatementPooling=true;databaseName=students_management;columnEncryptionSetting=Disabled;applicationName=Microsoft JDBC Driver for SQL Server;applicationIntent=readwrite;]
	Database driver: Microsoft JDBC Driver 12.8 for SQL Server
	Database dialect: SQLServerDialect
	Database version: 16.0
	Default catalog/schema: students_management/dbo
	Autocommit mode: undefined/unknown
	Isolation level: READ_COMMITTED [default READ_COMMITTED]
	JDBC fetch size: 128
	Pool: DataSourceConnectionProvider
	Minimum pool size: undefined/unknown
	Maximum pool size: undefined/unknown
2026-08-10 19:47:14 [] [] INFO  - HHH000489: No JTA platform available (set 'hibernate.transaction.jta.platform' to enable JTA platform integration)
2026-08-10 19:47:14 [] [] INFO  - Initialized JPA EntityManagerFactory for persistence unit 'default'
2026-08-10 19:47:14 [] [] INFO  - Hibernate is in classpath; If applicable, HQL parser will be used.
2026-08-10 19:47:15 [] [] INFO  - Global AuthenticationManager configured with UserDetailsService bean with name customUserDetailsService
2026-08-10 19:47:15 [] [] INFO  - Starting ProtocolHandler ["http-nio-8080"]
2026-08-10 19:47:15 [] [] INFO  - Tomcat started on port 8080 (http) with context path '/'
2026-08-10 19:47:15 [] [] INFO  - Started StudentManagementApplication in 3.505 seconds (process running for 4.073)
2026-08-10 19:47:23 [] [] INFO  - Initializing Spring DispatcherServlet 'dispatcherServlet'
2026-08-10 19:47:23 [] [] INFO  - Initializing Servlet 'dispatcherServlet'
2026-08-10 19:47:23 [] [] INFO  - Completed initialization in 1 ms
2026-08-10 19:47:23 [F0BB828F] [POST /auth/register] INFO  - Request: POST /auth/register
2026-08-10 19:47:23 [F0BB828F] [POST /auth/register] INFO  - === JwtAuthFilter TRIGGERED for: /auth/register
2026-08-10 19:47:23 [F0BB828F] [POST /auth/register] INFO  - === No valid Bearer header, skipping auth
2026-08-10 19:51:43 [F0BB828F] [POST /auth/register] INFO  - Register successful for username: freshAdmin2
2026-08-10 19:51:43 [F0BB828F] [POST /auth/register] INFO  - Response: POST /auth/register status=200
2026-08-10 19:51:49 [3A9CE0BE] [POST /auth/register] INFO  - Request: POST /auth/register
2026-08-10 19:51:49 [3A9CE0BE] [POST /auth/register] INFO  - === JwtAuthFilter TRIGGERED for: /auth/register
2026-08-10 19:51:49 [3A9CE0BE] [POST /auth/register] INFO  - === No valid Bearer header, skipping auth
2026-08-10 19:54:50 [3A9CE0BE] [POST /auth/register] INFO  - Register successful for username: freshAdmin3
2026-08-10 19:54:50 [3A9CE0BE] [POST /auth/register] INFO  - Response: POST /auth/register status=200
2026-08-10 19:54:50 [] [] INFO  - Commencing graceful shutdown. Waiting for active requests to complete
2026-08-10 19:54:50 [] [] INFO  - Graceful shutdown complete
2026-08-10 19:54:50 [] [] INFO  - Closing JPA EntityManagerFactory for persistence unit 'default'
2026-08-10 19:54:50 [] [] INFO  - HikariPool-1 - Shutdown initiated...
2026-08-10 19:54:50 [] [] INFO  - HikariPool-1 - Shutdown completed.
2026-08-10 19:58:40 [] [] INFO  - Starting StudentManagementApplication using Java 26.0.2 with PID 89976 (/Users/ewent/Documents/Programmer/Java (Spring boot)/StudentManagement/StudentManagement/target/classes started by ewent in /Users/ewent/Documents/Programmer/Java (Spring boot)/StudentManagement/StudentManagement)
2026-08-10 19:58:40 [] [] INFO  - No active profile set, falling back to 1 default profile: "default"
2026-08-10 19:58:41 [] [] INFO  - HV000001: Hibernate Validator 9.1.0.Final
2026-08-10 19:58:41 [] [] INFO  - Bootstrapping Spring Data JPA repositories in DEFAULT mode.
2026-08-10 19:58:41 [] [] INFO  - Finished Spring Data repository scanning in 23 ms. Found 2 JPA repository interfaces.
2026-08-10 19:58:41 [] [] INFO  - BeanFactory id=4f252354-8b7c-3be3-bcc3-028194ab10e2
2026-08-10 19:58:41 [] [] INFO  - Tomcat initialized with port 8080 (http)
2026-08-10 19:58:41 [] [] INFO  - Initializing ProtocolHandler ["http-nio-8080"]
2026-08-10 19:58:41 [] [] INFO  - Starting service [Tomcat]
2026-08-10 19:58:41 [] [] INFO  - Starting Servlet engine: [Apache Tomcat/11.0.22]
2026-08-10 19:58:41 [] [] INFO  - Root WebApplicationContext: initialization completed in 670 ms
2026-08-10 19:58:41 [] [] INFO  - HHH008540: Processing PersistenceUnitInfo [name: default]
2026-08-10 19:58:41 [] [] INFO  - HHH000001: Hibernate ORM core version 7.4.1.Final
2026-08-10 19:58:41 [] [] INFO  - No LoadTimeWeaver setup: ignoring JPA class transformer
2026-08-10 19:58:42 [] [] INFO  - HikariPool-1 - Starting...
2026-08-10 19:58:42 [] [] INFO  - HikariPool-1 - Added connection ConnectionID:1 ClientConnectionId: f7afd37a-1825-4a37-9f0a-32eb6026bc88
2026-08-10 19:58:42 [] [] INFO  - HikariPool-1 - Start completed.
2026-08-10 19:58:42 [] [] INFO  - HHH10001005: Database info:
	Database JDBC URL [jdbc:sqlserver://localhost:1433;connectRetryInterval=10;connectRetryCount=1;maxResultBuffer=-1;sendTemporalDataTypesAsStringForBulkCopy=true;delayLoadingLobs=true;useFmtOnly=false;cacheBulkCopyMetadata=false;useBulkCopyForBatchInsert=false;cancelQueryTimeout=-1;sslProtocol=TLS;calcBigDecimalPrecision=false;useDefaultJaasConfig=false;jaasConfigurationName=SQLJDBCDriver;statementPoolingCacheSize=0;serverPreparedStatementDiscardThreshold=10;enablePrepareOnFirstPreparedStatementCall=false;fips=false;socketTimeout=0;authentication=NotSpecified;authenticationScheme=nativeAuthentication;xopenStates=false;datetimeParameterType=datetime2;sendTimeAsDatetime=true;replication=false;trustStoreType=JKS;trustServerCertificate=true;TransparentNetworkIPResolution=true;iPAddressPreference=IPv4First;serverNameAsACE=false;sendStringParametersAsUnicode=true;selectMethod=direct;responseBuffering=adaptive;queryTimeout=-1;packetSize=8000;multiSubnetFailover=false;loginTimeout=30;lockTimeout=-1;lastUpdateCount=true;useFlexibleCallableStatements=true;useDefaultGSSCredential=false;prepareMethod=prepexec;encrypt=true;disableStatementPooling=true;databaseName=students_management;columnEncryptionSetting=Disabled;applicationName=Microsoft JDBC Driver for SQL Server;applicationIntent=readwrite;]
	Database driver: Microsoft JDBC Driver 12.8 for SQL Server
	Database dialect: SQLServerDialect
	Database version: 16.0
	Default catalog/schema: students_management/dbo
	Autocommit mode: undefined/unknown
	Isolation level: READ_COMMITTED [default READ_COMMITTED]
	JDBC fetch size: 128
	Pool: DataSourceConnectionProvider
	Minimum pool size: undefined/unknown
	Maximum pool size: undefined/unknown
2026-08-10 19:58:42 [] [] INFO  - HHH000489: No JTA platform available (set 'hibernate.transaction.jta.platform' to enable JTA platform integration)
2026-08-10 19:58:42 [] [] INFO  - Initialized JPA EntityManagerFactory for persistence unit 'default'
2026-08-10 19:58:42 [] [] INFO  - Hibernate is in classpath; If applicable, HQL parser will be used.
2026-08-10 19:58:42 [] [] INFO  - Global AuthenticationManager configured with UserDetailsService bean with name customUserDetailsService
2026-08-10 19:58:43 [] [] INFO  - Starting ProtocolHandler ["http-nio-8080"]
2026-08-10 19:58:43 [] [] INFO  - Tomcat started on port 8080 (http) with context path '/'
2026-08-10 19:58:43 [] [] INFO  - Started StudentManagementApplication in 2.671 seconds (process running for 3.026)
2026-08-10 19:59:03 [] [] INFO  - Initializing Spring DispatcherServlet 'dispatcherServlet'
2026-08-10 19:59:03 [] [] INFO  - Initializing Servlet 'dispatcherServlet'
2026-08-10 19:59:03 [] [] INFO  - Completed initialization in 4 ms
2026-08-10 19:59:03 [8A788A0F] [POST /auth/register] INFO  - Request: POST /auth/register
2026-08-10 19:59:03 [8A788A0F] [POST /auth/register] INFO  - === JwtAuthFilter TRIGGERED for: /auth/register
2026-08-10 19:59:03 [8A788A0F] [POST /auth/register] INFO  - === No valid Bearer header, skipping auth
2026-08-10 19:59:11 [8A788A0F] [POST /auth/register] INFO  - Response: POST /auth/register status=200
2026-08-10 19:59:17 [2CEC1B55] [POST /auth/register] INFO  - Request: POST /auth/register
2026-08-10 19:59:17 [2CEC1B55] [POST /auth/register] INFO  - === JwtAuthFilter TRIGGERED for: /auth/register
2026-08-10 19:59:17 [2CEC1B55] [POST /auth/register] INFO  - === No valid Bearer header, skipping auth
