2026-08-10 16:01:16 [5BB5148B] [POST /student/getStudentById] INFO  - Request: POST /student/getStudentById
2026-08-10 16:01:16 [5BB5148B] [POST /student/getStudentById] INFO  - === JwtAuthFilter TRIGGERED for: /student/getStudentById
2026-08-10 16:01:16 [5BB5148B] [POST /student/getStudentById] INFO  - === Extracted username: freshAdmin1
2026-08-10 16:01:16 [5BB5148B] [POST /student/getStudentById] INFO  - === Loaded userDetails: freshAdmin1
2026-08-10 16:01:16 [5BB5148B] [POST /student/getStudentById] INFO  - === Token valid? true
2026-08-10 16:01:16 [5BB5148B] [POST /student/getStudentById] INFO  - === Authentication SET in context
2026-08-10 16:01:16 [5BB5148B] [POST /student/getStudentById] INFO  - Response: POST /student/getStudentById status=400
2026-08-10 16:01:21 [90807748] [POST /student/getStudentById] INFO  - Request: POST /student/getStudentById
2026-08-10 16:01:21 [90807748] [POST /student/getStudentById] INFO  - === JwtAuthFilter TRIGGERED for: /student/getStudentById
2026-08-10 16:01:21 [90807748] [POST /student/getStudentById] INFO  - === Extracted username: freshAdmin1
2026-08-10 16:01:21 [90807748] [POST /student/getStudentById] INFO  - === Loaded userDetails: freshAdmin1
2026-08-10 16:01:21 [90807748] [POST /student/getStudentById] INFO  - === Token valid? true
2026-08-10 16:01:21 [90807748] [POST /student/getStudentById] INFO  - === Authentication SET in context
2026-08-10 16:01:21 [90807748] [POST /student/getStudentById] INFO  - Response: POST /student/getStudentById status=400
2026-08-10 16:02:11 [] [] INFO  - Commencing graceful shutdown. Waiting for active requests to complete
2026-08-10 16:02:11 [] [] INFO  - Graceful shutdown complete
2026-08-10 16:02:11 [] [] INFO  - Closing JPA EntityManagerFactory for persistence unit 'default'
2026-08-10 16:02:11 [] [] INFO  - HikariPool-1 - Shutdown initiated...
2026-08-10 16:02:11 [] [] INFO  - HikariPool-1 - Shutdown completed.
2026-08-10 16:02:13 [] [] INFO  - Starting StudentManagementApplication using Java 26.0.2 with PID 87487 (/Users/ewent/Documents/Programmer/Java (Spring boot)/StudentManagement/StudentManagement/target/classes started by ewent in /Users/ewent/Documents/Programmer/Java (Spring boot)/StudentManagement/StudentManagement)
2026-08-10 16:02:13 [] [] INFO  - No active profile set, falling back to 1 default profile: "default"
2026-08-10 16:02:14 [] [] INFO  - HV000001: Hibernate Validator 9.1.0.Final
2026-08-10 16:02:14 [] [] INFO  - Bootstrapping Spring Data JPA repositories in DEFAULT mode.
2026-08-10 16:02:14 [] [] INFO  - Finished Spring Data repository scanning in 15 ms. Found 2 JPA repository interfaces.
2026-08-10 16:02:14 [] [] INFO  - BeanFactory id=4f252354-8b7c-3be3-bcc3-028194ab10e2
2026-08-10 16:02:14 [] [] INFO  - Tomcat initialized with port 8080 (http)
2026-08-10 16:02:14 [] [] INFO  - Initializing ProtocolHandler ["http-nio-8080"]
2026-08-10 16:02:14 [] [] INFO  - Starting service [Tomcat]
2026-08-10 16:02:14 [] [] INFO  - Starting Servlet engine: [Apache Tomcat/11.0.22]
2026-08-10 16:02:14 [] [] INFO  - Root WebApplicationContext: initialization completed in 562 ms
2026-08-10 16:02:14 [] [] INFO  - HHH008540: Processing PersistenceUnitInfo [name: default]
2026-08-10 16:02:14 [] [] INFO  - HHH000001: Hibernate ORM core version 7.4.1.Final
2026-08-10 16:02:14 [] [] INFO  - No LoadTimeWeaver setup: ignoring JPA class transformer
2026-08-10 16:02:14 [] [] INFO  - HikariPool-1 - Starting...
2026-08-10 16:02:14 [] [] INFO  - HikariPool-1 - Added connection ConnectionID:1 ClientConnectionId: 2e3edf6f-4676-4b45-ade7-ac0dd93630c8
2026-08-10 16:02:14 [] [] INFO  - HikariPool-1 - Start completed.
2026-08-10 16:02:14 [] [] INFO  - HHH10001005: Database info:
	Database JDBC URL [jdbc:sqlserver://localhost:1433;connectRetryInterval=10;connectRetryCount=1;maxResultBuffer=-1;sendTemporalDataTypesAsStringForBulkCopy=true;delayLoadingLobs=true;useFmtOnly=false;cacheBulkCopyMetadata=false;useBulkCopyForBatchInsert=false;cancelQueryTimeout=-1;sslProtocol=TLS;calcBigDecimalPrecision=false;useDefaultJaasConfig=false;jaasConfigurationName=SQLJDBCDriver;statementPoolingCacheSize=0;serverPreparedStatementDiscardThreshold=10;enablePrepareOnFirstPreparedStatementCall=false;fips=false;socketTimeout=0;authentication=NotSpecified;authenticationScheme=nativeAuthentication;xopenStates=false;datetimeParameterType=datetime2;sendTimeAsDatetime=true;replication=false;trustStoreType=JKS;trustServerCertificate=true;TransparentNetworkIPResolution=true;iPAddressPreference=IPv4First;serverNameAsACE=false;sendStringParametersAsUnicode=true;selectMethod=direct;responseBuffering=adaptive;queryTimeout=-1;packetSize=8000;multiSubnetFailover=false;loginTimeout=30;lockTimeout=-1;lastUpdateCount=true;useFlexibleCallableStatements=true;useDefaultGSSCredential=false;prepareMethod=prepexec;encrypt=true;disableStatementPooling=true;databaseName=students_management;columnEncryptionSetting=Disabled;applicationName=Microsoft JDBC Driver for SQL Server;applicationIntent=readwrite;]
	Database driver: Microsoft JDBC Driver 12.8 for SQL Server
	Database dialect: SQLServerDialect
	Database version: 16.0
	Default catalog/schema: students_management/dbo
	Autocommit mode: undefined/unknown
	Isolation level: READ_COMMITTED [default READ_COMMITTED]
	JDBC fetch size: 128
	Pool: DataSourceConnectionProvider
	Minimum pool size: undefined/unknown
	Maximum pool size: undefined/unknown
2026-08-10 16:02:15 [] [] INFO  - HHH000489: No JTA platform available (set 'hibernate.transaction.jta.platform' to enable JTA platform integration)
2026-08-10 16:02:15 [] [] INFO  - Initialized JPA EntityManagerFactory for persistence unit 'default'
2026-08-10 16:02:15 [] [] INFO  - Hibernate is in classpath; If applicable, HQL parser will be used.
2026-08-10 16:02:15 [] [] INFO  - Global AuthenticationManager configured with UserDetailsService bean with name customUserDetailsService
2026-08-10 16:02:15 [] [] INFO  - Starting ProtocolHandler ["http-nio-8080"]
2026-08-10 16:02:15 [] [] INFO  - Tomcat started on port 8080 (http) with context path '/'
2026-08-10 16:02:15 [] [] INFO  - Started StudentManagementApplication in 2.49 seconds (process running for 2.71)
2026-08-10 16:02:17 [] [] INFO  - Initializing Spring DispatcherServlet 'dispatcherServlet'
2026-08-10 16:02:17 [] [] INFO  - Initializing Servlet 'dispatcherServlet'
2026-08-10 16:02:17 [] [] INFO  - Completed initialization in 1 ms
2026-08-10 16:02:17 [68E1DD68] [POST /student/getStudentById] INFO  - Request: POST /student/getStudentById
2026-08-10 16:02:17 [68E1DD68] [POST /student/getStudentById] INFO  - === JwtAuthFilter TRIGGERED for: /student/getStudentById
2026-08-10 16:02:17 [68E1DD68] [POST /student/getStudentById] INFO  - === Extracted username: freshAdmin1
2026-08-10 16:02:18 [68E1DD68] [POST /student/getStudentById] INFO  - === Loaded userDetails: freshAdmin1
2026-08-10 16:02:18 [68E1DD68] [POST /student/getStudentById] INFO  - === Token valid? true
2026-08-10 16:02:18 [68E1DD68] [POST /student/getStudentById] INFO  - === Authentication SET in context
2026-08-10 16:02:18 [68E1DD68] [POST /student/getStudentById] INFO  - Response: POST /student/getStudentById status=400
2026-08-10 16:03:00 [518EDC64] [GET /test/protected] INFO  - Request: GET /test/protected
2026-08-10 16:03:00 [518EDC64] [GET /test/protected] INFO  - === JwtAuthFilter TRIGGERED for: /test/protected
2026-08-10 16:03:00 [518EDC64] [GET /test/protected] INFO  - Response: GET /test/protected status=200
2026-08-10 16:03:06 [61202F01] [GET /test/protected] INFO  - Request: GET /test/protected
2026-08-10 16:03:06 [61202F01] [GET /test/protected] INFO  - === JwtAuthFilter TRIGGERED for: /test/protected
2026-08-10 16:03:06 [61202F01] [GET /test/protected] INFO  - === Extracted username: freshAdmin1
2026-08-10 16:03:06 [61202F01] [GET /test/protected] INFO  - === Loaded userDetails: freshAdmin1
2026-08-10 16:03:06 [61202F01] [GET /test/protected] INFO  - === Token valid? true
2026-08-10 16:03:06 [61202F01] [GET /test/protected] INFO  - === Authentication SET in context
2026-08-10 16:03:06 [61202F01] [GET /test/protected] INFO  - Response: GET /test/protected status=200
2026-08-10 16:03:19 [0A66755E] [POST /student/create] INFO  - Request: POST /student/create
2026-08-10 16:03:19 [0A66755E] [POST /student/create] INFO  - === JwtAuthFilter TRIGGERED for: /student/create
2026-08-10 16:03:19 [0A66755E] [POST /student/create] INFO  - Response: POST /student/create status=200
2026-08-10 16:03:24 [892B06C4] [POST /student/create] INFO  - Request: POST /student/create
2026-08-10 16:03:24 [892B06C4] [POST /student/create] INFO  - === JwtAuthFilter TRIGGERED for: /student/create
2026-08-10 16:03:24 [892B06C4] [POST /student/create] INFO  - === Extracted username: freshAdmin1
2026-08-10 16:03:24 [892B06C4] [POST /student/create] INFO  - === Loaded userDetails: freshAdmin1
2026-08-10 16:03:24 [892B06C4] [POST /student/create] INFO  - === Token valid? true
2026-08-10 16:03:24 [892B06C4] [POST /student/create] INFO  - === Authentication SET in context
2026-08-10 16:03:24 [892B06C4] [POST /student/create] INFO  - Response: POST /student/create status=200
2026-08-10 16:03:32 [D1FC048B] [GET /external/users] INFO  - Request: GET /external/users
2026-08-10 16:03:32 [D1FC048B] [GET /external/users] INFO  - === JwtAuthFilter TRIGGERED for: /external/users
2026-08-10 16:03:32 [D1FC048B] [GET /external/users] INFO  - Response: GET /external/users status=200
2026-08-10 16:03:35 [0FEA6372] [GET /external/users] INFO  - Request: GET /external/users
2026-08-10 16:03:35 [0FEA6372] [GET /external/users] INFO  - === JwtAuthFilter TRIGGERED for: /external/users
2026-08-10 16:03:35 [0FEA6372] [GET /external/users] INFO  - === Extracted username: freshAdmin1
2026-08-10 16:03:35 [0FEA6372] [GET /external/users] INFO  - === Loaded userDetails: freshAdmin1
2026-08-10 16:03:35 [0FEA6372] [GET /external/users] INFO  - === Token valid? true
2026-08-10 16:03:35 [0FEA6372] [GET /external/users] INFO  - === Authentication SET in context
2026-08-10 16:03:35 [0FEA6372] [GET /external/users] INFO  - Response: GET /external/users status=200
2026-08-10 16:03:44 [F5D61ABF] [POST /student/getStudentById] INFO  - Request: POST /student/getStudentById
2026-08-10 16:03:44 [F5D61ABF] [POST /student/getStudentById] INFO  - === JwtAuthFilter TRIGGERED for: /student/getStudentById
2026-08-10 16:03:44 [F5D61ABF] [POST /student/getStudentById] INFO  - === Extracted username: freshAdmin1
2026-08-10 16:03:44 [F5D61ABF] [POST /student/getStudentById] INFO  - === Loaded userDetails: freshAdmin1
2026-08-10 16:03:44 [F5D61ABF] [POST /student/getStudentById] INFO  - === Token valid? true
2026-08-10 16:03:44 [F5D61ABF] [POST /student/getStudentById] INFO  - === Authentication SET in context
2026-08-10 16:03:44 [F5D61ABF] [POST /student/getStudentById] INFO  - Response: POST /student/getStudentById status=200
2026-08-10 16:05:59 [] [] INFO  - Commencing graceful shutdown. Waiting for active requests to complete
2026-08-10 16:05:59 [] [] INFO  - Graceful shutdown complete
2026-08-10 16:05:59 [] [] INFO  - Closing JPA EntityManagerFactory for persistence unit 'default'
2026-08-10 16:05:59 [] [] INFO  - HikariPool-1 - Shutdown initiated...
2026-08-10 16:05:59 [] [] INFO  - HikariPool-1 - Shutdown completed.
