2026-08-12 09:04:07 [] [] [] INFO  - Commencing graceful shutdown. Waiting for active requests to complete
2026-08-12 09:04:07 [] [] [] INFO  - Graceful shutdown complete
2026-08-12 09:04:07 [] [] [] INFO  - Closing JPA EntityManagerFactory for persistence unit 'default'
2026-08-12 09:04:07 [] [] [] INFO  - HikariPool-1 - Shutdown initiated...
2026-08-12 09:04:07 [] [] [] INFO  - HikariPool-1 - Shutdown completed.
2026-08-12 09:10:43 [] [] [] INFO  - Starting StudentManagementApplication using Java 26.0.2 with PID 39400 (/Users/ewent/Documents/Programmer/Java (Spring boot)/StudentManagement/StudentManagement/target/classes started by ewent in /Users/ewent/Documents/Programmer/Java (Spring boot)/StudentManagement/StudentManagement)
2026-08-12 09:10:43 [] [] [] INFO  - No active profile set, falling back to 1 default profile: "default"
2026-08-12 09:10:43 [] [] [] INFO  - HV000001: Hibernate Validator 9.1.0.Final
2026-08-12 09:10:43 [] [] [] INFO  - Multiple Spring Data modules found, entering strict repository configuration mode
2026-08-12 09:10:43 [] [] [] INFO  - Bootstrapping Spring Data JPA repositories in DEFAULT mode.
2026-08-12 09:10:43 [] [] [] INFO  - Finished Spring Data repository scanning in 63 ms. Found 2 JPA repository interfaces.
2026-08-12 09:10:43 [] [] [] INFO  - Multiple Spring Data modules found, entering strict repository configuration mode
2026-08-12 09:10:43 [] [] [] INFO  - Bootstrapping Spring Data Redis repositories in DEFAULT mode.
2026-08-12 09:10:43 [] [] [] INFO  - Spring Data Redis - Could not safely identify store assignment for repository candidate interface com.example.studentsmanagement.Repository.StudentRepository; If you want this repository to be a Redis repository, consider annotating your entities with one of these annotations: org.springframework.data.redis.core.RedisHash (preferred), or consider extending one of the following types with your repository: org.springframework.data.keyvalue.repository.KeyValueRepository
2026-08-12 09:10:43 [] [] [] INFO  - Spring Data Redis - Could not safely identify store assignment for repository candidate interface com.example.studentsmanagement.Repository.UserRepository; If you want this repository to be a Redis repository, consider annotating your entities with one of these annotations: org.springframework.data.redis.core.RedisHash (preferred), or consider extending one of the following types with your repository: org.springframework.data.keyvalue.repository.KeyValueRepository
2026-08-12 09:10:43 [] [] [] INFO  - Finished Spring Data repository scanning in 3 ms. Found 0 Redis repository interfaces.
2026-08-12 09:10:44 [] [] [] INFO  - BeanFactory id=ec73950e-fa5b-3cb2-b44f-e857e89d494b
2026-08-12 09:10:44 [] [] [] INFO  - Tomcat initialized with port 8080 (http)
2026-08-12 09:10:44 [] [] [] INFO  - Initializing ProtocolHandler ["http-nio-8080"]
2026-08-12 09:10:44 [] [] [] INFO  - Starting service [Tomcat]
2026-08-12 09:10:44 [] [] [] INFO  - Starting Servlet engine: [Apache Tomcat/11.0.22]
2026-08-12 09:10:44 [] [] [] INFO  - Root WebApplicationContext: initialization completed in 1174 ms
2026-08-12 09:10:44 [] [] [] INFO  - HHH008540: Processing PersistenceUnitInfo [name: default]
2026-08-12 09:10:44 [] [] [] INFO  - HHH000001: Hibernate ORM core version 7.4.1.Final
2026-08-12 09:10:44 [] [] [] INFO  - No LoadTimeWeaver setup: ignoring JPA class transformer
2026-08-12 09:10:44 [] [] [] INFO  - HikariPool-1 - Starting...
2026-08-12 09:10:45 [] [] [] INFO  - HikariPool-1 - Added connection ConnectionID:1 ClientConnectionId: 9a7762a2-6583-4f2b-994b-52fbd087ebf3
2026-08-12 09:10:45 [] [] [] INFO  - HikariPool-1 - Start completed.
2026-08-12 09:10:45 [] [] [] INFO  - HHH10001005: Database info:
	Database JDBC URL [jdbc:sqlserver://localhost:1433;connectRetryInterval=10;connectRetryCount=1;maxResultBuffer=-1;sendTemporalDataTypesAsStringForBulkCopy=true;delayLoadingLobs=true;useFmtOnly=false;cacheBulkCopyMetadata=false;useBulkCopyForBatchInsert=false;cancelQueryTimeout=-1;sslProtocol=TLS;calcBigDecimalPrecision=false;useDefaultJaasConfig=false;jaasConfigurationName=SQLJDBCDriver;statementPoolingCacheSize=0;serverPreparedStatementDiscardThreshold=10;enablePrepareOnFirstPreparedStatementCall=false;fips=false;socketTimeout=0;authentication=NotSpecified;authenticationScheme=nativeAuthentication;xopenStates=false;datetimeParameterType=datetime2;sendTimeAsDatetime=true;replication=false;trustStoreType=JKS;trustServerCertificate=true;TransparentNetworkIPResolution=true;iPAddressPreference=IPv4First;serverNameAsACE=false;sendStringParametersAsUnicode=true;selectMethod=direct;responseBuffering=adaptive;queryTimeout=-1;packetSize=8000;multiSubnetFailover=false;loginTimeout=30;lockTimeout=-1;lastUpdateCount=true;useFlexibleCallableStatements=true;useDefaultGSSCredential=false;prepareMethod=prepexec;encrypt=true;disableStatementPooling=true;databaseName=students_management;columnEncryptionSetting=Disabled;applicationName=Microsoft JDBC Driver for SQL Server;applicationIntent=readwrite;]
	Database driver: Microsoft JDBC Driver 12.8 for SQL Server
	Database dialect: SQLServerDialect
	Database version: 16.0
	Default catalog/schema: students_management/dbo
	Autocommit mode: undefined/unknown
	Isolation level: READ_COMMITTED [default READ_COMMITTED]
	JDBC fetch size: 128
	Pool: DataSourceConnectionProvider
	Minimum pool size: undefined/unknown
	Maximum pool size: undefined/unknown
2026-08-12 09:10:45 [] [] [] INFO  - HHH000489: No JTA platform available (set 'hibernate.transaction.jta.platform' to enable JTA platform integration)
2026-08-12 09:10:45 [] [] [] INFO  - Initialized JPA EntityManagerFactory for persistence unit 'default'
2026-08-12 09:10:45 [] [] [] INFO  - Hibernate is in classpath; If applicable, HQL parser will be used.
2026-08-12 09:10:45 [] [] [] INFO  - Global AuthenticationManager configured with UserDetailsService bean with name customUserDetailsService
2026-08-12 09:10:46 [] [] [] INFO  - Starting ProtocolHandler ["http-nio-8080"]
2026-08-12 09:10:46 [] [] [] INFO  - Tomcat started on port 8080 (http) with context path '/'
2026-08-12 09:10:46 [] [] [] INFO  - Started StudentManagementApplication in 3.339 seconds (process running for 3.606)
2026-08-12 09:11:15 [] [] [] INFO  - Initializing Spring DispatcherServlet 'dispatcherServlet'
2026-08-12 09:11:15 [] [] [] INFO  - Initializing Servlet 'dispatcherServlet'
2026-08-12 09:11:15 [] [] [] INFO  - Completed initialization in 2 ms
2026-08-12 09:11:15 [C1D550B9] [POST /api/telegram/send] [49ms] INFO  - === Extracted username: freshAdmin7
2026-08-12 09:11:15 [C1D550B9] [POST /api/telegram/send] [319ms] INFO  - === Loaded userDetails: {"userInfo":{"id":8,"password":"$2a$10$9Y2El.fRpjCcIkA.WT5W5eXd5XoLmTUAn.8brntWDnWd1LjnqlzWe","role":"Admin","username":"freshAdmin7"},"accountNonExpired":true,"accountNonLocked":true,"authorities":[{"authority":"ROLE_Admin"}],"credentialsNonExpired":true,"enabled":true,"password":"$2a$10$9Y2El.fRpjCcIkA.WT5W5eXd5XoLmTUAn.8brntWDnWd1LjnqlzWe","username":"freshAdmin7"}
2026-08-12 09:11:15 [C1D550B9] [POST /api/telegram/send] [320ms] INFO  - === Token valid? true
2026-08-12 09:11:15 [C1D550B9] [POST /api/telegram/send] [321ms] INFO  - === Authentication SET in context
2026-08-12 09:11:17 [C1D550B9] [POST /api/telegram/send] [1488ms] INFO  - Request completed - status=200
2026-08-12 09:11:27 [E492F476] [POST /api/telegram/send] [1ms] INFO  - === Extracted username: freshAdmin7
2026-08-12 09:11:27 [E492F476] [POST /api/telegram/send] [20ms] INFO  - === Loaded userDetails: {"userInfo":{"id":8,"password":"$2a$10$9Y2El.fRpjCcIkA.WT5W5eXd5XoLmTUAn.8brntWDnWd1LjnqlzWe","role":"Admin","username":"freshAdmin7"},"accountNonExpired":true,"accountNonLocked":true,"authorities":[{"authority":"ROLE_Admin"}],"credentialsNonExpired":true,"enabled":true,"password":"$2a$10$9Y2El.fRpjCcIkA.WT5W5eXd5XoLmTUAn.8brntWDnWd1LjnqlzWe","username":"freshAdmin7"}
2026-08-12 09:11:27 [E492F476] [POST /api/telegram/send] [22ms] INFO  - === Token valid? true
2026-08-12 09:11:27 [E492F476] [POST /api/telegram/send] [22ms] INFO  - === Authentication SET in context
2026-08-12 09:11:27 [E492F476] [POST /api/telegram/send] [809ms] INFO  - Request completed - status=200
2026-08-12 09:11:38 [AC7D5287] [POST /api/telegram/send] [6ms] INFO  - === Extracted username: freshAdmin7
2026-08-12 09:11:38 [AC7D5287] [POST /api/telegram/send] [48ms] INFO  - === Loaded userDetails: {"userInfo":{"id":8,"password":"$2a$10$9Y2El.fRpjCcIkA.WT5W5eXd5XoLmTUAn.8brntWDnWd1LjnqlzWe","role":"Admin","username":"freshAdmin7"},"accountNonExpired":true,"accountNonLocked":true,"authorities":[{"authority":"ROLE_Admin"}],"credentialsNonExpired":true,"enabled":true,"password":"$2a$10$9Y2El.fRpjCcIkA.WT5W5eXd5XoLmTUAn.8brntWDnWd1LjnqlzWe","username":"freshAdmin7"}
2026-08-12 09:11:38 [AC7D5287] [POST /api/telegram/send] [49ms] INFO  - === Token valid? true
2026-08-12 09:11:38 [AC7D5287] [POST /api/telegram/send] [49ms] INFO  - === Authentication SET in context
2026-08-12 09:11:40 [AC7D5287] [POST /api/telegram/send] [1078ms] INFO  - Request completed - status=200
2026-08-12 09:14:00 [] [] [] INFO  - Commencing graceful shutdown. Waiting for active requests to complete
2026-08-12 09:14:00 [] [] [] INFO  - Graceful shutdown complete
2026-08-12 09:14:00 [] [] [] INFO  - Closing JPA EntityManagerFactory for persistence unit 'default'
2026-08-12 09:14:00 [] [] [] INFO  - HikariPool-1 - Shutdown initiated...
2026-08-12 09:14:00 [] [] [] INFO  - HikariPool-1 - Shutdown completed.
2026-08-12 09:14:02 [] [] [] INFO  - Starting StudentManagementApplication using Java 26.0.2 with PID 39650 (/Users/ewent/Documents/Programmer/Java (Spring boot)/StudentManagement/StudentManagement/target/classes started by ewent in /Users/ewent/Documents/Programmer/Java (Spring boot)/StudentManagement/StudentManagement)
2026-08-12 09:14:02 [] [] [] INFO  - No active profile set, falling back to 1 default profile: "default"
2026-08-12 09:14:02 [] [] [] INFO  - HV000001: Hibernate Validator 9.1.0.Final
2026-08-12 09:14:02 [] [] [] INFO  - Multiple Spring Data modules found, entering strict repository configuration mode
2026-08-12 09:14:02 [] [] [] INFO  - Bootstrapping Spring Data JPA repositories in DEFAULT mode.
2026-08-12 09:14:02 [] [] [] INFO  - Finished Spring Data repository scanning in 56 ms. Found 2 JPA repository interfaces.
2026-08-12 09:14:02 [] [] [] INFO  - Multiple Spring Data modules found, entering strict repository configuration mode
2026-08-12 09:14:02 [] [] [] INFO  - Bootstrapping Spring Data Redis repositories in DEFAULT mode.
2026-08-12 09:14:02 [] [] [] INFO  - Spring Data Redis - Could not safely identify store assignment for repository candidate interface com.example.studentsmanagement.Repository.StudentRepository; If you want this repository to be a Redis repository, consider annotating your entities with one of these annotations: org.springframework.data.redis.core.RedisHash (preferred), or consider extending one of the following types with your repository: org.springframework.data.keyvalue.repository.KeyValueRepository
2026-08-12 09:14:02 [] [] [] INFO  - Spring Data Redis - Could not safely identify store assignment for repository candidate interface com.example.studentsmanagement.Repository.UserRepository; If you want this repository to be a Redis repository, consider annotating your entities with one of these annotations: org.springframework.data.redis.core.RedisHash (preferred), or consider extending one of the following types with your repository: org.springframework.data.keyvalue.repository.KeyValueRepository
2026-08-12 09:14:02 [] [] [] INFO  - Finished Spring Data repository scanning in 3 ms. Found 0 Redis repository interfaces.
2026-08-12 09:14:03 [] [] [] INFO  - BeanFactory id=ec73950e-fa5b-3cb2-b44f-e857e89d494b
2026-08-12 09:14:03 [] [] [] INFO  - Tomcat initialized with port 8080 (http)
2026-08-12 09:14:03 [] [] [] INFO  - Initializing ProtocolHandler ["http-nio-8080"]
2026-08-12 09:14:03 [] [] [] INFO  - Starting service [Tomcat]
2026-08-12 09:14:03 [] [] [] INFO  - Starting Servlet engine: [Apache Tomcat/11.0.22]
2026-08-12 09:14:03 [] [] [] INFO  - Root WebApplicationContext: initialization completed in 682 ms
2026-08-12 09:14:03 [] [] [] INFO  - HHH008540: Processing PersistenceUnitInfo [name: default]
2026-08-12 09:14:03 [] [] [] INFO  - HHH000001: Hibernate ORM core version 7.4.1.Final
2026-08-12 09:14:03 [] [] [] INFO  - No LoadTimeWeaver setup: ignoring JPA class transformer
2026-08-12 09:14:03 [] [] [] INFO  - HikariPool-1 - Starting...
2026-08-12 09:14:03 [] [] [] INFO  - HikariPool-1 - Added connection ConnectionID:1 ClientConnectionId: efa7fc60-b07b-4f58-94f7-ef65231e742d
2026-08-12 09:14:03 [] [] [] INFO  - HikariPool-1 - Start completed.
2026-08-12 09:14:03 [] [] [] INFO  - HHH10001005: Database info:
	Database JDBC URL [jdbc:sqlserver://localhost:1433;connectRetryInterval=10;connectRetryCount=1;maxResultBuffer=-1;sendTemporalDataTypesAsStringForBulkCopy=true;delayLoadingLobs=true;useFmtOnly=false;cacheBulkCopyMetadata=false;useBulkCopyForBatchInsert=false;cancelQueryTimeout=-1;sslProtocol=TLS;calcBigDecimalPrecision=false;useDefaultJaasConfig=false;jaasConfigurationName=SQLJDBCDriver;statementPoolingCacheSize=0;serverPreparedStatementDiscardThreshold=10;enablePrepareOnFirstPreparedStatementCall=false;fips=false;socketTimeout=0;authentication=NotSpecified;authenticationScheme=nativeAuthentication;xopenStates=false;datetimeParameterType=datetime2;sendTimeAsDatetime=true;replication=false;trustStoreType=JKS;trustServerCertificate=true;TransparentNetworkIPResolution=true;iPAddressPreference=IPv4First;serverNameAsACE=false;sendStringParametersAsUnicode=true;selectMethod=direct;responseBuffering=adaptive;queryTimeout=-1;packetSize=8000;multiSubnetFailover=false;loginTimeout=30;lockTimeout=-1;lastUpdateCount=true;useFlexibleCallableStatements=true;useDefaultGSSCredential=false;prepareMethod=prepexec;encrypt=true;disableStatementPooling=true;databaseName=students_management;columnEncryptionSetting=Disabled;applicationName=Microsoft JDBC Driver for SQL Server;applicationIntent=readwrite;]
	Database driver: Microsoft JDBC Driver 12.8 for SQL Server
	Database dialect: SQLServerDialect
	Database version: 16.0
	Default catalog/schema: students_management/dbo
	Autocommit mode: undefined/unknown
	Isolation level: READ_COMMITTED [default READ_COMMITTED]
	JDBC fetch size: 128
	Pool: DataSourceConnectionProvider
	Minimum pool size: undefined/unknown
	Maximum pool size: undefined/unknown
2026-08-12 09:14:04 [] [] [] INFO  - HHH000489: No JTA platform available (set 'hibernate.transaction.jta.platform' to enable JTA platform integration)
2026-08-12 09:14:04 [] [] [] INFO  - Initialized JPA EntityManagerFactory for persistence unit 'default'
2026-08-12 09:14:04 [] [] [] INFO  - Hibernate is in classpath; If applicable, HQL parser will be used.
2026-08-12 09:14:04 [] [] [] INFO  - Global AuthenticationManager configured with UserDetailsService bean with name customUserDetailsService
2026-08-12 09:14:04 [] [] [] INFO  - Starting ProtocolHandler ["http-nio-8080"]
2026-08-12 09:14:04 [] [] [] INFO  - Tomcat started on port 8080 (http) with context path '/'
2026-08-12 09:14:04 [] [] [] INFO  - Started StudentManagementApplication in 2.58 seconds (process running for 2.843)
2026-08-12 09:14:08 [] [] [] INFO  - Initializing Spring DispatcherServlet 'dispatcherServlet'
2026-08-12 09:14:08 [] [] [] INFO  - Initializing Servlet 'dispatcherServlet'
2026-08-12 09:14:08 [] [] [] INFO  - Completed initialization in 3 ms
2026-08-12 09:14:08 [702F2D32] [POST /api/telegram/send] [49ms] INFO  - === Extracted username: freshAdmin7
2026-08-12 09:14:08 [702F2D32] [POST /api/telegram/send] [264ms] INFO  - === Loaded userDetails: {"userInfo":{"id":8,"password":"$2a$10$9Y2El.fRpjCcIkA.WT5W5eXd5XoLmTUAn.8brntWDnWd1LjnqlzWe","role":"Admin","username":"freshAdmin7"},"accountNonExpired":true,"accountNonLocked":true,"authorities":[{"authority":"ROLE_Admin"}],"credentialsNonExpired":true,"enabled":true,"password":"$2a$10$9Y2El.fRpjCcIkA.WT5W5eXd5XoLmTUAn.8brntWDnWd1LjnqlzWe","username":"freshAdmin7"}
2026-08-12 09:14:08 [702F2D32] [POST /api/telegram/send] [265ms] INFO  - === Token valid? true
2026-08-12 09:14:08 [702F2D32] [POST /api/telegram/send] [266ms] INFO  - === Authentication SET in context
2026-08-12 09:14:09 [702F2D32] [POST /api/telegram/send] [1399ms] INFO  - Request completed - status=200
2026-08-12 09:14:12 [461F2C97] [POST /api/telegram/send] [1ms] INFO  - === Extracted username: freshAdmin7
2026-08-12 09:14:12 [461F2C97] [POST /api/telegram/send] [17ms] INFO  - === Loaded userDetails: {"userInfo":{"id":8,"password":"$2a$10$9Y2El.fRpjCcIkA.WT5W5eXd5XoLmTUAn.8brntWDnWd1LjnqlzWe","role":"Admin","username":"freshAdmin7"},"accountNonExpired":true,"accountNonLocked":true,"authorities":[{"authority":"ROLE_Admin"}],"credentialsNonExpired":true,"enabled":true,"password":"$2a$10$9Y2El.fRpjCcIkA.WT5W5eXd5XoLmTUAn.8brntWDnWd1LjnqlzWe","username":"freshAdmin7"}
2026-08-12 09:14:12 [461F2C97] [POST /api/telegram/send] [17ms] INFO  - === Token valid? true
2026-08-12 09:14:12 [461F2C97] [POST /api/telegram/send] [17ms] INFO  - === Authentication SET in context
2026-08-12 09:14:12 [461F2C97] [POST /api/telegram/send] [25ms] INFO  - Request completed - status=200
2026-08-12 09:14:14 [D0319CEB] [POST /api/telegram/send] [1ms] INFO  - === Extracted username: freshAdmin7
2026-08-12 09:14:14 [D0319CEB] [POST /api/telegram/send] [15ms] INFO  - === Loaded userDetails: {"userInfo":{"id":8,"password":"$2a$10$9Y2El.fRpjCcIkA.WT5W5eXd5XoLmTUAn.8brntWDnWd1LjnqlzWe","role":"Admin","username":"freshAdmin7"},"accountNonExpired":true,"accountNonLocked":true,"authorities":[{"authority":"ROLE_Admin"}],"credentialsNonExpired":true,"enabled":true,"password":"$2a$10$9Y2El.fRpjCcIkA.WT5W5eXd5XoLmTUAn.8brntWDnWd1LjnqlzWe","username":"freshAdmin7"}
2026-08-12 09:14:14 [D0319CEB] [POST /api/telegram/send] [17ms] INFO  - === Token valid? true
2026-08-12 09:14:14 [D0319CEB] [POST /api/telegram/send] [17ms] INFO  - === Authentication SET in context
2026-08-12 09:14:14 [D0319CEB] [POST /api/telegram/send] [22ms] INFO  - Request completed - status=200
2026-08-12 09:14:20 [63811D8C] [POST /api/telegram/send] [8ms] INFO  - === Extracted username: freshAdmin7
2026-08-12 09:14:20 [63811D8C] [POST /api/telegram/send] [31ms] INFO  - === Loaded userDetails: {"userInfo":{"id":8,"password":"$2a$10$9Y2El.fRpjCcIkA.WT5W5eXd5XoLmTUAn.8brntWDnWd1LjnqlzWe","role":"Admin","username":"freshAdmin7"},"accountNonExpired":true,"accountNonLocked":true,"authorities":[{"authority":"ROLE_Admin"}],"credentialsNonExpired":true,"enabled":true,"password":"$2a$10$9Y2El.fRpjCcIkA.WT5W5eXd5XoLmTUAn.8brntWDnWd1LjnqlzWe","username":"freshAdmin7"}
2026-08-12 09:14:20 [63811D8C] [POST /api/telegram/send] [32ms] INFO  - === Token valid? true
2026-08-12 09:14:20 [63811D8C] [POST /api/telegram/send] [32ms] INFO  - === Authentication SET in context
2026-08-12 09:14:20 [63811D8C] [POST /api/telegram/send] [39ms] INFO  - Request completed - status=200
2026-08-12 09:14:21 [] [] [] INFO  - Commencing graceful shutdown. Waiting for active requests to complete
2026-08-12 09:14:21 [] [] [] INFO  - Graceful shutdown complete
2026-08-12 09:14:21 [] [] [] INFO  - Closing JPA EntityManagerFactory for persistence unit 'default'
2026-08-12 09:14:21 [] [] [] INFO  - HikariPool-1 - Shutdown initiated...
2026-08-12 09:14:21 [] [] [] INFO  - HikariPool-1 - Shutdown completed.
2026-08-12 09:14:24 [] [] [] INFO  - Starting StudentManagementApplication using Java 26.0.2 with PID 39685 (/Users/ewent/Documents/Programmer/Java (Spring boot)/StudentManagement/StudentManagement/target/classes started by ewent in /Users/ewent/Documents/Programmer/Java (Spring boot)/StudentManagement/StudentManagement)
2026-08-12 09:14:24 [] [] [] INFO  - No active profile set, falling back to 1 default profile: "default"
2026-08-12 09:14:24 [] [] [] INFO  - HV000001: Hibernate Validator 9.1.0.Final
2026-08-12 09:17:25 [] [] [] INFO  - Multiple Spring Data modules found, entering strict repository configuration mode
2026-08-12 09:17:25 [] [] [] INFO  - Bootstrapping Spring Data JPA repositories in DEFAULT mode.
2026-08-12 09:17:25 [] [] [] INFO  - Finished Spring Data repository scanning in 109 ms. Found 2 JPA repository interfaces.
2026-08-12 09:17:25 [] [] [] INFO  - Multiple Spring Data modules found, entering strict repository configuration mode
2026-08-12 09:17:25 [] [] [] INFO  - Bootstrapping Spring Data Redis repositories in DEFAULT mode.
2026-08-12 09:17:25 [] [] [] INFO  - Spring Data Redis - Could not safely identify store assignment for repository candidate interface com.example.studentsmanagement.Repository.StudentRepository; If you want this repository to be a Redis repository, consider annotating your entities with one of these annotations: org.springframework.data.redis.core.RedisHash (preferred), or consider extending one of the following types with your repository: org.springframework.data.keyvalue.repository.KeyValueRepository
2026-08-12 09:17:25 [] [] [] INFO  - Spring Data Redis - Could not safely identify store assignment for repository candidate interface com.example.studentsmanagement.Repository.UserRepository; If you want this repository to be a Redis repository, consider annotating your entities with one of these annotations: org.springframework.data.redis.core.RedisHash (preferred), or consider extending one of the following types with your repository: org.springframework.data.keyvalue.repository.KeyValueRepository
2026-08-12 09:17:25 [] [] [] INFO  - Finished Spring Data repository scanning in 5 ms. Found 0 Redis repository interfaces.
2026-08-12 09:17:25 [] [] [] INFO  - BeanFactory id=ec73950e-fa5b-3cb2-b44f-e857e89d494b
2026-08-12 09:17:25 [] [] [] INFO  - Tomcat initialized with port 8080 (http)
2026-08-12 09:17:25 [] [] [] INFO  - Root WebApplicationContext: initialization completed in 181064 ms
2026-08-12 09:17:26 [] [] [] INFO  - HHH008540: Processing PersistenceUnitInfo [name: default]
2026-08-12 09:17:26 [] [] [] INFO  - HHH000001: Hibernate ORM core version 7.4.1.Final
2026-08-12 09:17:26 [] [] [] INFO  - No LoadTimeWeaver setup: ignoring JPA class transformer
2026-08-12 09:17:26 [] [] [] INFO  - HikariPool-1 - Starting...
2026-08-12 09:17:26 [] [] [] INFO  - HikariPool-1 - Added connection ConnectionID:1 ClientConnectionId: 74def864-4d53-40f3-b6ad-509fece8fffd
2026-08-12 09:17:26 [] [] [] INFO  - HikariPool-1 - Start completed.
2026-08-12 09:17:26 [] [] [] INFO  - HHH10001005: Database info:
	Database JDBC URL [jdbc:sqlserver://localhost:1433;connectRetryInterval=10;connectRetryCount=1;maxResultBuffer=-1;sendTemporalDataTypesAsStringForBulkCopy=true;delayLoadingLobs=true;useFmtOnly=false;cacheBulkCopyMetadata=false;useBulkCopyForBatchInsert=false;cancelQueryTimeout=-1;sslProtocol=TLS;calcBigDecimalPrecision=false;useDefaultJaasConfig=false;jaasConfigurationName=SQLJDBCDriver;statementPoolingCacheSize=0;serverPreparedStatementDiscardThreshold=10;enablePrepareOnFirstPreparedStatementCall=false;fips=false;socketTimeout=0;authentication=NotSpecified;authenticationScheme=nativeAuthentication;xopenStates=false;datetimeParameterType=datetime2;sendTimeAsDatetime=true;replication=false;trustStoreType=JKS;trustServerCertificate=true;TransparentNetworkIPResolution=true;iPAddressPreference=IPv4First;serverNameAsACE=false;sendStringParametersAsUnicode=true;selectMethod=direct;responseBuffering=adaptive;queryTimeout=-1;packetSize=8000;multiSubnetFailover=false;loginTimeout=30;lockTimeout=-1;lastUpdateCount=true;useFlexibleCallableStatements=true;useDefaultGSSCredential=false;prepareMethod=prepexec;encrypt=true;disableStatementPooling=true;databaseName=students_management;columnEncryptionSetting=Disabled;applicationName=Microsoft JDBC Driver for SQL Server;applicationIntent=readwrite;]
	Database driver: Microsoft JDBC Driver 12.8 for SQL Server
	Database dialect: SQLServerDialect
	Database version: 16.0
	Default catalog/schema: students_management/dbo
	Autocommit mode: undefined/unknown
	Isolation level: READ_COMMITTED [default READ_COMMITTED]
	JDBC fetch size: 128
	Pool: DataSourceConnectionProvider
	Minimum pool size: undefined/unknown
	Maximum pool size: undefined/unknown
2026-08-12 09:17:26 [] [] [] INFO  - HHH000489: No JTA platform available (set 'hibernate.transaction.jta.platform' to enable JTA platform integration)
2026-08-12 09:17:26 [] [] [] INFO  - Initialized JPA EntityManagerFactory for persistence unit 'default'
2026-08-12 09:17:26 [] [] [] INFO  - Hibernate is in classpath; If applicable, HQL parser will be used.
2026-08-12 09:17:27 [] [] [] INFO  - Global AuthenticationManager configured with UserDetailsService bean with name customUserDetailsService
2026-08-12 09:17:27 [] [] [] INFO  - Tomcat started on port 8080 (http) with context path '/'
2026-08-12 09:17:27 [] [] [] INFO  - Started StudentManagementApplication in 183.065 seconds (process running for 183.523)
2026-08-12 09:17:27 [] [] [] INFO  - Commencing graceful shutdown. Waiting for active requests to complete
2026-08-12 09:17:27 [] [] [] INFO  - Graceful shutdown complete
2026-08-12 09:17:27 [] [] [] INFO  - Closing JPA EntityManagerFactory for persistence unit 'default'
2026-08-12 09:17:27 [] [] [] INFO  - HikariPool-1 - Shutdown initiated...
2026-08-12 09:17:27 [] [] [] INFO  - HikariPool-1 - Shutdown completed.
2026-08-12 09:17:29 [] [] [] INFO  - Starting StudentManagementApplication using Java 26.0.2 with PID 39961 (/Users/ewent/Documents/Programmer/Java (Spring boot)/StudentManagement/StudentManagement/target/classes started by ewent in /Users/ewent/Documents/Programmer/Java (Spring boot)/StudentManagement/StudentManagement)
2026-08-12 09:17:29 [] [] [] INFO  - No active profile set, falling back to 1 default profile: "default"
2026-08-12 09:17:29 [] [] [] INFO  - HV000001: Hibernate Validator 9.1.0.Final
2026-08-12 09:17:43 [] [] [] INFO  - Multiple Spring Data modules found, entering strict repository configuration mode
2026-08-12 09:17:43 [] [] [] INFO  - Bootstrapping Spring Data JPA repositories in DEFAULT mode.
2026-08-12 09:17:43 [] [] [] INFO  - Finished Spring Data repository scanning in 96 ms. Found 2 JPA repository interfaces.
2026-08-12 09:17:43 [] [] [] INFO  - Multiple Spring Data modules found, entering strict repository configuration mode
2026-08-12 09:17:43 [] [] [] INFO  - Bootstrapping Spring Data Redis repositories in DEFAULT mode.
2026-08-12 09:17:43 [] [] [] INFO  - Spring Data Redis - Could not safely identify store assignment for repository candidate interface com.example.studentsmanagement.Repository.StudentRepository; If you want this repository to be a Redis repository, consider annotating your entities with one of these annotations: org.springframework.data.redis.core.RedisHash (preferred), or consider extending one of the following types with your repository: org.springframework.data.keyvalue.repository.KeyValueRepository
2026-08-12 09:17:43 [] [] [] INFO  - Spring Data Redis - Could not safely identify store assignment for repository candidate interface com.example.studentsmanagement.Repository.UserRepository; If you want this repository to be a Redis repository, consider annotating your entities with one of these annotations: org.springframework.data.redis.core.RedisHash (preferred), or consider extending one of the following types with your repository: org.springframework.data.keyvalue.repository.KeyValueRepository
2026-08-12 09:17:43 [] [] [] INFO  - Finished Spring Data repository scanning in 5 ms. Found 0 Redis repository interfaces.
2026-08-12 09:17:43 [] [] [] INFO  - BeanFactory id=ec73950e-fa5b-3cb2-b44f-e857e89d494b
2026-08-12 09:17:43 [] [] [] INFO  - Tomcat initialized with port 8080 (http)
2026-08-12 09:17:43 [] [] [] INFO  - Initializing ProtocolHandler ["http-nio-8080"]
2026-08-12 09:17:43 [] [] [] INFO  - Starting service [Tomcat]
2026-08-12 09:17:43 [] [] [] INFO  - Starting Servlet engine: [Apache Tomcat/11.0.22]
2026-08-12 09:17:43 [] [] [] INFO  - Root WebApplicationContext: initialization completed in 14405 ms
2026-08-12 09:17:49 [] [] [] INFO  - HHH008540: Processing PersistenceUnitInfo [name: default]
2026-08-12 09:17:49 [] [] [] INFO  - HHH000001: Hibernate ORM core version 7.4.1.Final
2026-08-12 09:17:49 [] [] [] INFO  - No LoadTimeWeaver setup: ignoring JPA class transformer
2026-08-12 09:17:49 [] [] [] INFO  - HikariPool-1 - Starting...
2026-08-12 09:17:50 [] [] [] INFO  - HikariPool-1 - Added connection ConnectionID:1 ClientConnectionId: 0d1ad331-b115-4086-a148-157c28e0a37f
2026-08-12 09:17:50 [] [] [] INFO  - HikariPool-1 - Start completed.
2026-08-12 09:17:50 [] [] [] INFO  - HHH10001005: Database info:
	Database JDBC URL [jdbc:sqlserver://localhost:1433;connectRetryInterval=10;connectRetryCount=1;maxResultBuffer=-1;sendTemporalDataTypesAsStringForBulkCopy=true;delayLoadingLobs=true;useFmtOnly=false;cacheBulkCopyMetadata=false;useBulkCopyForBatchInsert=false;cancelQueryTimeout=-1;sslProtocol=TLS;calcBigDecimalPrecision=false;useDefaultJaasConfig=false;jaasConfigurationName=SQLJDBCDriver;statementPoolingCacheSize=0;serverPreparedStatementDiscardThreshold=10;enablePrepareOnFirstPreparedStatementCall=false;fips=false;socketTimeout=0;authentication=NotSpecified;authenticationScheme=nativeAuthentication;xopenStates=false;datetimeParameterType=datetime2;sendTimeAsDatetime=true;replication=false;trustStoreType=JKS;trustServerCertificate=true;TransparentNetworkIPResolution=true;iPAddressPreference=IPv4First;serverNameAsACE=false;sendStringParametersAsUnicode=true;selectMethod=direct;responseBuffering=adaptive;queryTimeout=-1;packetSize=8000;multiSubnetFailover=false;loginTimeout=30;lockTimeout=-1;lastUpdateCount=true;useFlexibleCallableStatements=true;useDefaultGSSCredential=false;prepareMethod=prepexec;encrypt=true;disableStatementPooling=true;databaseName=students_management;columnEncryptionSetting=Disabled;applicationName=Microsoft JDBC Driver for SQL Server;applicationIntent=readwrite;]
	Database driver: Microsoft JDBC Driver 12.8 for SQL Server
	Database dialect: SQLServerDialect
	Database version: 16.0
	Default catalog/schema: students_management/dbo
	Autocommit mode: undefined/unknown
	Isolation level: READ_COMMITTED [default READ_COMMITTED]
	JDBC fetch size: 128
	Pool: DataSourceConnectionProvider
	Minimum pool size: undefined/unknown
	Maximum pool size: undefined/unknown
2026-08-12 09:17:50 [] [] [] INFO  - HHH000489: No JTA platform available (set 'hibernate.transaction.jta.platform' to enable JTA platform integration)
2026-08-12 09:17:50 [] [] [] INFO  - Initialized JPA EntityManagerFactory for persistence unit 'default'
2026-08-12 09:17:50 [] [] [] INFO  - Hibernate is in classpath; If applicable, HQL parser will be used.
2026-08-12 09:17:51 [] [] [] INFO  - Global AuthenticationManager configured with UserDetailsService bean with name customUserDetailsService
2026-08-12 09:20:57 [] [] [] INFO  - Starting ProtocolHandler ["http-nio-8080"]
2026-08-12 09:20:57 [] [] [] INFO  - Tomcat started on port 8080 (http) with context path '/'
2026-08-12 09:21:00 [] [] [] INFO  - Started StudentManagementApplication in 211.518 seconds (process running for 211.852)
2026-08-12 09:21:09 [] [] [] INFO  - Initializing Spring DispatcherServlet 'dispatcherServlet'
2026-08-12 09:21:09 [] [] [] INFO  - Initializing Servlet 'dispatcherServlet'
2026-08-12 09:25:15 [] [] [] INFO  - Completed initialization in 245453 ms
2026-08-12 09:25:15 [] [] [] INFO  - Commencing graceful shutdown. Waiting for active requests to complete
2026-08-12 09:25:15 [AFC571C2] [POST /api/telegram/send] [73ms] INFO  - Request completed - status=200
2026-08-12 09:25:15 [] [] [] INFO  - Graceful shutdown complete
2026-08-12 09:25:15 [] [] [] INFO  - Closing JPA EntityManagerFactory for persistence unit 'default'
2026-08-12 09:25:15 [] [] [] INFO  - HikariPool-1 - Shutdown initiated...
2026-08-12 09:25:15 [] [] [] INFO  - HikariPool-1 - Shutdown completed.
2026-08-12 09:26:02 [] [] [] INFO  - Starting StudentManagementApplication using Java 26.0.2 with PID 40477 (/Users/ewent/Documents/Programmer/Java (Spring boot)/StudentManagement/StudentManagement/target/classes started by ewent in /Users/ewent/Documents/Programmer/Java (Spring boot)/StudentManagement/StudentManagement)
2026-08-12 09:26:02 [] [] [] INFO  - No active profile set, falling back to 1 default profile: "default"
2026-08-12 09:26:02 [] [] [] INFO  - HV000001: Hibernate Validator 9.1.0.Final
2026-08-12 09:26:28 [] [] [] INFO  - Multiple Spring Data modules found, entering strict repository configuration mode
2026-08-12 09:26:28 [] [] [] INFO  - Bootstrapping Spring Data JPA repositories in DEFAULT mode.
2026-08-12 09:26:29 [] [] [] INFO  - Finished Spring Data repository scanning in 69 ms. Found 2 JPA repository interfaces.
2026-08-12 09:26:29 [] [] [] INFO  - Multiple Spring Data modules found, entering strict repository configuration mode
2026-08-12 09:26:29 [] [] [] INFO  - Bootstrapping Spring Data Redis repositories in DEFAULT mode.
2026-08-12 09:26:29 [] [] [] INFO  - Spring Data Redis - Could not safely identify store assignment for repository candidate interface com.example.studentsmanagement.Repository.StudentRepository; If you want this repository to be a Redis repository, consider annotating your entities with one of these annotations: org.springframework.data.redis.core.RedisHash (preferred), or consider extending one of the following types with your repository: org.springframework.data.keyvalue.repository.KeyValueRepository
2026-08-12 09:26:29 [] [] [] INFO  - Spring Data Redis - Could not safely identify store assignment for repository candidate interface com.example.studentsmanagement.Repository.UserRepository; If you want this repository to be a Redis repository, consider annotating your entities with one of these annotations: org.springframework.data.redis.core.RedisHash (preferred), or consider extending one of the following types with your repository: org.springframework.data.keyvalue.repository.KeyValueRepository
2026-08-12 09:26:29 [] [] [] INFO  - Finished Spring Data repository scanning in 2 ms. Found 0 Redis repository interfaces.
2026-08-12 09:26:29 [] [] [] INFO  - BeanFactory id=ec73950e-fa5b-3cb2-b44f-e857e89d494b
2026-08-12 09:26:29 [] [] [] INFO  - Tomcat initialized with port 8080 (http)
2026-08-12 09:26:29 [] [] [] INFO  - Root WebApplicationContext: initialization completed in 26745 ms
2026-08-12 09:26:29 [] [] [] INFO  - HHH008540: Processing PersistenceUnitInfo [name: default]
2026-08-12 09:26:29 [] [] [] INFO  - HHH000001: Hibernate ORM core version 7.4.1.Final
2026-08-12 09:26:30 [] [] [] INFO  - No LoadTimeWeaver setup: ignoring JPA class transformer
2026-08-12 09:26:30 [] [] [] INFO  - HikariPool-1 - Starting...
2026-08-12 09:26:30 [] [] [] INFO  - HikariPool-1 - Added connection ConnectionID:1 ClientConnectionId: bb7f5c49-e369-434d-b1f4-8fce547a4055
2026-08-12 09:26:30 [] [] [] INFO  - HikariPool-1 - Start completed.
2026-08-12 09:26:31 [] [] [] INFO  - HHH10001005: Database info:
	Database JDBC URL [jdbc:sqlserver://localhost:1433;connectRetryInterval=10;connectRetryCount=1;maxResultBuffer=-1;sendTemporalDataTypesAsStringForBulkCopy=true;delayLoadingLobs=true;useFmtOnly=false;cacheBulkCopyMetadata=false;useBulkCopyForBatchInsert=false;cancelQueryTimeout=-1;sslProtocol=TLS;calcBigDecimalPrecision=false;useDefaultJaasConfig=false;jaasConfigurationName=SQLJDBCDriver;statementPoolingCacheSize=0;serverPreparedStatementDiscardThreshold=10;enablePrepareOnFirstPreparedStatementCall=false;fips=false;socketTimeout=0;authentication=NotSpecified;authenticationScheme=nativeAuthentication;xopenStates=false;datetimeParameterType=datetime2;sendTimeAsDatetime=true;replication=false;trustStoreType=JKS;trustServerCertificate=true;TransparentNetworkIPResolution=true;iPAddressPreference=IPv4First;serverNameAsACE=false;sendStringParametersAsUnicode=true;selectMethod=direct;responseBuffering=adaptive;queryTimeout=-1;packetSize=8000;multiSubnetFailover=false;loginTimeout=30;lockTimeout=-1;lastUpdateCount=true;useFlexibleCallableStatements=true;useDefaultGSSCredential=false;prepareMethod=prepexec;encrypt=true;disableStatementPooling=true;databaseName=students_management;columnEncryptionSetting=Disabled;applicationName=Microsoft JDBC Driver for SQL Server;applicationIntent=readwrite;]
	Database driver: Microsoft JDBC Driver 12.8 for SQL Server
	Database dialect: SQLServerDialect
	Database version: 16.0
	Default catalog/schema: students_management/dbo
	Autocommit mode: undefined/unknown
	Isolation level: READ_COMMITTED [default READ_COMMITTED]
	JDBC fetch size: 128
	Pool: DataSourceConnectionProvider
	Minimum pool size: undefined/unknown
	Maximum pool size: undefined/unknown
2026-08-12 09:26:31 [] [] [] INFO  - HHH000489: No JTA platform available (set 'hibernate.transaction.jta.platform' to enable JTA platform integration)
2026-08-12 09:26:31 [] [] [] INFO  - Initialized JPA EntityManagerFactory for persistence unit 'default'
2026-08-12 09:26:31 [] [] [] INFO  - Hibernate is in classpath; If applicable, HQL parser will be used.
2026-08-12 09:26:32 [] [] [] INFO  - Global AuthenticationManager configured with UserDetailsService bean with name customUserDetailsService
2026-08-12 09:26:32 [] [] [] INFO  - Tomcat started on port 8080 (http) with context path '/'
2026-08-12 09:26:32 [] [] [] INFO  - Started StudentManagementApplication in 30.341 seconds (process running for 30.839)
2026-08-12 09:26:32 [] [] [] INFO  - Commencing graceful shutdown. Waiting for active requests to complete
2026-08-12 09:26:32 [] [] [] INFO  - Graceful shutdown complete
2026-08-12 09:26:32 [] [] [] INFO  - Closing JPA EntityManagerFactory for persistence unit 'default'
2026-08-12 09:26:32 [] [] [] INFO  - HikariPool-1 - Shutdown initiated...
2026-08-12 09:26:32 [] [] [] INFO  - HikariPool-1 - Shutdown completed.
2026-08-12 09:27:08 [] [] [] INFO  - Starting StudentManagementApplication using Java 26.0.2 with PID 40604 (/Users/ewent/Documents/Programmer/Java (Spring boot)/StudentManagement/StudentManagement/target/classes started by ewent in /Users/ewent/Documents/Programmer/Java (Spring boot)/StudentManagement/StudentManagement)
2026-08-12 09:27:08 [] [] [] INFO  - No active profile set, falling back to 1 default profile: "default"
2026-08-12 09:27:08 [] [] [] INFO  - HV000001: Hibernate Validator 9.1.0.Final
2026-08-12 09:29:57 [] [] [] INFO  - Multiple Spring Data modules found, entering strict repository configuration mode
2026-08-12 09:29:57 [] [] [] INFO  - Bootstrapping Spring Data JPA repositories in DEFAULT mode.
2026-08-12 09:29:57 [] [] [] INFO  - Finished Spring Data repository scanning in 92 ms. Found 2 JPA repository interfaces.
2026-08-12 09:29:57 [] [] [] INFO  - Multiple Spring Data modules found, entering strict repository configuration mode
2026-08-12 09:29:57 [] [] [] INFO  - Bootstrapping Spring Data Redis repositories in DEFAULT mode.
2026-08-12 09:29:57 [] [] [] INFO  - Spring Data Redis - Could not safely identify store assignment for repository candidate interface com.example.studentsmanagement.Repository.StudentRepository; If you want this repository to be a Redis repository, consider annotating your entities with one of these annotations: org.springframework.data.redis.core.RedisHash (preferred), or consider extending one of the following types with your repository: org.springframework.data.keyvalue.repository.KeyValueRepository
2026-08-12 09:29:57 [] [] [] INFO  - Spring Data Redis - Could not safely identify store assignment for repository candidate interface com.example.studentsmanagement.Repository.UserRepository; If you want this repository to be a Redis repository, consider annotating your entities with one of these annotations: org.springframework.data.redis.core.RedisHash (preferred), or consider extending one of the following types with your repository: org.springframework.data.keyvalue.repository.KeyValueRepository
2026-08-12 09:29:57 [] [] [] INFO  - Finished Spring Data repository scanning in 4 ms. Found 0 Redis repository interfaces.
2026-08-12 09:29:57 [] [] [] INFO  - BeanFactory id=1f25a1f4-c0b2-3d01-b3a6-9b89f385c440
2026-08-12 09:29:57 [] [] [] INFO  - Tomcat initialized with port 8080 (http)
2026-08-12 09:29:58 [] [] [] INFO  - Root WebApplicationContext: initialization completed in 169453 ms
2026-08-12 09:29:58 [] [] [] INFO  - HHH008540: Processing PersistenceUnitInfo [name: default]
2026-08-12 09:29:58 [] [] [] INFO  - HHH000001: Hibernate ORM core version 7.4.1.Final
2026-08-12 09:29:58 [] [] [] INFO  - No LoadTimeWeaver setup: ignoring JPA class transformer
2026-08-12 09:29:58 [] [] [] INFO  - HikariPool-1 - Starting...
2026-08-12 09:29:58 [] [] [] INFO  - HikariPool-1 - Added connection ConnectionID:1 ClientConnectionId: 01251b78-1dc2-4dd8-8253-9784af2f231c
2026-08-12 09:29:58 [] [] [] INFO  - HikariPool-1 - Start completed.
2026-08-12 09:29:59 [] [] [] INFO  - HHH10001005: Database info:
	Database JDBC URL [jdbc:sqlserver://localhost:1433;connectRetryInterval=10;connectRetryCount=1;maxResultBuffer=-1;sendTemporalDataTypesAsStringForBulkCopy=true;delayLoadingLobs=true;useFmtOnly=false;cacheBulkCopyMetadata=false;useBulkCopyForBatchInsert=false;cancelQueryTimeout=-1;sslProtocol=TLS;calcBigDecimalPrecision=false;useDefaultJaasConfig=false;jaasConfigurationName=SQLJDBCDriver;statementPoolingCacheSize=0;serverPreparedStatementDiscardThreshold=10;enablePrepareOnFirstPreparedStatementCall=false;fips=false;socketTimeout=0;authentication=NotSpecified;authenticationScheme=nativeAuthentication;xopenStates=false;datetimeParameterType=datetime2;sendTimeAsDatetime=true;replication=false;trustStoreType=JKS;trustServerCertificate=true;TransparentNetworkIPResolution=true;iPAddressPreference=IPv4First;serverNameAsACE=false;sendStringParametersAsUnicode=true;selectMethod=direct;responseBuffering=adaptive;queryTimeout=-1;packetSize=8000;multiSubnetFailover=false;loginTimeout=30;lockTimeout=-1;lastUpdateCount=true;useFlexibleCallableStatements=true;useDefaultGSSCredential=false;prepareMethod=prepexec;encrypt=true;disableStatementPooling=true;databaseName=students_management;columnEncryptionSetting=Disabled;applicationName=Microsoft JDBC Driver for SQL Server;applicationIntent=readwrite;]
	Database driver: Microsoft JDBC Driver 12.8 for SQL Server
	Database dialect: SQLServerDialect
	Database version: 16.0
	Default catalog/schema: students_management/dbo
	Autocommit mode: undefined/unknown
	Isolation level: READ_COMMITTED [default READ_COMMITTED]
	JDBC fetch size: 128
	Pool: DataSourceConnectionProvider
	Minimum pool size: undefined/unknown
	Maximum pool size: undefined/unknown
2026-08-12 09:30:00 [] [] [] INFO  - HHH000489: No JTA platform available (set 'hibernate.transaction.jta.platform' to enable JTA platform integration)
2026-08-12 09:30:00 [] [] [] INFO  - Initialized JPA EntityManagerFactory for persistence unit 'default'
2026-08-12 09:30:00 [] [] [] INFO  - Hibernate is in classpath; If applicable, HQL parser will be used.
2026-08-12 09:30:01 [] [] [] INFO  - Global AuthenticationManager configured with UserDetailsService bean with name customUserDetailsService
2026-08-12 09:30:02 [] [] [] INFO  - Closing JPA EntityManagerFactory for persistence unit 'default'
2026-08-12 09:30:02 [] [] [] INFO  - HikariPool-1 - Shutdown initiated...
2026-08-12 09:30:02 [] [] [] INFO  - HikariPool-1 - Shutdown completed.
2026-08-12 09:33:02 [] [] [] INFO  - Starting StudentManagementApplication using Java 26.0.2 with PID 40932 (/Users/ewent/Documents/Programmer/Java (Spring boot)/StudentManagement/StudentManagement/target/classes started by ewent in /Users/ewent/Documents/Programmer/Java (Spring boot)/StudentManagement/StudentManagement)
2026-08-12 09:33:02 [] [] [] INFO  - No active profile set, falling back to 1 default profile: "default"
2026-08-12 09:33:02 [] [] [] INFO  - HV000001: Hibernate Validator 9.1.0.Final
2026-08-12 09:33:03 [] [] [] INFO  - Multiple Spring Data modules found, entering strict repository configuration mode
2026-08-12 09:33:03 [] [] [] INFO  - Bootstrapping Spring Data JPA repositories in DEFAULT mode.
2026-08-12 09:33:03 [] [] [] INFO  - Finished Spring Data repository scanning in 54 ms. Found 2 JPA repository interfaces.
2026-08-12 09:33:03 [] [] [] INFO  - Multiple Spring Data modules found, entering strict repository configuration mode
2026-08-12 09:33:03 [] [] [] INFO  - Bootstrapping Spring Data Redis repositories in DEFAULT mode.
2026-08-12 09:33:03 [] [] [] INFO  - Spring Data Redis - Could not safely identify store assignment for repository candidate interface com.example.studentsmanagement.Repository.StudentRepository; If you want this repository to be a Redis repository, consider annotating your entities with one of these annotations: org.springframework.data.redis.core.RedisHash (preferred), or consider extending one of the following types with your repository: org.springframework.data.keyvalue.repository.KeyValueRepository
2026-08-12 09:33:03 [] [] [] INFO  - Spring Data Redis - Could not safely identify store assignment for repository candidate interface com.example.studentsmanagement.Repository.UserRepository; If you want this repository to be a Redis repository, consider annotating your entities with one of these annotations: org.springframework.data.redis.core.RedisHash (preferred), or consider extending one of the following types with your repository: org.springframework.data.keyvalue.repository.KeyValueRepository
2026-08-12 09:33:03 [] [] [] INFO  - Finished Spring Data repository scanning in 3 ms. Found 0 Redis repository interfaces.
2026-08-12 09:33:03 [] [] [] INFO  - BeanFactory id=1f25a1f4-c0b2-3d01-b3a6-9b89f385c440
2026-08-12 09:33:03 [] [] [] INFO  - Tomcat initialized with port 8080 (http)
2026-08-12 09:33:03 [] [] [] INFO  - Initializing ProtocolHandler ["http-nio-8080"]
2026-08-12 09:33:03 [] [] [] INFO  - Starting service [Tomcat]
2026-08-12 09:33:03 [] [] [] INFO  - Starting Servlet engine: [Apache Tomcat/11.0.22]
2026-08-12 09:33:03 [] [] [] INFO  - Root WebApplicationContext: initialization completed in 663 ms
2026-08-12 09:33:03 [] [] [] INFO  - HHH008540: Processing PersistenceUnitInfo [name: default]
2026-08-12 09:33:03 [] [] [] INFO  - HHH000001: Hibernate ORM core version 7.4.1.Final
2026-08-12 09:33:03 [] [] [] INFO  - No LoadTimeWeaver setup: ignoring JPA class transformer
2026-08-12 09:33:03 [] [] [] INFO  - HikariPool-1 - Starting...
2026-08-12 09:33:03 [] [] [] INFO  - HikariPool-1 - Added connection ConnectionID:1 ClientConnectionId: 3a14df07-c90d-440a-88ba-e357c5adc741
2026-08-12 09:33:03 [] [] [] INFO  - HikariPool-1 - Start completed.
2026-08-12 09:33:03 [] [] [] INFO  - HHH10001005: Database info:
	Database JDBC URL [jdbc:sqlserver://localhost:1433;connectRetryInterval=10;connectRetryCount=1;maxResultBuffer=-1;sendTemporalDataTypesAsStringForBulkCopy=true;delayLoadingLobs=true;useFmtOnly=false;cacheBulkCopyMetadata=false;useBulkCopyForBatchInsert=false;cancelQueryTimeout=-1;sslProtocol=TLS;calcBigDecimalPrecision=false;useDefaultJaasConfig=false;jaasConfigurationName=SQLJDBCDriver;statementPoolingCacheSize=0;serverPreparedStatementDiscardThreshold=10;enablePrepareOnFirstPreparedStatementCall=false;fips=false;socketTimeout=0;authentication=NotSpecified;authenticationScheme=nativeAuthentication;xopenStates=false;datetimeParameterType=datetime2;sendTimeAsDatetime=true;replication=false;trustStoreType=JKS;trustServerCertificate=true;TransparentNetworkIPResolution=true;iPAddressPreference=IPv4First;serverNameAsACE=false;sendStringParametersAsUnicode=true;selectMethod=direct;responseBuffering=adaptive;queryTimeout=-1;packetSize=8000;multiSubnetFailover=false;loginTimeout=30;lockTimeout=-1;lastUpdateCount=true;useFlexibleCallableStatements=true;useDefaultGSSCredential=false;prepareMethod=prepexec;encrypt=true;disableStatementPooling=true;databaseName=students_management;columnEncryptionSetting=Disabled;applicationName=Microsoft JDBC Driver for SQL Server;applicationIntent=readwrite;]
	Database driver: Microsoft JDBC Driver 12.8 for SQL Server
	Database dialect: SQLServerDialect
	Database version: 16.0
	Default catalog/schema: students_management/dbo
	Autocommit mode: undefined/unknown
	Isolation level: READ_COMMITTED [default READ_COMMITTED]
	JDBC fetch size: 128
	Pool: DataSourceConnectionProvider
	Minimum pool size: undefined/unknown
	Maximum pool size: undefined/unknown
2026-08-12 09:33:04 [] [] [] INFO  - HHH000489: No JTA platform available (set 'hibernate.transaction.jta.platform' to enable JTA platform integration)
2026-08-12 09:33:04 [] [] [] INFO  - Initialized JPA EntityManagerFactory for persistence unit 'default'
2026-08-12 09:33:04 [] [] [] INFO  - Hibernate is in classpath; If applicable, HQL parser will be used.
2026-08-12 09:33:04 [] [] [] INFO  - Global AuthenticationManager configured with UserDetailsService bean with name customUserDetailsService
2026-08-12 09:33:05 [] [] [] INFO  - Closing JPA EntityManagerFactory for persistence unit 'default'
2026-08-12 09:33:05 [] [] [] INFO  - HikariPool-1 - Shutdown initiated...
2026-08-12 09:33:05 [] [] [] INFO  - HikariPool-1 - Shutdown completed.
2026-08-12 09:33:05 [] [] [] INFO  - Stopping service [Tomcat]
2026-08-12 09:33:05 [] [] [] INFO  - 

Error starting ApplicationContext. To display the condition evaluation report re-run your application with 'debug' enabled.
2026-08-12 09:33:54 [] [] [] INFO  - Starting StudentManagementApplication using Java 26.0.2 with PID 40992 (/Users/ewent/Documents/Programmer/Java (Spring boot)/StudentManagement/StudentManagement/target/classes started by ewent in /Users/ewent/Documents/Programmer/Java (Spring boot)/StudentManagement/StudentManagement)
2026-08-12 09:33:54 [] [] [] INFO  - No active profile set, falling back to 1 default profile: "default"
2026-08-12 09:33:54 [] [] [] INFO  - HV000001: Hibernate Validator 9.1.0.Final
2026-08-12 09:33:54 [] [] [] INFO  - Multiple Spring Data modules found, entering strict repository configuration mode
2026-08-12 09:33:54 [] [] [] INFO  - Bootstrapping Spring Data JPA repositories in DEFAULT mode.
2026-08-12 09:33:54 [] [] [] INFO  - Finished Spring Data repository scanning in 54 ms. Found 2 JPA repository interfaces.
2026-08-12 09:33:54 [] [] [] INFO  - Multiple Spring Data modules found, entering strict repository configuration mode
2026-08-12 09:33:54 [] [] [] INFO  - Bootstrapping Spring Data Redis repositories in DEFAULT mode.
2026-08-12 09:33:54 [] [] [] INFO  - Spring Data Redis - Could not safely identify store assignment for repository candidate interface com.example.studentsmanagement.Repository.StudentRepository; If you want this repository to be a Redis repository, consider annotating your entities with one of these annotations: org.springframework.data.redis.core.RedisHash (preferred), or consider extending one of the following types with your repository: org.springframework.data.keyvalue.repository.KeyValueRepository
2026-08-12 09:33:54 [] [] [] INFO  - Spring Data Redis - Could not safely identify store assignment for repository candidate interface com.example.studentsmanagement.Repository.UserRepository; If you want this repository to be a Redis repository, consider annotating your entities with one of these annotations: org.springframework.data.redis.core.RedisHash (preferred), or consider extending one of the following types with your repository: org.springframework.data.keyvalue.repository.KeyValueRepository
2026-08-12 09:33:54 [] [] [] INFO  - Finished Spring Data repository scanning in 3 ms. Found 0 Redis repository interfaces.
2026-08-12 09:33:54 [] [] [] INFO  - BeanFactory id=5787b8bf-023b-3546-86b4-cc465c27418f
2026-08-12 09:33:54 [] [] [] INFO  - Tomcat initialized with port 8080 (http)
2026-08-12 09:33:54 [] [] [] INFO  - Initializing ProtocolHandler ["http-nio-8080"]
2026-08-12 09:33:54 [] [] [] INFO  - Starting service [Tomcat]
2026-08-12 09:33:54 [] [] [] INFO  - Starting Servlet engine: [Apache Tomcat/11.0.22]
2026-08-12 09:33:54 [] [] [] INFO  - Root WebApplicationContext: initialization completed in 633 ms
2026-08-12 09:33:54 [] [] [] INFO  - HHH008540: Processing PersistenceUnitInfo [name: default]
2026-08-12 09:33:54 [] [] [] INFO  - HHH000001: Hibernate ORM core version 7.4.1.Final
2026-08-12 09:33:54 [] [] [] INFO  - No LoadTimeWeaver setup: ignoring JPA class transformer
2026-08-12 09:33:55 [] [] [] INFO  - HikariPool-1 - Starting...
2026-08-12 09:33:55 [] [] [] INFO  - HikariPool-1 - Added connection ConnectionID:1 ClientConnectionId: 722f38a3-ee4a-4a4b-b953-58fccab9b245
2026-08-12 09:33:55 [] [] [] INFO  - HikariPool-1 - Start completed.
2026-08-12 09:33:55 [] [] [] INFO  - HHH10001005: Database info:
	Database JDBC URL [jdbc:sqlserver://localhost:1433;connectRetryInterval=10;connectRetryCount=1;maxResultBuffer=-1;sendTemporalDataTypesAsStringForBulkCopy=true;delayLoadingLobs=true;useFmtOnly=false;cacheBulkCopyMetadata=false;useBulkCopyForBatchInsert=false;cancelQueryTimeout=-1;sslProtocol=TLS;calcBigDecimalPrecision=false;useDefaultJaasConfig=false;jaasConfigurationName=SQLJDBCDriver;statementPoolingCacheSize=0;serverPreparedStatementDiscardThreshold=10;enablePrepareOnFirstPreparedStatementCall=false;fips=false;socketTimeout=0;authentication=NotSpecified;authenticationScheme=nativeAuthentication;xopenStates=false;datetimeParameterType=datetime2;sendTimeAsDatetime=true;replication=false;trustStoreType=JKS;trustServerCertificate=true;TransparentNetworkIPResolution=true;iPAddressPreference=IPv4First;serverNameAsACE=false;sendStringParametersAsUnicode=true;selectMethod=direct;responseBuffering=adaptive;queryTimeout=-1;packetSize=8000;multiSubnetFailover=false;loginTimeout=30;lockTimeout=-1;lastUpdateCount=true;useFlexibleCallableStatements=true;useDefaultGSSCredential=false;prepareMethod=prepexec;encrypt=true;disableStatementPooling=true;databaseName=students_management;columnEncryptionSetting=Disabled;applicationName=Microsoft JDBC Driver for SQL Server;applicationIntent=readwrite;]
	Database driver: Microsoft JDBC Driver 12.8 for SQL Server
	Database dialect: SQLServerDialect
	Database version: 16.0
	Default catalog/schema: students_management/dbo
	Autocommit mode: undefined/unknown
	Isolation level: READ_COMMITTED [default READ_COMMITTED]
	JDBC fetch size: 128
	Pool: DataSourceConnectionProvider
	Minimum pool size: undefined/unknown
	Maximum pool size: undefined/unknown
2026-08-12 09:33:55 [] [] [] INFO  - HHH000489: No JTA platform available (set 'hibernate.transaction.jta.platform' to enable JTA platform integration)
2026-08-12 09:33:55 [] [] [] INFO  - Initialized JPA EntityManagerFactory for persistence unit 'default'
2026-08-12 09:33:55 [] [] [] INFO  - Hibernate is in classpath; If applicable, HQL parser will be used.
2026-08-12 09:33:55 [] [] [] INFO  - Global AuthenticationManager configured with UserDetailsService bean with name customUserDetailsService
2026-08-12 09:33:56 [] [] [] INFO  - Starting ProtocolHandler ["http-nio-8080"]
2026-08-12 09:33:56 [] [] [] INFO  - Tomcat started on port 8080 (http) with context path '/'
2026-08-12 09:33:56 [] [] [] INFO  - Started StudentManagementApplication in 2.483 seconds (process running for 2.714)
2026-08-12 09:34:02 [] [] [] INFO  - Initializing Spring DispatcherServlet 'dispatcherServlet'
2026-08-12 09:34:02 [] [] [] INFO  - Initializing Servlet 'dispatcherServlet'
2026-08-12 09:34:02 [] [] [] INFO  - Completed initialization in 1 ms
2026-08-12 09:34:02 [7DDEE042] [POST /api/telegram/send] [49ms] INFO  - Request completed - status=200
2026-08-12 09:34:06 [8C32A45D] [POST /api/telegram/send] [1ms] INFO  - Request completed - status=200
2026-08-12 09:34:16 [BEA8261F] [POST /auth/login] [1ms] INFO  - === No valid Bearer header, skipping auth
2026-08-12 09:34:17 [BEA8261F] [POST /auth/login] [560ms] INFO  - Request completed - status=200
2026-08-12 09:34:23 [3F79F19B] [POST /api/telegram/send] [20ms] INFO  - === Extracted username: freshAdmin7
2026-08-12 09:34:23 [3F79F19B] [POST /api/telegram/send] [78ms] INFO  - === Loaded userDetails: {"userInfo":{"id":8,"password":"$2a$10$9Y2El.fRpjCcIkA.WT5W5eXd5XoLmTUAn.8brntWDnWd1LjnqlzWe","role":"Admin","username":"freshAdmin7"},"accountNonExpired":true,"accountNonLocked":true,"authorities":[{"authority":"ROLE_Admin"}],"credentialsNonExpired":true,"enabled":true,"password":"$2a$10$9Y2El.fRpjCcIkA.WT5W5eXd5XoLmTUAn.8brntWDnWd1LjnqlzWe","username":"freshAdmin7"}
2026-08-12 09:34:23 [3F79F19B] [POST /api/telegram/send] [79ms] INFO  - === Token valid? true
2026-08-12 09:34:23 [3F79F19B] [POST /api/telegram/send] [79ms] INFO  - === Authentication SET in context
2026-08-12 09:34:24 [3F79F19B] [POST /api/telegram/send] [1174ms] INFO  - Request completed - status=200
2026-08-12 09:35:45 [] [] [] INFO  - Commencing graceful shutdown. Waiting for active requests to complete
2026-08-12 09:35:45 [] [] [] INFO  - Graceful shutdown complete
2026-08-12 09:35:45 [] [] [] INFO  - Closing JPA EntityManagerFactory for persistence unit 'default'
2026-08-12 09:35:45 [] [] [] INFO  - HikariPool-1 - Shutdown initiated...
2026-08-12 09:35:45 [] [] [] INFO  - HikariPool-1 - Shutdown completed.
2026-08-12 09:35:49 [] [] [] INFO  - Starting StudentManagementApplication using Java 26.0.2 with PID 41094 (/Users/ewent/Documents/Programmer/Java (Spring boot)/StudentManagement/StudentManagement/target/classes started by ewent in /Users/ewent/Documents/Programmer/Java (Spring boot)/StudentManagement/StudentManagement)
2026-08-12 09:35:49 [] [] [] INFO  - No active profile set, falling back to 1 default profile: "default"
2026-08-12 09:35:49 [] [] [] INFO  - HV000001: Hibernate Validator 9.1.0.Final
2026-08-12 09:37:16 [] [] [] INFO  - Multiple Spring Data modules found, entering strict repository configuration mode
2026-08-12 09:37:16 [] [] [] INFO  - Bootstrapping Spring Data JPA repositories in DEFAULT mode.
2026-08-12 09:37:16 [] [] [] INFO  - Finished Spring Data repository scanning in 56 ms. Found 2 JPA repository interfaces.
2026-08-12 09:37:16 [] [] [] INFO  - Multiple Spring Data modules found, entering strict repository configuration mode
2026-08-12 09:37:16 [] [] [] INFO  - Bootstrapping Spring Data Redis repositories in DEFAULT mode.
2026-08-12 09:37:16 [] [] [] INFO  - Spring Data Redis - Could not safely identify store assignment for repository candidate interface com.example.studentsmanagement.Repository.StudentRepository; If you want this repository to be a Redis repository, consider annotating your entities with one of these annotations: org.springframework.data.redis.core.RedisHash (preferred), or consider extending one of the following types with your repository: org.springframework.data.keyvalue.repository.KeyValueRepository
2026-08-12 09:37:16 [] [] [] INFO  - Spring Data Redis - Could not safely identify store assignment for repository candidate interface com.example.studentsmanagement.Repository.UserRepository; If you want this repository to be a Redis repository, consider annotating your entities with one of these annotations: org.springframework.data.redis.core.RedisHash (preferred), or consider extending one of the following types with your repository: org.springframework.data.keyvalue.repository.KeyValueRepository
2026-08-12 09:37:16 [] [] [] INFO  - Finished Spring Data repository scanning in 4 ms. Found 0 Redis repository interfaces.
2026-08-12 09:37:16 [] [] [] INFO  - BeanFactory id=5787b8bf-023b-3546-86b4-cc465c27418f
2026-08-12 09:37:16 [] [] [] INFO  - Tomcat initialized with port 8080 (http)
2026-08-12 09:37:16 [] [] [] INFO  - Root WebApplicationContext: initialization completed in 87931 ms
2026-08-12 09:37:17 [] [] [] INFO  - HHH008540: Processing PersistenceUnitInfo [name: default]
2026-08-12 09:37:17 [] [] [] INFO  - HHH000001: Hibernate ORM core version 7.4.1.Final
2026-08-12 09:37:17 [] [] [] INFO  - No LoadTimeWeaver setup: ignoring JPA class transformer
2026-08-12 09:37:17 [] [] [] INFO  - HikariPool-1 - Starting...
2026-08-12 09:37:17 [] [] [] INFO  - HikariPool-1 - Added connection ConnectionID:1 ClientConnectionId: 07e41bd0-ab0b-4f64-840d-5cb33b55f281
2026-08-12 09:37:17 [] [] [] INFO  - HikariPool-1 - Start completed.
2026-08-12 09:37:17 [] [] [] INFO  - HHH10001005: Database info:
	Database JDBC URL [jdbc:sqlserver://localhost:1433;connectRetryInterval=10;connectRetryCount=1;maxResultBuffer=-1;sendTemporalDataTypesAsStringForBulkCopy=true;delayLoadingLobs=true;useFmtOnly=false;cacheBulkCopyMetadata=false;useBulkCopyForBatchInsert=false;cancelQueryTimeout=-1;sslProtocol=TLS;calcBigDecimalPrecision=false;useDefaultJaasConfig=false;jaasConfigurationName=SQLJDBCDriver;statementPoolingCacheSize=0;serverPreparedStatementDiscardThreshold=10;enablePrepareOnFirstPreparedStatementCall=false;fips=false;socketTimeout=0;authentication=NotSpecified;authenticationScheme=nativeAuthentication;xopenStates=false;datetimeParameterType=datetime2;sendTimeAsDatetime=true;replication=false;trustStoreType=JKS;trustServerCertificate=true;TransparentNetworkIPResolution=true;iPAddressPreference=IPv4First;serverNameAsACE=false;sendStringParametersAsUnicode=true;selectMethod=direct;responseBuffering=adaptive;queryTimeout=-1;packetSize=8000;multiSubnetFailover=false;loginTimeout=30;lockTimeout=-1;lastUpdateCount=true;useFlexibleCallableStatements=true;useDefaultGSSCredential=false;prepareMethod=prepexec;encrypt=true;disableStatementPooling=true;databaseName=students_management;columnEncryptionSetting=Disabled;applicationName=Microsoft JDBC Driver for SQL Server;applicationIntent=readwrite;]
	Database driver: Microsoft JDBC Driver 12.8 for SQL Server
	Database dialect: SQLServerDialect
	Database version: 16.0
	Default catalog/schema: students_management/dbo
	Autocommit mode: undefined/unknown
	Isolation level: READ_COMMITTED [default READ_COMMITTED]
	JDBC fetch size: 128
	Pool: DataSourceConnectionProvider
	Minimum pool size: undefined/unknown
	Maximum pool size: undefined/unknown
2026-08-12 09:37:17 [] [] [] INFO  - HHH000489: No JTA platform available (set 'hibernate.transaction.jta.platform' to enable JTA platform integration)
2026-08-12 09:37:17 [] [] [] INFO  - Initialized JPA EntityManagerFactory for persistence unit 'default'
2026-08-12 09:37:18 [] [] [] INFO  - Hibernate is in classpath; If applicable, HQL parser will be used.
2026-08-12 09:37:18 [] [] [] INFO  - Global AuthenticationManager configured with UserDetailsService bean with name customUserDetailsService
2026-08-12 09:37:52 [] [] [] INFO  - Starting StudentManagementApplication using Java 26.0.2 with PID 41186 (/Users/ewent/Documents/Programmer/Java (Spring boot)/StudentManagement/StudentManagement/target/classes started by ewent in /Users/ewent/Documents/Programmer/Java (Spring boot)/StudentManagement/StudentManagement)
2026-08-12 09:37:52 [] [] [] INFO  - No active profile set, falling back to 1 default profile: "default"
2026-08-12 09:37:52 [] [] [] INFO  - HV000001: Hibernate Validator 9.1.0.Final
2026-08-12 09:38:43 [] [] [] INFO  - Multiple Spring Data modules found, entering strict repository configuration mode
2026-08-12 09:38:43 [] [] [] INFO  - Bootstrapping Spring Data JPA repositories in DEFAULT mode.
2026-08-12 09:38:43 [] [] [] INFO  - Finished Spring Data repository scanning in 68 ms. Found 2 JPA repository interfaces.
2026-08-12 09:38:43 [] [] [] INFO  - Multiple Spring Data modules found, entering strict repository configuration mode
2026-08-12 09:38:43 [] [] [] INFO  - Bootstrapping Spring Data Redis repositories in DEFAULT mode.
2026-08-12 09:38:43 [] [] [] INFO  - Spring Data Redis - Could not safely identify store assignment for repository candidate interface com.example.studentsmanagement.Repository.StudentRepository; If you want this repository to be a Redis repository, consider annotating your entities with one of these annotations: org.springframework.data.redis.core.RedisHash (preferred), or consider extending one of the following types with your repository: org.springframework.data.keyvalue.repository.KeyValueRepository
2026-08-12 09:38:43 [] [] [] INFO  - Spring Data Redis - Could not safely identify store assignment for repository candidate interface com.example.studentsmanagement.Repository.UserRepository; If you want this repository to be a Redis repository, consider annotating your entities with one of these annotations: org.springframework.data.redis.core.RedisHash (preferred), or consider extending one of the following types with your repository: org.springframework.data.keyvalue.repository.KeyValueRepository
2026-08-12 09:38:43 [] [] [] INFO  - Finished Spring Data repository scanning in 3 ms. Found 0 Redis repository interfaces.
2026-08-12 09:38:43 [] [] [] INFO  - BeanFactory id=1d4f5a66-3b9e-3274-ad5b-07b4335b30e4
2026-08-12 09:38:43 [] [] [] INFO  - Tomcat initialized with port 8080 (http)
2026-08-12 09:38:43 [] [] [] INFO  - Root WebApplicationContext: initialization completed in 50956 ms
2026-08-12 09:38:43 [] [] [] INFO  - HHH008540: Processing PersistenceUnitInfo [name: default]
2026-08-12 09:38:43 [] [] [] INFO  - HHH000001: Hibernate ORM core version 7.4.1.Final
2026-08-12 09:38:44 [] [] [] INFO  - No LoadTimeWeaver setup: ignoring JPA class transformer
2026-08-12 09:38:44 [] [] [] INFO  - HikariPool-1 - Starting...
2026-08-12 09:38:44 [] [] [] INFO  - HikariPool-1 - Added connection ConnectionID:1 ClientConnectionId: 2fba1d5e-b608-4fe3-85a6-9402cc2021bd
2026-08-12 09:38:44 [] [] [] INFO  - HikariPool-1 - Start completed.
2026-08-12 09:38:44 [] [] [] INFO  - HHH10001005: Database info:
	Database JDBC URL [jdbc:sqlserver://localhost:1433;connectRetryInterval=10;connectRetryCount=1;maxResultBuffer=-1;sendTemporalDataTypesAsStringForBulkCopy=true;delayLoadingLobs=true;useFmtOnly=false;cacheBulkCopyMetadata=false;useBulkCopyForBatchInsert=false;cancelQueryTimeout=-1;sslProtocol=TLS;calcBigDecimalPrecision=false;useDefaultJaasConfig=false;jaasConfigurationName=SQLJDBCDriver;statementPoolingCacheSize=0;serverPreparedStatementDiscardThreshold=10;enablePrepareOnFirstPreparedStatementCall=false;fips=false;socketTimeout=0;authentication=NotSpecified;authenticationScheme=nativeAuthentication;xopenStates=false;datetimeParameterType=datetime2;sendTimeAsDatetime=true;replication=false;trustStoreType=JKS;trustServerCertificate=true;TransparentNetworkIPResolution=true;iPAddressPreference=IPv4First;serverNameAsACE=false;sendStringParametersAsUnicode=true;selectMethod=direct;responseBuffering=adaptive;queryTimeout=-1;packetSize=8000;multiSubnetFailover=false;loginTimeout=30;lockTimeout=-1;lastUpdateCount=true;useFlexibleCallableStatements=true;useDefaultGSSCredential=false;prepareMethod=prepexec;encrypt=true;disableStatementPooling=true;databaseName=students_management;columnEncryptionSetting=Disabled;applicationName=Microsoft JDBC Driver for SQL Server;applicationIntent=readwrite;]
	Database driver: Microsoft JDBC Driver 12.8 for SQL Server
	Database dialect: SQLServerDialect
	Database version: 16.0
	Default catalog/schema: students_management/dbo
	Autocommit mode: undefined/unknown
	Isolation level: READ_COMMITTED [default READ_COMMITTED]
	JDBC fetch size: 128
	Pool: DataSourceConnectionProvider
	Minimum pool size: undefined/unknown
	Maximum pool size: undefined/unknown
2026-08-12 09:38:44 [] [] [] INFO  - HHH000489: No JTA platform available (set 'hibernate.transaction.jta.platform' to enable JTA platform integration)
2026-08-12 09:38:44 [] [] [] INFO  - Initialized JPA EntityManagerFactory for persistence unit 'default'
2026-08-12 09:38:44 [] [] [] INFO  - Hibernate is in classpath; If applicable, HQL parser will be used.
2026-08-12 09:38:45 [] [] [] INFO  - Global AuthenticationManager configured with UserDetailsService bean with name customUserDetailsService
2026-08-12 09:38:45 [] [] [] INFO  - Exposing 1 endpoint beneath base path '/actuator'
2026-08-12 09:38:45 [] [] [] INFO  - Tomcat started on port 8080 (http) with context path '/'
2026-08-12 09:38:45 [] [] [] INFO  - Started StudentManagementApplication in 53.349 seconds (process running for 54.151)
2026-08-12 09:38:45 [] [] [] INFO  - Commencing graceful shutdown. Waiting for active requests to complete
2026-08-12 09:38:45 [] [] [] INFO  - Graceful shutdown complete
2026-08-12 09:38:45 [] [] [] INFO  - Closing JPA EntityManagerFactory for persistence unit 'default'
2026-08-12 09:38:45 [] [] [] INFO  - HikariPool-1 - Shutdown initiated...
2026-08-12 09:38:45 [] [] [] INFO  - HikariPool-1 - Shutdown completed.
2026-08-12 09:39:40 [] [] [] INFO  - Starting StudentManagementApplication using Java 26.0.2 with PID 41489 (/Users/ewent/Documents/Programmer/Java (Spring boot)/StudentManagement/StudentManagement/target/classes started by ewent in /Users/ewent/Documents/Programmer/Java (Spring boot)/StudentManagement/StudentManagement)
2026-08-12 09:39:40 [] [] [] INFO  - No active profile set, falling back to 1 default profile: "default"
2026-08-12 09:39:40 [] [] [] INFO  - HV000001: Hibernate Validator 9.1.0.Final
2026-08-12 09:41:15 [] [] [] INFO  - Multiple Spring Data modules found, entering strict repository configuration mode
2026-08-12 09:41:15 [] [] [] INFO  - Bootstrapping Spring Data JPA repositories in DEFAULT mode.
2026-08-12 09:41:16 [] [] [] INFO  - Finished Spring Data repository scanning in 69 ms. Found 2 JPA repository interfaces.
2026-08-12 09:41:16 [] [] [] INFO  - Multiple Spring Data modules found, entering strict repository configuration mode
2026-08-12 09:41:16 [] [] [] INFO  - Bootstrapping Spring Data Redis repositories in DEFAULT mode.
2026-08-12 09:41:16 [] [] [] INFO  - Spring Data Redis - Could not safely identify store assignment for repository candidate interface com.example.studentsmanagement.Repository.StudentRepository; If you want this repository to be a Redis repository, consider annotating your entities with one of these annotations: org.springframework.data.redis.core.RedisHash (preferred), or consider extending one of the following types with your repository: org.springframework.data.keyvalue.repository.KeyValueRepository
2026-08-12 09:41:16 [] [] [] INFO  - Spring Data Redis - Could not safely identify store assignment for repository candidate interface com.example.studentsmanagement.Repository.UserRepository; If you want this repository to be a Redis repository, consider annotating your entities with one of these annotations: org.springframework.data.redis.core.RedisHash (preferred), or consider extending one of the following types with your repository: org.springframework.data.keyvalue.repository.KeyValueRepository
2026-08-12 09:41:16 [] [] [] INFO  - Finished Spring Data repository scanning in 2 ms. Found 0 Redis repository interfaces.
2026-08-12 09:41:16 [] [] [] INFO  - BeanFactory id=1d4f5a66-3b9e-3274-ad5b-07b4335b30e4
2026-08-12 09:41:16 [] [] [] INFO  - Tomcat initialized with port 8080 (http)
2026-08-12 09:41:16 [] [] [] INFO  - Root WebApplicationContext: initialization completed in 96107 ms
2026-08-12 09:41:16 [] [] [] INFO  - HHH008540: Processing PersistenceUnitInfo [name: default]
2026-08-12 09:41:16 [] [] [] INFO  - HHH000001: Hibernate ORM core version 7.4.1.Final
2026-08-12 09:41:16 [] [] [] INFO  - No LoadTimeWeaver setup: ignoring JPA class transformer
2026-08-12 09:41:16 [] [] [] INFO  - HikariPool-1 - Starting...
2026-08-12 09:41:16 [] [] [] INFO  - HikariPool-1 - Added connection ConnectionID:1 ClientConnectionId: 274ebaf2-2d35-4cdb-ae23-e9abf25b902a
2026-08-12 09:41:16 [] [] [] INFO  - HikariPool-1 - Start completed.
2026-08-12 09:41:16 [] [] [] INFO  - HHH10001005: Database info:
	Database JDBC URL [jdbc:sqlserver://localhost:1433;connectRetryInterval=10;connectRetryCount=1;maxResultBuffer=-1;sendTemporalDataTypesAsStringForBulkCopy=true;delayLoadingLobs=true;useFmtOnly=false;cacheBulkCopyMetadata=false;useBulkCopyForBatchInsert=false;cancelQueryTimeout=-1;sslProtocol=TLS;calcBigDecimalPrecision=false;useDefaultJaasConfig=false;jaasConfigurationName=SQLJDBCDriver;statementPoolingCacheSize=0;serverPreparedStatementDiscardThreshold=10;enablePrepareOnFirstPreparedStatementCall=false;fips=false;socketTimeout=0;authentication=NotSpecified;authenticationScheme=nativeAuthentication;xopenStates=false;datetimeParameterType=datetime2;sendTimeAsDatetime=true;replication=false;trustStoreType=JKS;trustServerCertificate=true;TransparentNetworkIPResolution=true;iPAddressPreference=IPv4First;serverNameAsACE=false;sendStringParametersAsUnicode=true;selectMethod=direct;responseBuffering=adaptive;queryTimeout=-1;packetSize=8000;multiSubnetFailover=false;loginTimeout=30;lockTimeout=-1;lastUpdateCount=true;useFlexibleCallableStatements=true;useDefaultGSSCredential=false;prepareMethod=prepexec;encrypt=true;disableStatementPooling=true;databaseName=students_management;columnEncryptionSetting=Disabled;applicationName=Microsoft JDBC Driver for SQL Server;applicationIntent=readwrite;]
	Database driver: Microsoft JDBC Driver 12.8 for SQL Server
	Database dialect: SQLServerDialect
	Database version: 16.0
	Default catalog/schema: students_management/dbo
	Autocommit mode: undefined/unknown
	Isolation level: READ_COMMITTED [default READ_COMMITTED]
	JDBC fetch size: 128
	Pool: DataSourceConnectionProvider
	Minimum pool size: undefined/unknown
	Maximum pool size: undefined/unknown
2026-08-12 09:41:17 [] [] [] INFO  - HHH000489: No JTA platform available (set 'hibernate.transaction.jta.platform' to enable JTA platform integration)
2026-08-12 09:41:17 [] [] [] INFO  - Initialized JPA EntityManagerFactory for persistence unit 'default'
2026-08-12 09:41:17 [] [] [] INFO  - Hibernate is in classpath; If applicable, HQL parser will be used.
2026-08-12 09:41:17 [] [] [] INFO  - Global AuthenticationManager configured with UserDetailsService bean with name customUserDetailsService
2026-08-12 09:41:18 [] [] [] INFO  - Exposing 1 endpoint beneath base path '/actuator'
2026-08-12 09:41:18 [] [] [] INFO  - Tomcat started on port 8080 (http) with context path '/'
2026-08-12 09:41:18 [] [] [] INFO  - Started StudentManagementApplication in 98.329 seconds (process running for 99.039)
2026-08-12 09:41:18 [] [] [] INFO  - Commencing graceful shutdown. Waiting for active requests to complete
2026-08-12 09:41:18 [] [] [] INFO  - Graceful shutdown complete
2026-08-12 09:41:18 [] [] [] INFO  - Closing JPA EntityManagerFactory for persistence unit 'default'
2026-08-12 09:41:18 [] [] [] INFO  - HikariPool-1 - Shutdown initiated...
2026-08-12 09:41:18 [] [] [] INFO  - HikariPool-1 - Shutdown completed.
2026-08-12 09:47:40 [] [] [] INFO  - Starting StudentManagementApplication using Java 26.0.2 with PID 42118 (/Users/ewent/Documents/Programmer/Java (Spring boot)/StudentManagement/StudentManagement/target/classes started by ewent in /Users/ewent/Documents/Programmer/Java (Spring boot)/StudentManagement/StudentManagement)
2026-08-12 09:47:40 [] [] [] INFO  - No active profile set, falling back to 1 default profile: "default"
2026-08-12 09:47:40 [] [] [] INFO  - HV000001: Hibernate Validator 9.1.0.Final
2026-08-12 09:47:41 [] [] [] INFO  - Multiple Spring Data modules found, entering strict repository configuration mode
2026-08-12 09:47:41 [] [] [] INFO  - Bootstrapping Spring Data JPA repositories in DEFAULT mode.
2026-08-12 09:47:41 [] [] [] INFO  - Finished Spring Data repository scanning in 81 ms. Found 2 JPA repository interfaces.
2026-08-12 09:47:41 [] [] [] INFO  - Multiple Spring Data modules found, entering strict repository configuration mode
2026-08-12 09:47:41 [] [] [] INFO  - Bootstrapping Spring Data Redis repositories in DEFAULT mode.
2026-08-12 09:47:41 [] [] [] INFO  - Spring Data Redis - Could not safely identify store assignment for repository candidate interface com.example.studentsmanagement.Repository.StudentRepository; If you want this repository to be a Redis repository, consider annotating your entities with one of these annotations: org.springframework.data.redis.core.RedisHash (preferred), or consider extending one of the following types with your repository: org.springframework.data.keyvalue.repository.KeyValueRepository
2026-08-12 09:47:41 [] [] [] INFO  - Spring Data Redis - Could not safely identify store assignment for repository candidate interface com.example.studentsmanagement.Repository.UserRepository; If you want this repository to be a Redis repository, consider annotating your entities with one of these annotations: org.springframework.data.redis.core.RedisHash (preferred), or consider extending one of the following types with your repository: org.springframework.data.keyvalue.repository.KeyValueRepository
2026-08-12 09:47:41 [] [] [] INFO  - Finished Spring Data repository scanning in 2 ms. Found 0 Redis repository interfaces.
2026-08-12 09:47:41 [] [] [] INFO  - BeanFactory id=1d4f5a66-3b9e-3274-ad5b-07b4335b30e4
2026-08-12 09:47:41 [] [] [] INFO  - Tomcat initialized with port 8080 (http)
2026-08-12 09:47:41 [] [] [] INFO  - Initializing ProtocolHandler ["http-nio-8080"]
2026-08-12 09:47:41 [] [] [] INFO  - Starting service [Tomcat]
2026-08-12 09:47:41 [] [] [] INFO  - Starting Servlet engine: [Apache Tomcat/11.0.22]
2026-08-12 09:47:41 [] [] [] INFO  - Root WebApplicationContext: initialization completed in 863 ms
2026-08-12 09:47:41 [] [] [] INFO  - HHH008540: Processing PersistenceUnitInfo [name: default]
2026-08-12 09:47:41 [] [] [] INFO  - HHH000001: Hibernate ORM core version 7.4.1.Final
2026-08-12 09:47:42 [] [] [] INFO  - No LoadTimeWeaver setup: ignoring JPA class transformer
2026-08-12 09:47:42 [] [] [] INFO  - HikariPool-1 - Starting...
2026-08-12 09:47:42 [] [] [] INFO  - HikariPool-1 - Added connection ConnectionID:1 ClientConnectionId: c77e220e-a08e-4654-bfd5-7d60ec0a75c9
2026-08-12 09:47:42 [] [] [] INFO  - HikariPool-1 - Start completed.
2026-08-12 09:47:42 [] [] [] INFO  - HHH10001005: Database info:
	Database JDBC URL [jdbc:sqlserver://localhost:1433;connectRetryInterval=10;connectRetryCount=1;maxResultBuffer=-1;sendTemporalDataTypesAsStringForBulkCopy=true;delayLoadingLobs=true;useFmtOnly=false;cacheBulkCopyMetadata=false;useBulkCopyForBatchInsert=false;cancelQueryTimeout=-1;sslProtocol=TLS;calcBigDecimalPrecision=false;useDefaultJaasConfig=false;jaasConfigurationName=SQLJDBCDriver;statementPoolingCacheSize=0;serverPreparedStatementDiscardThreshold=10;enablePrepareOnFirstPreparedStatementCall=false;fips=false;socketTimeout=0;authentication=NotSpecified;authenticationScheme=nativeAuthentication;xopenStates=false;datetimeParameterType=datetime2;sendTimeAsDatetime=true;replication=false;trustStoreType=JKS;trustServerCertificate=true;TransparentNetworkIPResolution=true;iPAddressPreference=IPv4First;serverNameAsACE=false;sendStringParametersAsUnicode=true;selectMethod=direct;responseBuffering=adaptive;queryTimeout=-1;packetSize=8000;multiSubnetFailover=false;loginTimeout=30;lockTimeout=-1;lastUpdateCount=true;useFlexibleCallableStatements=true;useDefaultGSSCredential=false;prepareMethod=prepexec;encrypt=true;disableStatementPooling=true;databaseName=students_management;columnEncryptionSetting=Disabled;applicationName=Microsoft JDBC Driver for SQL Server;applicationIntent=readwrite;]
	Database driver: Microsoft JDBC Driver 12.8 for SQL Server
	Database dialect: SQLServerDialect
	Database version: 16.0
	Default catalog/schema: students_management/dbo
	Autocommit mode: undefined/unknown
	Isolation level: READ_COMMITTED [default READ_COMMITTED]
	JDBC fetch size: 128
	Pool: DataSourceConnectionProvider
	Minimum pool size: undefined/unknown
	Maximum pool size: undefined/unknown
2026-08-12 09:47:42 [] [] [] INFO  - HHH000489: No JTA platform available (set 'hibernate.transaction.jta.platform' to enable JTA platform integration)
2026-08-12 09:47:42 [] [] [] INFO  - Initialized JPA EntityManagerFactory for persistence unit 'default'
2026-08-12 09:47:42 [] [] [] INFO  - Hibernate is in classpath; If applicable, HQL parser will be used.
2026-08-12 09:47:43 [] [] [] INFO  - Global AuthenticationManager configured with UserDetailsService bean with name customUserDetailsService
2026-08-12 09:47:43 [] [] [] INFO  - Exposing 1 endpoint beneath base path '/actuator'
2026-08-12 09:47:43 [] [] [] INFO  - Starting ProtocolHandler ["http-nio-8080"]
2026-08-12 09:47:43 [] [] [] INFO  - Tomcat started on port 8080 (http) with context path '/'
2026-08-12 09:47:43 [] [] [] INFO  - Started StudentManagementApplication in 3.346 seconds (process running for 4.021)
2026-08-12 09:47:49 [] [] [] INFO  - Initializing Spring DispatcherServlet 'dispatcherServlet'
2026-08-12 09:47:49 [] [] [] INFO  - Initializing Servlet 'dispatcherServlet'
2026-08-12 09:47:49 [] [] [] INFO  - Completed initialization in 1 ms
2026-08-12 09:47:49 [E51806E4] [POST /api/telegram/send] [84ms] INFO  - === Extracted username: freshAdmin7
2026-08-12 09:47:50 [E51806E4] [POST /api/telegram/send] [328ms] INFO  - === Loaded userDetails: {"userInfo":{"id":8,"password":"$2a$10$9Y2El.fRpjCcIkA.WT5W5eXd5XoLmTUAn.8brntWDnWd1LjnqlzWe","role":"Admin","username":"freshAdmin7"},"accountNonExpired":true,"accountNonLocked":true,"authorities":[{"authority":"ROLE_Admin"}],"credentialsNonExpired":true,"enabled":true,"password":"$2a$10$9Y2El.fRpjCcIkA.WT5W5eXd5XoLmTUAn.8brntWDnWd1LjnqlzWe","username":"freshAdmin7"}
2026-08-12 09:47:50 [E51806E4] [POST /api/telegram/send] [328ms] INFO  - === Token valid? true
2026-08-12 09:47:50 [E51806E4] [POST /api/telegram/send] [330ms] INFO  - === Authentication SET in context
2026-08-12 09:47:51 [E51806E4] [POST /api/telegram/send] [1512ms] INFO  - Request completed - status=200
2026-08-12 09:50:38 [] [] [] INFO  - Commencing graceful shutdown. Waiting for active requests to complete
2026-08-12 09:50:38 [] [] [] INFO  - Graceful shutdown complete
2026-08-12 09:50:38 [] [] [] INFO  - Closing JPA EntityManagerFactory for persistence unit 'default'
2026-08-12 09:50:38 [] [] [] INFO  - HikariPool-1 - Shutdown initiated...
2026-08-12 09:50:38 [] [] [] INFO  - HikariPool-1 - Shutdown completed.
2026-08-12 09:50:41 [] [] [] INFO  - Starting StudentManagementApplication using Java 26.0.2 with PID 42304 (/Users/ewent/Documents/Programmer/Java (Spring boot)/StudentManagement/StudentManagement/target/classes started by ewent in /Users/ewent/Documents/Programmer/Java (Spring boot)/StudentManagement/StudentManagement)
2026-08-12 09:50:41 [] [] [] INFO  - No active profile set, falling back to 1 default profile: "default"
2026-08-12 09:50:41 [] [] [] INFO  - HV000001: Hibernate Validator 9.1.0.Final
2026-08-12 09:50:41 [] [] [] INFO  - Multiple Spring Data modules found, entering strict repository configuration mode
2026-08-12 09:50:41 [] [] [] INFO  - Bootstrapping Spring Data JPA repositories in DEFAULT mode.
2026-08-12 09:50:41 [] [] [] INFO  - Finished Spring Data repository scanning in 78 ms. Found 2 JPA repository interfaces.
2026-08-12 09:50:41 [] [] [] INFO  - Multiple Spring Data modules found, entering strict repository configuration mode
2026-08-12 09:50:41 [] [] [] INFO  - Bootstrapping Spring Data Redis repositories in DEFAULT mode.
2026-08-12 09:50:41 [] [] [] INFO  - Spring Data Redis - Could not safely identify store assignment for repository candidate interface com.example.studentsmanagement.Repository.StudentRepository; If you want this repository to be a Redis repository, consider annotating your entities with one of these annotations: org.springframework.data.redis.core.RedisHash (preferred), or consider extending one of the following types with your repository: org.springframework.data.keyvalue.repository.KeyValueRepository
2026-08-12 09:50:41 [] [] [] INFO  - Spring Data Redis - Could not safely identify store assignment for repository candidate interface com.example.studentsmanagement.Repository.UserRepository; If you want this repository to be a Redis repository, consider annotating your entities with one of these annotations: org.springframework.data.redis.core.RedisHash (preferred), or consider extending one of the following types with your repository: org.springframework.data.keyvalue.repository.KeyValueRepository
2026-08-12 09:50:41 [] [] [] INFO  - Finished Spring Data repository scanning in 3 ms. Found 0 Redis repository interfaces.
2026-08-12 09:50:41 [] [] [] INFO  - BeanFactory id=1d4f5a66-3b9e-3274-ad5b-07b4335b30e4
2026-08-12 09:50:41 [] [] [] INFO  - Tomcat initialized with port 8080 (http)
2026-08-12 09:50:41 [] [] [] INFO  - Initializing ProtocolHandler ["http-nio-8080"]
2026-08-12 09:50:41 [] [] [] INFO  - Starting service [Tomcat]
2026-08-12 09:50:41 [] [] [] INFO  - Starting Servlet engine: [Apache Tomcat/11.0.22]
2026-08-12 09:50:41 [] [] [] INFO  - Root WebApplicationContext: initialization completed in 855 ms
2026-08-12 09:50:42 [] [] [] INFO  - HHH008540: Processing PersistenceUnitInfo [name: default]
2026-08-12 09:50:42 [] [] [] INFO  - HHH000001: Hibernate ORM core version 7.4.1.Final
2026-08-12 09:50:42 [] [] [] INFO  - No LoadTimeWeaver setup: ignoring JPA class transformer
2026-08-12 09:50:42 [] [] [] INFO  - HikariPool-1 - Starting...
2026-08-12 09:50:42 [] [] [] INFO  - HikariPool-1 - Added connection ConnectionID:1 ClientConnectionId: 955e4d6b-0320-40ae-87cc-5696cc2af208
2026-08-12 09:50:42 [] [] [] INFO  - HikariPool-1 - Start completed.
2026-08-12 09:50:42 [] [] [] INFO  - HHH10001005: Database info:
	Database JDBC URL [jdbc:sqlserver://localhost:1433;connectRetryInterval=10;connectRetryCount=1;maxResultBuffer=-1;sendTemporalDataTypesAsStringForBulkCopy=true;delayLoadingLobs=true;useFmtOnly=false;cacheBulkCopyMetadata=false;useBulkCopyForBatchInsert=false;cancelQueryTimeout=-1;sslProtocol=TLS;calcBigDecimalPrecision=false;useDefaultJaasConfig=false;jaasConfigurationName=SQLJDBCDriver;statementPoolingCacheSize=0;serverPreparedStatementDiscardThreshold=10;enablePrepareOnFirstPreparedStatementCall=false;fips=false;socketTimeout=0;authentication=NotSpecified;authenticationScheme=nativeAuthentication;xopenStates=false;datetimeParameterType=datetime2;sendTimeAsDatetime=true;replication=false;trustStoreType=JKS;trustServerCertificate=true;TransparentNetworkIPResolution=true;iPAddressPreference=IPv4First;serverNameAsACE=false;sendStringParametersAsUnicode=true;selectMethod=direct;responseBuffering=adaptive;queryTimeout=-1;packetSize=8000;multiSubnetFailover=false;loginTimeout=30;lockTimeout=-1;lastUpdateCount=true;useFlexibleCallableStatements=true;useDefaultGSSCredential=false;prepareMethod=prepexec;encrypt=true;disableStatementPooling=true;databaseName=students_management;columnEncryptionSetting=Disabled;applicationName=Microsoft JDBC Driver for SQL Server;applicationIntent=readwrite;]
	Database driver: Microsoft JDBC Driver 12.8 for SQL Server
	Database dialect: SQLServerDialect
	Database version: 16.0
	Default catalog/schema: students_management/dbo
	Autocommit mode: undefined/unknown
	Isolation level: READ_COMMITTED [default READ_COMMITTED]
	JDBC fetch size: 128
	Pool: DataSourceConnectionProvider
	Minimum pool size: undefined/unknown
	Maximum pool size: undefined/unknown
2026-08-12 09:50:43 [] [] [] INFO  - HHH000489: No JTA platform available (set 'hibernate.transaction.jta.platform' to enable JTA platform integration)
2026-08-12 09:50:43 [] [] [] INFO  - Initialized JPA EntityManagerFactory for persistence unit 'default'
2026-08-12 09:50:43 [] [] [] INFO  - Hibernate is in classpath; If applicable, HQL parser will be used.
2026-08-12 09:50:43 [] [] [] INFO  - Global AuthenticationManager configured with UserDetailsService bean with name customUserDetailsService
2026-08-12 09:50:44 [] [] [] INFO  - Exposing 1 endpoint beneath base path '/actuator'
2026-08-12 09:50:44 [] [] [] INFO  - Starting ProtocolHandler ["http-nio-8080"]
2026-08-12 09:50:44 [] [] [] INFO  - Tomcat started on port 8080 (http) with context path '/'
2026-08-12 09:50:44 [] [] [] INFO  - Started StudentManagementApplication in 3.356 seconds (process running for 3.754)
2026-08-12 09:51:02 [] [] [] INFO  - Initializing Spring DispatcherServlet 'dispatcherServlet'
2026-08-12 09:51:02 [] [] [] INFO  - Initializing Servlet 'dispatcherServlet'
2026-08-12 09:51:02 [] [] [] INFO  - Completed initialization in 1 ms
2026-08-12 09:51:02 [1FDA0CB4] [POST /api/telegram/send] [50ms] INFO  - === Extracted username: freshAdmin7
2026-08-12 09:51:02 [1FDA0CB4] [POST /api/telegram/send] [305ms] INFO  - === Loaded userDetails: {"userInfo":{"id":8,"password":"$2a$10$9Y2El.fRpjCcIkA.WT5W5eXd5XoLmTUAn.8brntWDnWd1LjnqlzWe","role":"Admin","username":"freshAdmin7"},"accountNonExpired":true,"accountNonLocked":true,"authorities":[{"authority":"ROLE_Admin"}],"credentialsNonExpired":true,"enabled":true,"password":"$2a$10$9Y2El.fRpjCcIkA.WT5W5eXd5XoLmTUAn.8brntWDnWd1LjnqlzWe","username":"freshAdmin7"}
2026-08-12 09:51:02 [1FDA0CB4] [POST /api/telegram/send] [306ms] INFO  - === Token valid? true
2026-08-12 09:51:02 [1FDA0CB4] [POST /api/telegram/send] [307ms] INFO  - === Authentication SET in context
2026-08-12 09:51:03 [1FDA0CB4] [POST /api/telegram/send] [1516ms] INFO  - Request completed - status=200
2026-08-12 09:51:11 [F54D9B84] [POST /api/telegram/send] [1ms] INFO  - === Extracted username: freshAdmin7
2026-08-12 09:51:11 [F54D9B84] [POST /api/telegram/send] [11ms] INFO  - === Loaded userDetails: {"userInfo":{"id":8,"password":"$2a$10$9Y2El.fRpjCcIkA.WT5W5eXd5XoLmTUAn.8brntWDnWd1LjnqlzWe","role":"Admin","username":"freshAdmin7"},"accountNonExpired":true,"accountNonLocked":true,"authorities":[{"authority":"ROLE_Admin"}],"credentialsNonExpired":true,"enabled":true,"password":"$2a$10$9Y2El.fRpjCcIkA.WT5W5eXd5XoLmTUAn.8brntWDnWd1LjnqlzWe","username":"freshAdmin7"}
2026-08-12 09:51:11 [F54D9B84] [POST /api/telegram/send] [11ms] INFO  - === Token valid? true
2026-08-12 09:51:11 [F54D9B84] [POST /api/telegram/send] [11ms] INFO  - === Authentication SET in context
2026-08-12 09:51:11 [F54D9B84] [POST /api/telegram/send] [24ms] INFO  - Request completed - status=400
