2026-08-11 09:42:47 [] [] INFO  - Commencing graceful shutdown. Waiting for active requests to complete
2026-08-11 09:42:47 [] [] INFO  - Graceful shutdown complete
2026-08-11 09:42:47 [] [] INFO  - Closing JPA EntityManagerFactory for persistence unit 'default'
2026-08-11 09:42:47 [] [] INFO  - HikariPool-1 - Shutdown initiated...
2026-08-11 09:42:47 [] [] INFO  - HikariPool-1 - Shutdown completed.
2026-08-11 09:44:08 [] [] INFO  - Starting StudentManagementApplication using Java 26.0.2 with PID 1854 (/Users/ewent/Documents/Programmer/Java (Spring boot)/StudentManagement/StudentManagement/target/classes started by ewent in /Users/ewent/Documents/Programmer/Java (Spring boot)/StudentManagement/StudentManagement)
2026-08-11 09:44:08 [] [] INFO  - No active profile set, falling back to 1 default profile: "default"
2026-08-11 09:44:08 [] [] INFO  - HV000001: Hibernate Validator 9.1.0.Final
2026-08-11 09:44:09 [] [] INFO  - Bootstrapping Spring Data JPA repositories in DEFAULT mode.
2026-08-11 09:44:09 [] [] INFO  - Finished Spring Data repository scanning in 16 ms. Found 2 JPA repository interfaces.
2026-08-11 09:44:09 [] [] INFO  - BeanFactory id=338025d5-5fb0-362a-8af1-5189d372b08c
2026-08-11 09:44:09 [] [] INFO  - Tomcat initialized with port 8080 (http)
2026-08-11 09:44:09 [] [] INFO  - Initializing ProtocolHandler ["http-nio-8080"]
2026-08-11 09:44:09 [] [] INFO  - Starting service [Tomcat]
2026-08-11 09:44:09 [] [] INFO  - Starting Servlet engine: [Apache Tomcat/11.0.22]
2026-08-11 09:44:09 [] [] INFO  - Root WebApplicationContext: initialization completed in 515 ms
2026-08-11 09:44:09 [] [] INFO  - HHH008540: Processing PersistenceUnitInfo [name: default]
2026-08-11 09:44:09 [] [] INFO  - HHH000001: Hibernate ORM core version 7.4.1.Final
2026-08-11 09:44:09 [] [] INFO  - No LoadTimeWeaver setup: ignoring JPA class transformer
2026-08-11 09:44:09 [] [] INFO  - HikariPool-1 - Starting...
2026-08-11 09:44:09 [] [] INFO  - HikariPool-1 - Added connection ConnectionID:1 ClientConnectionId: 6d75e03c-5610-43d0-af9a-cacdf62c2a3c
2026-08-11 09:44:09 [] [] INFO  - HikariPool-1 - Start completed.
2026-08-11 09:44:09 [] [] INFO  - HHH10001005: Database info:
	Database JDBC URL [jdbc:sqlserver://localhost:1433;connectRetryInterval=10;connectRetryCount=1;maxResultBuffer=-1;sendTemporalDataTypesAsStringForBulkCopy=true;delayLoadingLobs=true;useFmtOnly=false;cacheBulkCopyMetadata=false;useBulkCopyForBatchInsert=false;cancelQueryTimeout=-1;sslProtocol=TLS;calcBigDecimalPrecision=false;useDefaultJaasConfig=false;jaasConfigurationName=SQLJDBCDriver;statementPoolingCacheSize=0;serverPreparedStatementDiscardThreshold=10;enablePrepareOnFirstPreparedStatementCall=false;fips=false;socketTimeout=0;authentication=NotSpecified;authenticationScheme=nativeAuthentication;xopenStates=false;datetimeParameterType=datetime2;sendTimeAsDatetime=true;replication=false;trustStoreType=JKS;trustServerCertificate=true;TransparentNetworkIPResolution=true;iPAddressPreference=IPv4First;serverNameAsACE=false;sendStringParametersAsUnicode=true;selectMethod=direct;responseBuffering=adaptive;queryTimeout=-1;packetSize=8000;multiSubnetFailover=false;loginTimeout=30;lockTimeout=-1;lastUpdateCount=true;useFlexibleCallableStatements=true;useDefaultGSSCredential=false;prepareMethod=prepexec;encrypt=true;disableStatementPooling=true;databaseName=students_management;columnEncryptionSetting=Disabled;applicationName=Microsoft JDBC Driver for SQL Server;applicationIntent=readwrite;]
	Database driver: Microsoft JDBC Driver 12.8 for SQL Server
	Database dialect: SQLServerDialect
	Database version: 16.0
	Default catalog/schema: students_management/dbo
	Autocommit mode: undefined/unknown
	Isolation level: READ_COMMITTED [default READ_COMMITTED]
	JDBC fetch size: 128
	Pool: DataSourceConnectionProvider
	Minimum pool size: undefined/unknown
	Maximum pool size: undefined/unknown
2026-08-11 09:44:10 [] [] INFO  - HHH000489: No JTA platform available (set 'hibernate.transaction.jta.platform' to enable JTA platform integration)
2026-08-11 09:44:10 [] [] INFO  - Initialized JPA EntityManagerFactory for persistence unit 'default'
2026-08-11 09:44:10 [] [] INFO  - Hibernate is in classpath; If applicable, HQL parser will be used.
2026-08-11 09:44:10 [] [] INFO  - Global AuthenticationManager configured with UserDetailsService bean with name customUserDetailsService
2026-08-11 09:44:10 [] [] INFO  - Starting ProtocolHandler ["http-nio-8080"]
2026-08-11 09:44:10 [] [] INFO  - Tomcat started on port 8080 (http) with context path '/'
2026-08-11 09:44:10 [] [] INFO  - Started StudentManagementApplication in 2.362 seconds (process running for 2.609)
2026-08-11 09:53:59 [] [] INFO  - Commencing graceful shutdown. Waiting for active requests to complete
2026-08-11 09:53:59 [] [] INFO  - Graceful shutdown complete
2026-08-11 09:53:59 [] [] INFO  - Closing JPA EntityManagerFactory for persistence unit 'default'
2026-08-11 09:53:59 [] [] INFO  - HikariPool-1 - Shutdown initiated...
2026-08-11 09:53:59 [] [] INFO  - HikariPool-1 - Shutdown completed.
2026-08-11 09:54:00 [] [] INFO  - Starting StudentManagementApplication using Java 26.0.2 with PID 2097 (/Users/ewent/Documents/Programmer/Java (Spring boot)/StudentManagement/StudentManagement/target/classes started by ewent in /Users/ewent/Documents/Programmer/Java (Spring boot)/StudentManagement/StudentManagement)
2026-08-11 09:54:00 [] [] INFO  - No active profile set, falling back to 1 default profile: "default"
2026-08-11 09:54:00 [] [] INFO  - HV000001: Hibernate Validator 9.1.0.Final
2026-08-11 09:54:01 [] [] INFO  - Bootstrapping Spring Data JPA repositories in DEFAULT mode.
2026-08-11 09:54:01 [] [] INFO  - Finished Spring Data repository scanning in 19 ms. Found 2 JPA repository interfaces.
2026-08-11 09:54:01 [] [] INFO  - BeanFactory id=338025d5-5fb0-362a-8af1-5189d372b08c
2026-08-11 09:54:01 [] [] INFO  - Tomcat initialized with port 8080 (http)
2026-08-11 09:54:01 [] [] INFO  - Initializing ProtocolHandler ["http-nio-8080"]
2026-08-11 09:54:01 [] [] INFO  - Starting service [Tomcat]
2026-08-11 09:54:01 [] [] INFO  - Starting Servlet engine: [Apache Tomcat/11.0.22]
2026-08-11 09:54:01 [] [] INFO  - Root WebApplicationContext: initialization completed in 671 ms
2026-08-11 09:54:01 [] [] INFO  - HHH008540: Processing PersistenceUnitInfo [name: default]
2026-08-11 09:54:01 [] [] INFO  - HHH000001: Hibernate ORM core version 7.4.1.Final
2026-08-11 09:54:01 [] [] INFO  - No LoadTimeWeaver setup: ignoring JPA class transformer
2026-08-11 09:54:01 [] [] INFO  - HikariPool-1 - Starting...
2026-08-11 09:54:02 [] [] INFO  - HikariPool-1 - Added connection ConnectionID:1 ClientConnectionId: 8ae1366f-729e-4a94-bf97-0a9f9acb42ee
2026-08-11 09:54:02 [] [] INFO  - HikariPool-1 - Start completed.
2026-08-11 09:54:02 [] [] INFO  - HHH10001005: Database info:
	Database JDBC URL [jdbc:sqlserver://localhost:1433;connectRetryInterval=10;connectRetryCount=1;maxResultBuffer=-1;sendTemporalDataTypesAsStringForBulkCopy=true;delayLoadingLobs=true;useFmtOnly=false;cacheBulkCopyMetadata=false;useBulkCopyForBatchInsert=false;cancelQueryTimeout=-1;sslProtocol=TLS;calcBigDecimalPrecision=false;useDefaultJaasConfig=false;jaasConfigurationName=SQLJDBCDriver;statementPoolingCacheSize=0;serverPreparedStatementDiscardThreshold=10;enablePrepareOnFirstPreparedStatementCall=false;fips=false;socketTimeout=0;authentication=NotSpecified;authenticationScheme=nativeAuthentication;xopenStates=false;datetimeParameterType=datetime2;sendTimeAsDatetime=true;replication=false;trustStoreType=JKS;trustServerCertificate=true;TransparentNetworkIPResolution=true;iPAddressPreference=IPv4First;serverNameAsACE=false;sendStringParametersAsUnicode=true;selectMethod=direct;responseBuffering=adaptive;queryTimeout=-1;packetSize=8000;multiSubnetFailover=false;loginTimeout=30;lockTimeout=-1;lastUpdateCount=true;useFlexibleCallableStatements=true;useDefaultGSSCredential=false;prepareMethod=prepexec;encrypt=true;disableStatementPooling=true;databaseName=students_management;columnEncryptionSetting=Disabled;applicationName=Microsoft JDBC Driver for SQL Server;applicationIntent=readwrite;]
	Database driver: Microsoft JDBC Driver 12.8 for SQL Server
	Database dialect: SQLServerDialect
	Database version: 16.0
	Default catalog/schema: students_management/dbo
	Autocommit mode: undefined/unknown
	Isolation level: READ_COMMITTED [default READ_COMMITTED]
	JDBC fetch size: 128
	Pool: DataSourceConnectionProvider
	Minimum pool size: undefined/unknown
	Maximum pool size: undefined/unknown
2026-08-11 09:54:03 [] [] INFO  - HHH000489: No JTA platform available (set 'hibernate.transaction.jta.platform' to enable JTA platform integration)
2026-08-11 09:54:03 [] [] INFO  - Initialized JPA EntityManagerFactory for persistence unit 'default'
2026-08-11 09:54:03 [] [] INFO  - Hibernate is in classpath; If applicable, HQL parser will be used.
2026-08-11 09:54:08 [] [] INFO  - Global AuthenticationManager configured with UserDetailsService bean with name customUserDetailsService
2026-08-11 09:54:08 [] [] INFO  - Starting ProtocolHandler ["http-nio-8080"]
2026-08-11 09:54:08 [] [] INFO  - Tomcat started on port 8080 (http) with context path '/'
2026-08-11 09:54:08 [] [] INFO  - Started StudentManagementApplication in 7.963 seconds (process running for 8.417)
2026-08-11 09:54:09 [] [] INFO  - Initializing Spring DispatcherServlet 'dispatcherServlet'
2026-08-11 09:54:09 [] [] INFO  - Initializing Servlet 'dispatcherServlet'
2026-08-11 09:54:09 [] [] INFO  - Completed initialization in 1 ms
2026-08-11 09:54:09 [AB3A804E] [POST /auth/login] INFO  - === No valid Bearer header, skipping auth
2026-08-11 09:57:32 [] [] INFO  - Commencing graceful shutdown. Waiting for active requests to complete
2026-08-11 09:57:32 [] [] INFO  - Graceful shutdown complete
2026-08-11 09:57:32 [] [] INFO  - Closing JPA EntityManagerFactory for persistence unit 'default'
2026-08-11 09:57:32 [] [] INFO  - HikariPool-1 - Shutdown initiated...
2026-08-11 09:57:32 [] [] INFO  - HikariPool-1 - Shutdown completed.
2026-08-11 09:57:34 [] [] INFO  - Starting StudentManagementApplication using Java 26.0.2 with PID 2196 (/Users/ewent/Documents/Programmer/Java (Spring boot)/StudentManagement/StudentManagement/target/classes started by ewent in /Users/ewent/Documents/Programmer/Java (Spring boot)/StudentManagement/StudentManagement)
2026-08-11 09:57:34 [] [] INFO  - No active profile set, falling back to 1 default profile: "default"
2026-08-11 09:57:34 [] [] INFO  - HV000001: Hibernate Validator 9.1.0.Final
2026-08-11 09:57:34 [] [] INFO  - Bootstrapping Spring Data JPA repositories in DEFAULT mode.
2026-08-11 09:57:34 [] [] INFO  - Finished Spring Data repository scanning in 15 ms. Found 2 JPA repository interfaces.
2026-08-11 09:57:34 [] [] INFO  - BeanFactory id=338025d5-5fb0-362a-8af1-5189d372b08c
2026-08-11 09:57:34 [] [] INFO  - Tomcat initialized with port 8080 (http)
2026-08-11 09:57:34 [] [] INFO  - Initializing ProtocolHandler ["http-nio-8080"]
2026-08-11 09:57:34 [] [] INFO  - Starting service [Tomcat]
2026-08-11 09:57:34 [] [] INFO  - Starting Servlet engine: [Apache Tomcat/11.0.22]
2026-08-11 09:57:34 [] [] INFO  - Root WebApplicationContext: initialization completed in 522 ms
2026-08-11 09:57:35 [] [] INFO  - HHH008540: Processing PersistenceUnitInfo [name: default]
2026-08-11 09:57:35 [] [] INFO  - HHH000001: Hibernate ORM core version 7.4.1.Final
2026-08-11 09:57:35 [] [] INFO  - No LoadTimeWeaver setup: ignoring JPA class transformer
2026-08-11 09:57:35 [] [] INFO  - HikariPool-1 - Starting...
2026-08-11 09:57:35 [] [] INFO  - HikariPool-1 - Added connection ConnectionID:1 ClientConnectionId: 1656675a-7863-49e2-aef0-cb6cfaa087c3
2026-08-11 09:57:35 [] [] INFO  - HikariPool-1 - Start completed.
2026-08-11 09:57:35 [] [] INFO  - HHH10001005: Database info:
	Database JDBC URL [jdbc:sqlserver://localhost:1433;connectRetryInterval=10;connectRetryCount=1;maxResultBuffer=-1;sendTemporalDataTypesAsStringForBulkCopy=true;delayLoadingLobs=true;useFmtOnly=false;cacheBulkCopyMetadata=false;useBulkCopyForBatchInsert=false;cancelQueryTimeout=-1;sslProtocol=TLS;calcBigDecimalPrecision=false;useDefaultJaasConfig=false;jaasConfigurationName=SQLJDBCDriver;statementPoolingCacheSize=0;serverPreparedStatementDiscardThreshold=10;enablePrepareOnFirstPreparedStatementCall=false;fips=false;socketTimeout=0;authentication=NotSpecified;authenticationScheme=nativeAuthentication;xopenStates=false;datetimeParameterType=datetime2;sendTimeAsDatetime=true;replication=false;trustStoreType=JKS;trustServerCertificate=true;TransparentNetworkIPResolution=true;iPAddressPreference=IPv4First;serverNameAsACE=false;sendStringParametersAsUnicode=true;selectMethod=direct;responseBuffering=adaptive;queryTimeout=-1;packetSize=8000;multiSubnetFailover=false;loginTimeout=30;lockTimeout=-1;lastUpdateCount=true;useFlexibleCallableStatements=true;useDefaultGSSCredential=false;prepareMethod=prepexec;encrypt=true;disableStatementPooling=true;databaseName=students_management;columnEncryptionSetting=Disabled;applicationName=Microsoft JDBC Driver for SQL Server;applicationIntent=readwrite;]
	Database driver: Microsoft JDBC Driver 12.8 for SQL Server
	Database dialect: SQLServerDialect
	Database version: 16.0
	Default catalog/schema: students_management/dbo
	Autocommit mode: undefined/unknown
	Isolation level: READ_COMMITTED [default READ_COMMITTED]
	JDBC fetch size: 128
	Pool: DataSourceConnectionProvider
	Minimum pool size: undefined/unknown
	Maximum pool size: undefined/unknown
2026-08-11 09:57:35 [] [] INFO  - HHH000489: No JTA platform available (set 'hibernate.transaction.jta.platform' to enable JTA platform integration)
2026-08-11 09:57:35 [] [] INFO  - Initialized JPA EntityManagerFactory for persistence unit 'default'
2026-08-11 09:57:35 [] [] INFO  - Hibernate is in classpath; If applicable, HQL parser will be used.
2026-08-11 09:57:36 [] [] INFO  - Global AuthenticationManager configured with UserDetailsService bean with name customUserDetailsService
2026-08-11 09:57:36 [] [] INFO  - Starting ProtocolHandler ["http-nio-8080"]
2026-08-11 09:57:36 [] [] INFO  - Tomcat started on port 8080 (http) with context path '/'
2026-08-11 09:57:36 [] [] INFO  - Started StudentManagementApplication in 2.236 seconds (process running for 2.472)
2026-08-11 09:58:08 [] [] INFO  - Initializing Spring DispatcherServlet 'dispatcherServlet'
2026-08-11 09:58:08 [] [] INFO  - Initializing Servlet 'dispatcherServlet'
2026-08-11 09:58:08 [] [] INFO  - Completed initialization in 2 ms
2026-08-11 09:58:08 [3939F704] [POST /auth/register] INFO  - === No valid Bearer header, skipping auth
2026-08-11 09:58:08 [3939F704] [POST /auth/register] INFO  - Register successful for username: freshAdmin6
2026-08-11 09:59:09 [22D65413] [POST /auth/login] INFO  - === No valid Bearer header, skipping auth
2026-08-11 09:59:11 [6728E097] [POST /auth/login] INFO  - === No valid Bearer header, skipping auth
2026-08-11 09:59:19 [9CE2AD11] [GET /test/protected] INFO  - === Extracted username: freshAdmin6
2026-08-11 09:59:19 [9CE2AD11] [GET /test/protected] INFO  - === Loaded userDetails: {"userInfo":{"id":7,"password":"$2a$10$ddehUUhvGFPkiEd95kDyBu8GBGj/mGItUrBMqLHxfqVJyCl3EoZY.","role":"Admin","username":"freshAdmin6"},"accountNonExpired":true,"accountNonLocked":true,"authorities":[{"authority":"ROLE_Admin"}],"credentialsNonExpired":true,"enabled":true,"password":"$2a$10$ddehUUhvGFPkiEd95kDyBu8GBGj/mGItUrBMqLHxfqVJyCl3EoZY.","username":"freshAdmin6"}
2026-08-11 09:59:19 [9CE2AD11] [GET /test/protected] INFO  - === Token valid? true
2026-08-11 09:59:19 [9CE2AD11] [GET /test/protected] INFO  - === Authentication SET in context
2026-08-11 09:59:40 [4BA4B080] [POST /student/create] INFO  - === Extracted username: freshAdmin6
2026-08-11 09:59:40 [4BA4B080] [POST /student/create] INFO  - === Loaded userDetails: {"userInfo":{"id":7,"password":"$2a$10$ddehUUhvGFPkiEd95kDyBu8GBGj/mGItUrBMqLHxfqVJyCl3EoZY.","role":"Admin","username":"freshAdmin6"},"accountNonExpired":true,"accountNonLocked":true,"authorities":[{"authority":"ROLE_Admin"}],"credentialsNonExpired":true,"enabled":true,"password":"$2a$10$ddehUUhvGFPkiEd95kDyBu8GBGj/mGItUrBMqLHxfqVJyCl3EoZY.","username":"freshAdmin6"}
2026-08-11 09:59:40 [4BA4B080] [POST /student/create] INFO  - === Token valid? true
2026-08-11 09:59:40 [4BA4B080] [POST /student/create] INFO  - === Authentication SET in context
